Archive member included to satisfy reference by file (symbol)

/home/rob/Projects/ChibiStudio/ChibiStudio_20/tools/GNU Tools ARM Embedded/9.2.1 2019q4/bin/../lib/gcc/arm-none-eabi/9.2.1/../../../../arm-none-eabi/lib/thumb/v7e-m/nofp/libg.a(lib_a-atoi.o)
                              ./build/obj/fs_helper.o (symbol from plugin) (atoi)
/home/rob/Projects/ChibiStudio/ChibiStudio_20/tools/GNU Tools ARM Embedded/9.2.1 2019q4/bin/../lib/gcc/arm-none-eabi/9.2.1/../../../../arm-none-eabi/lib/thumb/v7e-m/nofp/libg.a(lib_a-ctype_.o)
                              ./build/obj/chscanf.o (symbol from plugin) (_ctype_)
/home/rob/Projects/ChibiStudio/ChibiStudio_20/tools/GNU Tools ARM Embedded/9.2.1 2019q4/bin/../lib/gcc/arm-none-eabi/9.2.1/../../../../arm-none-eabi/lib/thumb/v7e-m/nofp/libg.a(lib_a-strtol.o)
                              /home/rob/Projects/ChibiStudio/ChibiStudio_20/tools/GNU Tools ARM Embedded/9.2.1 2019q4/bin/../lib/gcc/arm-none-eabi/9.2.1/../../../../arm-none-eabi/lib/thumb/v7e-m/nofp/libg.a(lib_a-atoi.o) (_strtol_r)
/home/rob/Projects/ChibiStudio/ChibiStudio_20/tools/GNU Tools ARM Embedded/9.2.1 2019q4/bin/../lib/gcc/arm-none-eabi/9.2.1/../../../../arm-none-eabi/lib/thumb/v7e-m/nofp/libg.a(lib_a-impure.o)
                              /home/rob/Projects/ChibiStudio/ChibiStudio_20/tools/GNU Tools ARM Embedded/9.2.1 2019q4/bin/../lib/gcc/arm-none-eabi/9.2.1/../../../../arm-none-eabi/lib/thumb/v7e-m/nofp/libg.a(lib_a-strtol.o) (_impure_ptr)
/home/rob/Projects/ChibiStudio/ChibiStudio_20/tools/GNU Tools ARM Embedded/9.2.1 2019q4/bin/../lib/gcc/arm-none-eabi/9.2.1/thumb/v7e-m/nofp/libgcc.a(_aeabi_ldivmod.o)
                              /tmp/ch.elf.zGGCRj.ltrans0.ltrans.o (__aeabi_ldivmod)
/home/rob/Projects/ChibiStudio/ChibiStudio_20/tools/GNU Tools ARM Embedded/9.2.1 2019q4/bin/../lib/gcc/arm-none-eabi/9.2.1/thumb/v7e-m/nofp/libgcc.a(_aeabi_uldivmod.o)
                              /tmp/ch.elf.zGGCRj.ltrans0.ltrans.o (__aeabi_uldivmod)
/home/rob/Projects/ChibiStudio/ChibiStudio_20/tools/GNU Tools ARM Embedded/9.2.1 2019q4/bin/../lib/gcc/arm-none-eabi/9.2.1/thumb/v7e-m/nofp/libgcc.a(_udivmoddi4.o)
                              /home/rob/Projects/ChibiStudio/ChibiStudio_20/tools/GNU Tools ARM Embedded/9.2.1 2019q4/bin/../lib/gcc/arm-none-eabi/9.2.1/thumb/v7e-m/nofp/libgcc.a(_aeabi_ldivmod.o) (__udivmoddi4)
/home/rob/Projects/ChibiStudio/ChibiStudio_20/tools/GNU Tools ARM Embedded/9.2.1 2019q4/bin/../lib/gcc/arm-none-eabi/9.2.1/thumb/v7e-m/nofp/libgcc.a(_dvmd_tls.o)
                              /home/rob/Projects/ChibiStudio/ChibiStudio_20/tools/GNU Tools ARM Embedded/9.2.1 2019q4/bin/../lib/gcc/arm-none-eabi/9.2.1/thumb/v7e-m/nofp/libgcc.a(_aeabi_ldivmod.o) (__aeabi_ldiv0)
/home/rob/Projects/ChibiStudio/ChibiStudio_20/tools/GNU Tools ARM Embedded/9.2.1 2019q4/bin/../lib/gcc/arm-none-eabi/9.2.1/../../../../arm-none-eabi/lib/thumb/v7e-m/nofp/libg.a(lib_a-memcpy.o)
                              /tmp/ch.elf.zGGCRj.ltrans0.ltrans.o (memcpy)
/home/rob/Projects/ChibiStudio/ChibiStudio_20/tools/GNU Tools ARM Embedded/9.2.1 2019q4/bin/../lib/gcc/arm-none-eabi/9.2.1/../../../../arm-none-eabi/lib/thumb/v7e-m/nofp/libg.a(lib_a-memset.o)
                              /tmp/ch.elf.zGGCRj.ltrans0.ltrans.o (memset)
/home/rob/Projects/ChibiStudio/ChibiStudio_20/tools/GNU Tools ARM Embedded/9.2.1 2019q4/bin/../lib/gcc/arm-none-eabi/9.2.1/../../../../arm-none-eabi/lib/thumb/v7e-m/nofp/libg.a(lib_a-strchr.o)
                              /tmp/ch.elf.zGGCRj.ltrans0.ltrans.o (strchr)
/home/rob/Projects/ChibiStudio/ChibiStudio_20/tools/GNU Tools ARM Embedded/9.2.1 2019q4/bin/../lib/gcc/arm-none-eabi/9.2.1/../../../../arm-none-eabi/lib/thumb/v7e-m/nofp/libg.a(lib_a-strcmp.o)
                              /tmp/ch.elf.zGGCRj.ltrans0.ltrans.o (strcmp)
/home/rob/Projects/ChibiStudio/ChibiStudio_20/tools/GNU Tools ARM Embedded/9.2.1 2019q4/bin/../lib/gcc/arm-none-eabi/9.2.1/../../../../arm-none-eabi/lib/thumb/v7e-m/nofp/libg.a(lib_a-strcpy.o)
                              /tmp/ch.elf.zGGCRj.ltrans0.ltrans.o (strcpy)
/home/rob/Projects/ChibiStudio/ChibiStudio_20/tools/GNU Tools ARM Embedded/9.2.1 2019q4/bin/../lib/gcc/arm-none-eabi/9.2.1/../../../../arm-none-eabi/lib/thumb/v7e-m/nofp/libg.a(lib_a-strlen.o)
                              /tmp/ch.elf.zGGCRj.ltrans0.ltrans.o (strlen)
/home/rob/Projects/ChibiStudio/ChibiStudio_20/tools/GNU Tools ARM Embedded/9.2.1 2019q4/bin/../lib/gcc/arm-none-eabi/9.2.1/../../../../arm-none-eabi/lib/thumb/v7e-m/nofp/libg.a(lib_a-strpbrk.o)
                              /tmp/ch.elf.zGGCRj.ltrans0.ltrans.o (strpbrk)
/home/rob/Projects/ChibiStudio/ChibiStudio_20/tools/GNU Tools ARM Embedded/9.2.1 2019q4/bin/../lib/gcc/arm-none-eabi/9.2.1/../../../../arm-none-eabi/lib/thumb/v7e-m/nofp/libg.a(lib_a-strspn.o)
                              /tmp/ch.elf.zGGCRj.ltrans0.ltrans.o (strspn)
[...]
Memory Configuration

Name             Origin             Length             Attributes
flash0           0x0000000008000000 0x0000000000040000 xr
flash1           0x0000000000000000 0x0000000000000000 xr
flash2           0x0000000000000000 0x0000000000000000 xr
flash3           0x0000000000000000 0x0000000000000000 xr
flash4           0x0000000000000000 0x0000000000000000 xr
flash5           0x0000000000000000 0x0000000000000000 xr
flash6           0x0000000000000000 0x0000000000000000 xr
flash7           0x0000000000000000 0x0000000000000000 xr
ram0             0x0000000020000000 0x0000000000010000 xw
ram1             0x0000000000000000 0x0000000000000000 xw
ram2             0x0000000000000000 0x0000000000000000 xw
ram3             0x0000000000000000 0x0000000000000000 xw
ram4             0x0000000000000000 0x0000000000000000 xw
ram5             0x0000000000000000 0x0000000000000000 xw
ram6             0x0000000000000000 0x0000000000000000 xw
ram7             0x0000000000000000 0x0000000000000000 xw
*default*        0x0000000000000000 0xffffffffffffffff

Linker script and memory map

LOAD ./build/obj/crt0_v7m.o
LOAD ./build/obj/vectors.o
LOAD ./build/obj/chcoreasm_v7m.o
LOAD /tmp/ch.elf.zGGCRj.ltrans0.ltrans.o
LOAD /tmp/ch.elf.zGGCRj.ltrans1.ltrans.o
LOAD /tmp/cc455fda.debug.temp.o
LOAD /tmp/ccWOgO7u.debug.temp.o
LOAD /tmp/cc5I54KW.debug.temp.o
LOAD /tmp/ccreJBF7.debug.temp.o
LOAD /tmp/ccIeFNZh.debug.temp.o
LOAD /tmp/ccGsVlOx.debug.temp.o
LOAD /tmp/ccFMGPr7.debug.temp.o
LOAD /tmp/ccAmWpCE.debug.temp.o
LOAD /tmp/ccFufQkI.debug.temp.o
LOAD /tmp/ccyc8HCK.debug.temp.o
LOAD /tmp/ccPpgnBR.debug.temp.o
LOAD /tmp/cc0irf6u.debug.temp.o
LOAD /tmp/cctJbDf2.debug.temp.o
LOAD /tmp/ccebOAzN.debug.temp.o
LOAD /tmp/cc56ZgIb.debug.temp.o
LOAD /tmp/ccOTgU3L.debug.temp.o
LOAD /tmp/ccHTeeNe.debug.temp.o
LOAD /tmp/cc68DMvW.debug.temp.o
LOAD /tmp/cc7JAwnO.debug.temp.o
LOAD /tmp/ccjG0RZA.debug.temp.o
LOAD /tmp/ccLmDXpI.debug.temp.o
LOAD /tmp/ccqHk7Gp.debug.temp.o
LOAD /tmp/ccQd3IJO.debug.temp.o
LOAD /tmp/ccCyonJ2.debug.temp.o
LOAD /tmp/cccnVOuR.debug.temp.o
LOAD /tmp/ccU8n1vr.debug.temp.o
LOAD /tmp/cc2LVj0f.debug.temp.o
LOAD /tmp/ccgBB5ze.debug.temp.o
LOAD /tmp/cccMevXq.debug.temp.o
LOAD /tmp/ccgoqHwH.debug.temp.o
LOAD /tmp/ccnHnv2X.debug.temp.o
LOAD /tmp/cc3wad4F.debug.temp.o
LOAD /tmp/ccmzu5j8.debug.temp.o
LOAD /tmp/cccT6XxT.debug.temp.o
LOAD /tmp/cc5q1xui.debug.temp.o
LOAD /tmp/ccIJSIMw.debug.temp.o
LOAD /tmp/ccgSsNid.debug.temp.o
LOAD /tmp/cc5qQwQu.debug.temp.o
LOAD /tmp/cczm5jFd.debug.temp.o
LOAD /tmp/ccH6KslV.debug.temp.o
LOAD /tmp/cchaoaI4.debug.temp.o
LOAD /tmp/cciH6ETw.debug.temp.o
LOAD /tmp/cceAlTF0.debug.temp.o
LOAD /tmp/ccsAnfjv.debug.temp.o
LOAD /tmp/ccLoSy0T.debug.temp.o
LOAD /tmp/cc2ks4KP.debug.temp.o
LOAD /tmp/ccxxmXVH.debug.temp.o
LOAD /tmp/ccDNZyZv.debug.temp.o
LOAD /tmp/cctw51RS.debug.temp.o
LOAD /tmp/ccDUflgr.debug.temp.o
LOAD /tmp/ccmwcD50.debug.temp.o
LOAD /tmp/ccryTdhY.debug.temp.o
LOAD /tmp/cc1hfNje.debug.temp.o
LOAD /tmp/cciaB3nK.debug.temp.o
LOAD /tmp/ccRnl12X.debug.temp.o
LOAD /tmp/ccyq1L6y.debug.temp.o
LOAD /tmp/ccX7N0az.debug.temp.o
LOAD /tmp/ccuRJ7Ko.debug.temp.o
LOAD /tmp/ccc2OMu3.debug.temp.o
LOAD /tmp/ccjaEXUO.debug.temp.o
LOAD /tmp/ccpuD1M9.debug.temp.o
LOAD /tmp/cc4SIWO9.debug.temp.o
LOAD /tmp/ccS3cphw.debug.temp.o
LOAD /tmp/cc7trhk1.debug.temp.o
LOAD /tmp/ccjMH0bX.debug.temp.o
LOAD /tmp/ccoHJqP6.debug.temp.o
LOAD /tmp/ccpBGBYA.debug.temp.o
LOAD /tmp/ccyt6QAH.debug.temp.o
LOAD /tmp/cch87Hhb.debug.temp.o
LOAD /tmp/ccNJC5jv.debug.temp.o
LOAD /tmp/ccg29HAJ.debug.temp.o
LOAD /tmp/ccCUCSKi.debug.temp.o
LOAD /tmp/ccBgB1xW.debug.temp.o
LOAD /tmp/ccMKf1uw.debug.temp.o
LOAD /tmp/ccFxSrpC.debug.temp.o
LOAD /tmp/cckUfF7W.debug.temp.o
LOAD /tmp/ccW5LvEt.debug.temp.o
LOAD /tmp/ccBgi4CW.debug.temp.o

.mstack         0x0000000020000000      0x400
                0x0000000020000000                . = ALIGN (0x8)
                0x0000000020000000                __main_stack_base__ = .
                0x0000000020000400                . = (. + __main_stack_size__)
 *fill*         0x0000000020000000      0x400 
                0x0000000020000400                . = ALIGN (0x8)
                0x0000000020000400                __main_stack_end__ = .

.pstack         0x0000000020000400      0x400
                0x0000000020000400                . = ALIGN (0x8)
                0x0000000020000400                __process_stack_base__ = .
                0x0000000020000400                __main_thread_stack_base__ = .
                0x0000000020000800                . = (. + __process_stack_size__)
 *fill*         0x0000000020000400      0x400 
                0x0000000020000800                . = ALIGN (0x8)
                0x0000000020000800                __process_stack_end__ = .
                0x0000000020000800                __main_thread_stack_end__ = .

.vectors        0x0000000008000000      0x1e0
 *(.vectors)
 .vectors       0x0000000008000000      0x1e0 ./build/obj/vectors.o
                0x0000000008000000                _vectors

.xtors          0x00000000080001e0        0x0
                0x00000000080001e0                __init_array_base__ = .
 *(SORT_BY_NAME(.init_array.*))
 *(.init_array)
                0x00000000080001e0                __init_array_end__ = .
                0x00000000080001e0                __fini_array_base__ = .
 *(.fini_array)
 *(SORT_BY_NAME(.fini_array.*))
                0x00000000080001e0                __fini_array_end__ = .

.text           0x0000000008000200     0xbbf4
                0x0000000008000200                __text_base__ = .
 *(.text)
 .text          0x0000000008000200       0xd8 ./build/obj/crt0_v7m.o
                0x0000000008000200                _crt0_entry
 .text          0x00000000080002d8        0x8 ./build/obj/vectors.o
                0x00000000080002d8                Reset_Handler
                0x00000000080002da                VectorE8
                0x00000000080002da                DebugMon_Handler
                0x00000000080002da                Vector1A0
                0x00000000080002da                Vector11C
                0x00000000080002da                HardFault_Handler
                0x00000000080002da                Vector1B8
                0x00000000080002da                Vector19C
                0x00000000080002da                Vector8C
                0x00000000080002da                SysTick_Handler
                0x00000000080002da                VectorDC
                0x00000000080002da                PendSV_Handler
                0x00000000080002da                Vector168
                0x00000000080002da                NMI_Handler
                0x00000000080002da                Vector110
                0x00000000080002da                Vector1D8
                0x00000000080002da                VectorC8
                0x00000000080002da                Vector94
                0x00000000080002da                VectorA8
                0x00000000080002da                Vector160
                0x00000000080002da                Vector1B0
                0x00000000080002da                UsageFault_Handler
                0x00000000080002da                VectorEC
                0x00000000080002da                Vector40
                0x00000000080002da                VectorF8
                0x00000000080002da                Vector190
                0x00000000080002da                Vector1C4
                0x00000000080002da                Vector1CC
                0x00000000080002da                Vector148
                0x00000000080002da                Vector188
                0x00000000080002da                Vector198
                0x00000000080002da                Vector118
                0x00000000080002da                VectorCC
                0x00000000080002da                Vector54
                0x00000000080002da                Vector98
                0x00000000080002da                Vector138
                0x00000000080002da                Vector24
                0x00000000080002da                Vector1AC
                0x00000000080002da                Vector178
                0x00000000080002da                SecureFault_Handler
                0x00000000080002da                Vector1A4
                0x00000000080002da                VectorD0
                0x00000000080002da                Vector1B4
                0x00000000080002da                Vector140
                0x00000000080002da                VectorE4
                0x00000000080002da                Vector1C0
                0x00000000080002da                Vector134
                0x00000000080002da                Vector1D0
                0x00000000080002da                VectorF0
                0x00000000080002da                Vector13C
                0x00000000080002da                Vector100
                0x00000000080002da                VectorF4
                0x00000000080002da                MemManage_Handler
                0x00000000080002da                VectorA0
                0x00000000080002da                VectorC4
                0x00000000080002da                Vector180
                0x00000000080002da                Vector90
                0x00000000080002da                Vector114
                0x00000000080002da                Vector164
                0x00000000080002da                Vector1BC
                0x00000000080002da                Vector1D4
                0x00000000080002da                Vector17C
                0x00000000080002da                Vector48
                0x00000000080002da                Vector1A8
                0x00000000080002da                Vector16C
                0x00000000080002da                Vector4C
                0x00000000080002da                Vector144
                0x00000000080002da                Vector170
                0x00000000080002da                Vector88
                0x00000000080002da                Vector104
                0x00000000080002da                Vector184
                0x00000000080002da                Vector10C
                0x00000000080002da                BusFault_Handler
                0x00000000080002da                Vector50
                0x00000000080002da                Vector1C8
                0x00000000080002da                Vector194
                0x00000000080002da                Vector1DC
                0x00000000080002da                Vector44
                0x00000000080002da                Vector28
                0x00000000080002da                Vector34
                0x00000000080002da                Vector20
                0x00000000080002da                Vector18C
                0x00000000080002da                Vector174
                0x00000000080002de                _unhandled_exception
 .text          0x00000000080002e0       0x2a ./build/obj/chcoreasm_v7m.o
                0x00000000080002e0                _port_switch
                0x00000000080002f0                _port_thread_start
                0x0000000008000302                _port_switch_from_isr
                0x0000000008000306                _port_exit_from_isr
 *fill*         0x000000000800030a        0x2 
 .text          0x000000000800030c      0x134 /home/rob/Projects/ChibiStudio/ChibiStudio_20/tools/GNU Tools ARM Embedded/9.2.1 2019q4/bin/../lib/gcc/arm-none-eabi/9.2.1/../../../../arm-none-eabi/lib/thumb/v7e-m/nofp/libg.a(lib_a-memcpy.o)
                0x000000000800030c                memcpy
 .text          0x0000000008000440      0x2dc /home/rob/Projects/ChibiStudio/ChibiStudio_20/tools/GNU Tools ARM Embedded/9.2.1 2019q4/bin/../lib/gcc/arm-none-eabi/9.2.1/../../../../arm-none-eabi/lib/thumb/v7e-m/nofp/libg.a(lib_a-strcmp.o)
                0x0000000008000448                strcmp
 *fill*         0x000000000800071c       0x24 
 .text          0x0000000008000740       0xdc /home/rob/Projects/ChibiStudio/ChibiStudio_20/tools/GNU Tools ARM Embedded/9.2.1 2019q4/bin/../lib/gcc/arm-none-eabi/9.2.1/../../../../arm-none-eabi/lib/thumb/v7e-m/nofp/libg.a(lib_a-strlen.o)
                0x0000000008000740                strlen
 .text          0x000000000800081c       0x30 /home/rob/Projects/ChibiStudio/ChibiStudio_20/tools/GNU Tools ARM Embedded/9.2.1 2019q4/bin/../lib/gcc/arm-none-eabi/9.2.1/thumb/v7e-m/nofp/libgcc.a(_aeabi_uldivmod.o)
                0x000000000800081c                __aeabi_uldivmod
 .text          0x000000000800084c      0x2c0 /home/rob/Projects/ChibiStudio/ChibiStudio_20/tools/GNU Tools ARM Embedded/9.2.1 2019q4/bin/../lib/gcc/arm-none-eabi/9.2.1/thumb/v7e-m/nofp/libgcc.a(_udivmoddi4.o)
                0x000000000800084c                __udivmoddi4
 .text          0x0000000008000b0c        0x4 /home/rob/Projects/ChibiStudio/ChibiStudio_20/tools/GNU Tools ARM Embedded/9.2.1 2019q4/bin/../lib/gcc/arm-none-eabi/9.2.1/thumb/v7e-m/nofp/libgcc.a(_dvmd_tls.o)
                0x0000000008000b0c                __aeabi_ldiv0
                0x0000000008000b0c                __aeabi_idiv0
 *(.text.*)
 .text.sdObjectInit.constprop.0
                0x0000000008000b10       0x58 /tmp/ch.elf.zGGCRj.ltrans0.ltrans.o
 *fill*         0x0000000008000b68        0x8 
 .text._pal_lld_enablepadevent.constprop.0
                0x0000000008000b70       0x4c /tmp/ch.elf.zGGCRj.ltrans0.ltrans.o
 *fill*         0x0000000008000bbc        0x4 
 .text.otg_txfifo_handler.constprop.0
                0x0000000008000bc0       0x90 /tmp/ch.elf.zGGCRj.ltrans0.ltrans.o
 .text.chCoreAllocFromTop
                0x0000000008000c50       0x3c /tmp/ch.elf.zGGCRj.ltrans0.ltrans.o
 *fill*         0x0000000008000c8c        0x4 
 .text.notify1  0x0000000008000c90       0x10 /tmp/ch.elf.zGGCRj.ltrans0.ltrans.o
 .text.notify2  0x0000000008000ca0       0x10 /tmp/ch.elf.zGGCRj.ltrans0.ltrans.o
 .text.notify6  0x0000000008000cb0       0x10 /tmp/ch.elf.zGGCRj.ltrans0.ltrans.o
 .text.vt2_cb   0x0000000008000cc0       0x28 /tmp/ch.elf.zGGCRj.ltrans0.ltrans.o
 *fill*         0x0000000008000ce8        0x8 
 .text.vt_cb    0x0000000008000cf0       0x38 /tmp/ch.elf.zGGCRj.ltrans0.ltrans.o
 *fill*         0x0000000008000d28        0x8 
 .text.setup_address
                0x0000000008000d30       0x4c /tmp/ch.elf.zGGCRj.ltrans0.ltrans.o
 *fill*         0x0000000008000d7c        0x4 
 .text.check_BUS
                0x0000000008000d80       0x88 /tmp/ch.elf.zGGCRj.ltrans0.ltrans.o
 *fill*         0x0000000008000e08        0x8 
 .text.gptcb    0x0000000008000e10        0xc /tmp/ch.elf.zGGCRj.ltrans0.ltrans.o
 *fill*         0x0000000008000e1c        0x4 
 .text.requests_hook
                0x0000000008000e20       0x5c /tmp/ch.elf.zGGCRj.ltrans0.ltrans.o
 *fill*         0x0000000008000e7c        0x4 
 .text.get_descriptor
                0x0000000008000e80       0x34 /tmp/ch.elf.zGGCRj.ltrans0.ltrans.o
 *fill*         0x0000000008000eb4        0xc 
 .text.cmd_kar  0x0000000008000ec0        0x4 /tmp/ch.elf.zGGCRj.ltrans0.ltrans.o
 *fill*         0x0000000008000ec4        0xc 
 .text.get_fileinfo.isra.0.part.0
                0x0000000008000ed0       0x6c /tmp/ch.elf.zGGCRj.ltrans0.ltrans.o
 *fill*         0x0000000008000f3c        0x4 
 .text.mem_cpy.part.0
                0x0000000008000f40       0x14 /tmp/ch.elf.zGGCRj.ltrans0.ltrans.o
 *fill*         0x0000000008000f54        0xc 
 .text.get_ldnumber
                0x0000000008000f60       0x30 /tmp/ch.elf.zGGCRj.ltrans0.ltrans.o
 .text.mmc_lld_is_write_protected
                0x0000000008000f90        0x4 /tmp/ch.elf.zGGCRj.ltrans0.ltrans.o
 *fill*         0x0000000008000f94        0xc 
 .text.disk_initialize
                0x0000000008000fa0       0x18 /tmp/ch.elf.zGGCRj.ltrans0.ltrans.o
 *fill*         0x0000000008000fb8        0x8 
 .text.validate
                0x0000000008000fc0       0x40 /tmp/ch.elf.zGGCRj.ltrans0.ltrans.o
 .text.sym_to_val
                0x0000000008001000       0x58 /tmp/ch.elf.zGGCRj.ltrans0.ltrans.o
 *fill*         0x0000000008001058        0x8 
 .text._port_irq_epilogue
                0x0000000008001060       0x4c /tmp/ch.elf.zGGCRj.ltrans0.ltrans.o
 *fill*         0x00000000080010ac        0x4 
 .text.chCoreAllocAlignedI
                0x00000000080010b0       0x28 /tmp/ch.elf.zGGCRj.ltrans0.ltrans.o
 *fill*         0x00000000080010d8        0x8 
 .text.chTMStopMeasurementX
                0x00000000080010e0       0x44 /tmp/ch.elf.zGGCRj.ltrans0.ltrans.o
 *fill*         0x0000000008001124        0xc 
 .text.chTMStartMeasurementX
                0x0000000008001130        0xc /tmp/ch.elf.zGGCRj.ltrans0.ltrans.o
 *fill*         0x000000000800113c        0x4 
 .text.wakeup   0x0000000008001140       0x6c /tmp/ch.elf.zGGCRj.ltrans0.ltrans.o
 *fill*         0x00000000080011ac        0x4 
 .text.chSchReadyI
                0x00000000080011b0       0x24 /tmp/ch.elf.zGGCRj.ltrans0.ltrans.o
 *fill*         0x00000000080011d4        0xc 
 .text.chThdDequeueAllI.constprop.0
                0x00000000080011e0       0x24 /tmp/ch.elf.zGGCRj.ltrans0.ltrans.o
 *fill*         0x0000000008001204        0xc 
 .text.chThdResumeI
                0x0000000008001210       0x14 /tmp/ch.elf.zGGCRj.ltrans0.ltrans.o
 *fill*         0x0000000008001224        0xc 
 .text.chVTDoResetI
                0x0000000008001230       0x74 /tmp/ch.elf.zGGCRj.ltrans0.ltrans.o
 *fill*         0x00000000080012a4        0xc 
 .text.chVTDoSetI
                0x00000000080012b0       0x84 /tmp/ch.elf.zGGCRj.ltrans0.ltrans.o
 *fill*         0x0000000008001334        0xc 
 .text.button_cb
                0x0000000008001340       0xc8 /tmp/ch.elf.zGGCRj.ltrans0.ltrans.o
 *fill*         0x0000000008001408        0x8 
 .text._idle_thread
                0x0000000008001410        0x4 /tmp/ch.elf.zGGCRj.ltrans0.ltrans.o
 *fill*         0x0000000008001414        0xc 
 .text.mmc_lld_is_card_inserted
                0x0000000008001420       0x14 /tmp/ch.elf.zGGCRj.ltrans0.ltrans.o
 *fill*         0x0000000008001434        0xc 
 .text.pwm_lld_serve_interrupt
                0x0000000008001440       0x5c /tmp/ch.elf.zGGCRj.ltrans0.ltrans.o
 *fill*         0x000000000800149c        0x4 
 .text.i2c_lld_serve_rx_end_irq
                0x00000000080014a0       0x68 /tmp/ch.elf.zGGCRj.ltrans0.ltrans.o
 *fill*         0x0000000008001508        0x8 
 .text.spi_lld_serve_tx_interrupt.lto_priv.0
                0x0000000008001510       0x1c /tmp/ch.elf.zGGCRj.ltrans0.ltrans.o
                0x0000000008001510                spi_lld_serve_tx_interrupt.lto_priv.0
 *fill*         0x000000000800152c        0x4 
 .text.spi_lld_serve_rx_interrupt.lto_priv.0
                0x0000000008001530       0xbc /tmp/ch.elf.zGGCRj.ltrans0.ltrans.o
                0x0000000008001530                spi_lld_serve_rx_interrupt.lto_priv.0
 *fill*         0x00000000080015ec        0x4 
 .text.i2c_lld_serve_tx_end_irq
                0x00000000080015f0       0x44 /tmp/ch.elf.zGGCRj.ltrans0.ltrans.o
 *fill*         0x0000000008001634        0xc 
 .text._pal_lld_setgroupmode
                0x0000000008001640       0xd8 /tmp/ch.elf.zGGCRj.ltrans0.ltrans.o
 *fill*         0x0000000008001718        0x8 
 .text.RemoveHandler
                0x0000000008001720       0x18 /tmp/ch.elf.zGGCRj.ltrans0.ltrans.o
 *fill*         0x0000000008001738        0x8 
 .text.chscanf.constprop.0
                0x0000000008001740      0x580 /tmp/ch.elf.zGGCRj.ltrans0.ltrans.o
 .text.chprintf
                0x0000000008001cc0      0x4ac /tmp/ch.elf.zGGCRj.ltrans0.ltrans.o
 *fill*         0x000000000800216c        0x4 
 .text.cmd_xhelp
                0x0000000008002170       0x94 /tmp/ch.elf.zGGCRj.ltrans0.ltrans.o
 *fill*         0x0000000008002204        0xc 
 .text.cmd_wc   0x0000000008002210       0x3c /tmp/ch.elf.zGGCRj.ltrans0.ltrans.o
 *fill*         0x000000000800224c        0x4 
 .text.cmdexec.lto_priv.0
                0x0000000008002250       0x3c /tmp/ch.elf.zGGCRj.ltrans0.ltrans.o
 *fill*         0x000000000800228c        0x4 
 .text.write_byte
                0x0000000008002290       0x60 /tmp/ch.elf.zGGCRj.ltrans0.ltrans.o
 .text.read_byte
                0x00000000080022f0       0x84 /tmp/ch.elf.zGGCRj.ltrans0.ltrans.o
 *fill*         0x0000000008002374        0xc 
 .text.sof_handler
                0x0000000008002380       0x8c /tmp/ch.elf.zGGCRj.ltrans0.ltrans.o
 *fill*         0x000000000800240c        0x4 
 .text.cmd_change_pw4
                0x0000000008002410       0xb0 /tmp/ch.elf.zGGCRj.ltrans0.ltrans.o
 .text.cmd_change_freq
                0x00000000080024c0       0x94 /tmp/ch.elf.zGGCRj.ltrans0.ltrans.o
 *fill*         0x0000000008002554        0xc 
 .text.parse_arguments.lto_priv.0
                0x0000000008002560       0x58 /tmp/ch.elf.zGGCRj.ltrans0.ltrans.o
 *fill*         0x00000000080025b8        0x8 
 .text.cmd_br   0x00000000080025c0      0x194 /tmp/ch.elf.zGGCRj.ltrans0.ltrans.o
 *fill*         0x0000000008002754        0xc 
 .text.cmd_fill
                0x0000000008002760       0xe8 /tmp/ch.elf.zGGCRj.ltrans0.ltrans.o
 *fill*         0x0000000008002848        0x8 
 .text.cmd_wb   0x0000000008002850       0x64 /tmp/ch.elf.zGGCRj.ltrans0.ltrans.o
 *fill*         0x00000000080028b4        0xc 
 .text.cmd_rb   0x00000000080028c0       0x54 /tmp/ch.elf.zGGCRj.ltrans0.ltrans.o
 *fill*         0x0000000008002914        0xc 
 .text.cmd_spi  0x0000000008002920       0x30 /tmp/ch.elf.zGGCRj.ltrans0.ltrans.o
 .text.cmd_test
                0x0000000008002950       0x60 /tmp/ch.elf.zGGCRj.ltrans0.ltrans.o
 .text.disk_write
                0x00000000080029b0       0x6c /tmp/ch.elf.zGGCRj.ltrans0.ltrans.o
 *fill*         0x0000000008002a1c        0x4 
 .text.sync_window.part.0
                0x0000000008002a20       0x44 /tmp/ch.elf.zGGCRj.ltrans0.ltrans.o
 *fill*         0x0000000008002a64        0xc 
 .text.dir_clear
                0x0000000008002a70       0x70 /tmp/ch.elf.zGGCRj.ltrans0.ltrans.o
 .text.sync_fs  0x0000000008002ae0       0xb8 /tmp/ch.elf.zGGCRj.ltrans0.ltrans.o
 *fill*         0x0000000008002b98        0x8 
 .text.disk_read
                0x0000000008002ba0       0x54 /tmp/ch.elf.zGGCRj.ltrans0.ltrans.o
 *fill*         0x0000000008002bf4        0xc 
 .text.move_window.part.0
                0x0000000008002c00       0x30 /tmp/ch.elf.zGGCRj.ltrans0.ltrans.o
 .text.get_fat.isra.0
                0x0000000008002c30       0xd8 /tmp/ch.elf.zGGCRj.ltrans0.ltrans.o
 *fill*         0x0000000008002d08        0x8 
 .text.dir_sdi  0x0000000008002d10       0x8c /tmp/ch.elf.zGGCRj.ltrans0.ltrans.o
 *fill*         0x0000000008002d9c        0x4 
 .text.put_fat.part.0
                0x0000000008002da0      0x138 /tmp/ch.elf.zGGCRj.ltrans0.ltrans.o
 *fill*         0x0000000008002ed8        0x8 
 .text.remove_chain.constprop.0
                0x0000000008002ee0       0x6c /tmp/ch.elf.zGGCRj.ltrans0.ltrans.o
 *fill*         0x0000000008002f4c        0x4 
 .text.create_chain
                0x0000000008002f50      0x11c /tmp/ch.elf.zGGCRj.ltrans0.ltrans.o
 *fill*         0x000000000800306c        0x4 
 .text.dir_next
                0x0000000008003070       0xc4 /tmp/ch.elf.zGGCRj.ltrans0.ltrans.o
 *fill*         0x0000000008003134        0xc 
 .text.dir_alloc.constprop.0
                0x0000000008003140       0x4c /tmp/ch.elf.zGGCRj.ltrans0.ltrans.o
 *fill*         0x000000000800318c        0x4 
 .text.f_close  0x0000000008003190       0xb4 /tmp/ch.elf.zGGCRj.ltrans0.ltrans.o
 *fill*         0x0000000008003244        0xc 
 .text.check_fs
                0x0000000008003250       0x98 /tmp/ch.elf.zGGCRj.ltrans0.ltrans.o
 *fill*         0x00000000080032e8        0x8 
 .text.find_volume
                0x00000000080032f0      0x348 /tmp/ch.elf.zGGCRj.ltrans0.ltrans.o
 *fill*         0x0000000008003638        0x8 
 .text.f_mount.constprop.0
                0x0000000008003640       0x54 /tmp/ch.elf.zGGCRj.ltrans0.ltrans.o
 *fill*         0x0000000008003694        0xc 
 .text.InsertHandler
                0x00000000080036a0       0x40 /tmp/ch.elf.zGGCRj.ltrans0.ltrans.o
 .text.cmd_umount
                0x00000000080036e0       0x58 /tmp/ch.elf.zGGCRj.ltrans0.ltrans.o
 *fill*         0x0000000008003738        0x8 
 .text.cmd_mount
                0x0000000008003740       0x74 /tmp/ch.elf.zGGCRj.ltrans0.ltrans.o
 *fill*         0x00000000080037b4        0xc 
 .text.f_getfree.constprop.0
                0x00000000080037c0      0x100 /tmp/ch.elf.zGGCRj.ltrans0.ltrans.o
 .text.cmd_free
                0x00000000080038c0       0x94 /tmp/ch.elf.zGGCRj.ltrans0.ltrans.o
 *fill*         0x0000000008003954        0xc 
 .text.follow_path
                0x0000000008003960      0x248 /tmp/ch.elf.zGGCRj.ltrans0.ltrans.o
 *fill*         0x0000000008003ba8        0x8 
 .text.f_opendir.constprop.0
                0x0000000008003bb0       0x84 /tmp/ch.elf.zGGCRj.ltrans0.ltrans.o
 *fill*         0x0000000008003c34        0xc 
 .text.dir_remove
                0x0000000008003c40       0x24 /tmp/ch.elf.zGGCRj.ltrans0.ltrans.o
 *fill*         0x0000000008003c64        0xc 
 .text.dir_register
                0x0000000008003c70       0x48 /tmp/ch.elf.zGGCRj.ltrans0.ltrans.o
 *fill*         0x0000000008003cb8        0x8 
 .text.cmd_mv   0x0000000008003cc0      0x1b0 /tmp/ch.elf.zGGCRj.ltrans0.ltrans.o
 .text.cmd_mkdir
                0x0000000008003e70      0x1e0 /tmp/ch.elf.zGGCRj.ltrans0.ltrans.o
 .text.dir_read
                0x0000000008004050       0x70 /tmp/ch.elf.zGGCRj.ltrans0.ltrans.o
 .text.f_getcwd.constprop.0
                0x00000000080040c0      0x198 /tmp/ch.elf.zGGCRj.ltrans0.ltrans.o
 *fill*         0x0000000008004258        0x8 
 .text.cmd_pwd  0x0000000008004260       0x44 /tmp/ch.elf.zGGCRj.ltrans0.ltrans.o
 *fill*         0x00000000080042a4        0xc 
 .text.cmd_cd   0x00000000080042b0       0xf4 /tmp/ch.elf.zGGCRj.ltrans0.ltrans.o
 *fill*         0x00000000080043a4        0xc 
 .text.cmd_getlabel
                0x00000000080043b0      0x128 /tmp/ch.elf.zGGCRj.ltrans0.ltrans.o
 *fill*         0x00000000080044d8        0x8 
 .text.cmd_setlabel
                0x00000000080044e0      0x1b8 /tmp/ch.elf.zGGCRj.ltrans0.ltrans.o
 *fill*         0x0000000008004698        0x8 
 .text.f_unlink
                0x00000000080046a0       0xac /tmp/ch.elf.zGGCRj.ltrans0.ltrans.o
 *fill*         0x000000000800474c        0x4 
 .text.cmd_rm   0x0000000008004750       0x64 /tmp/ch.elf.zGGCRj.ltrans0.ltrans.o
 *fill*         0x00000000080047b4        0xc 
 .text.cmd_rmdir
                0x00000000080047c0       0x64 /tmp/ch.elf.zGGCRj.ltrans0.ltrans.o
 *fill*         0x0000000008004824        0xc 
 .text.f_readdir
                0x0000000008004830       0x40 /tmp/ch.elf.zGGCRj.ltrans0.ltrans.o
 .text.scan_files.constprop.0
                0x0000000008004870       0x80 /tmp/ch.elf.zGGCRj.ltrans0.ltrans.o
 .text.cmd_tree
                0x00000000080048f0       0x74 /tmp/ch.elf.zGGCRj.ltrans0.ltrans.o
 *fill*         0x0000000008004964        0xc 
 .text.cmd_dir  0x0000000008004970      0x154 /tmp/ch.elf.zGGCRj.ltrans0.ltrans.o
 *fill*         0x0000000008004ac4        0xc 
 .text.f_read   0x0000000008004ad0      0x178 /tmp/ch.elf.zGGCRj.ltrans0.ltrans.o
 *fill*         0x0000000008004c48        0x8 
 .text.f_open   0x0000000008004c50      0x180 /tmp/ch.elf.zGGCRj.ltrans0.ltrans.o
 .text.cmd_exec
                0x0000000008004dd0      0x1e4 /tmp/ch.elf.zGGCRj.ltrans0.ltrans.o
 *fill*         0x0000000008004fb4        0xc 
 .text.cmd_cat  0x0000000008004fc0      0x120 /tmp/ch.elf.zGGCRj.ltrans0.ltrans.o
 .text.cmd_create
                0x00000000080050e0      0x27c /tmp/ch.elf.zGGCRj.ltrans0.ltrans.o
 *fill*         0x000000000800535c        0x4 
 .text.get_history
                0x0000000008005360       0xf4 /tmp/ch.elf.zGGCRj.ltrans0.ltrans.o
 *fill*         0x0000000008005454        0xc 
 .text.chSchWakeupS
                0x0000000008005460       0x5c /tmp/ch.elf.zGGCRj.ltrans0.ltrans.o
 *fill*         0x00000000080054bc        0x4 
 .text.chThdCreateStatic
                0x00000000080054c0       0x74 /tmp/ch.elf.zGGCRj.ltrans0.ltrans.o
 *fill*         0x0000000008005534        0xc 
 .text.chSchGoSleepS
                0x0000000008005540       0x28 /tmp/ch.elf.zGGCRj.ltrans0.ltrans.o
 *fill*         0x0000000008005568        0x8 
 .text.chMtxLockS
                0x0000000008005570       0xc0 /tmp/ch.elf.zGGCRj.ltrans0.ltrans.o
 .text.chThdExitS
                0x0000000008005630       0x48 /tmp/ch.elf.zGGCRj.ltrans0.ltrans.o
 *fill*         0x0000000008005678        0x8 
 .text.chSchGoSleepTimeoutS
                0x0000000008005680       0x44 /tmp/ch.elf.zGGCRj.ltrans0.ltrans.o
 *fill*         0x00000000080056c4        0xc 
 .text.chThdDequeueNextI.constprop.0
                0x00000000080056d0       0x18 /tmp/ch.elf.zGGCRj.ltrans0.ltrans.o
                0x00000000080056d0                chThdDequeueNextI.constprop.0
 *fill*         0x00000000080056e8        0x8 
 .text.SVC_Handler
                0x00000000080056f0       0x14 /tmp/ch.elf.zGGCRj.ltrans0.ltrans.o
                0x00000000080056f0                SVC_Handler
 *fill*         0x0000000008005704        0xc 
 .text.chEvtBroadcastFlagsI
                0x0000000008005710       0x58 /tmp/ch.elf.zGGCRj.ltrans0.ltrans.o
                0x0000000008005710                chEvtBroadcastFlagsI
 *fill*         0x0000000008005768        0x8 
 .text.tmrfunc  0x0000000008005770       0x78 /tmp/ch.elf.zGGCRj.ltrans0.ltrans.o
 *fill*         0x00000000080057e8        0x8 
 .text.usb_event
                0x00000000080057f0       0xf4 /tmp/ch.elf.zGGCRj.ltrans0.ltrans.o
 *fill*         0x00000000080058e4        0xc 
 .text.serve_interrupt
                0x00000000080058f0      0x18c /tmp/ch.elf.zGGCRj.ltrans0.ltrans.o
 *fill*         0x0000000008005a7c        0x4 
 .text.chThdEnqueueTimeoutS
                0x0000000008005a80       0x28 /tmp/ch.elf.zGGCRj.ltrans0.ltrans.o
                0x0000000008005a80                chThdEnqueueTimeoutS
 *fill*         0x0000000008005aa8        0x8 
 .text.chThdSuspendTimeoutS
                0x0000000008005ab0       0x14 /tmp/ch.elf.zGGCRj.ltrans0.ltrans.o
                0x0000000008005ab0                chThdSuspendTimeoutS
 *fill*         0x0000000008005ac4        0xc 
 .text.i2c_lld_master_transmit_timeout.constprop.0
                0x0000000008005ad0      0x104 /tmp/ch.elf.zGGCRj.ltrans0.ltrans.o
 *fill*         0x0000000008005bd4        0xc 
 .text.ReadDev.constprop.0
                0x0000000008005be0       0x70 /tmp/ch.elf.zGGCRj.ltrans0.ltrans.o
 .text.get_two_byte
                0x0000000008005c50       0x2c /tmp/ch.elf.zGGCRj.ltrans0.ltrans.o
 *fill*         0x0000000008005c7c        0x4 
 .text.read_clock
                0x0000000008005c80       0x84 /tmp/ch.elf.zGGCRj.ltrans0.ltrans.o
 *fill*         0x0000000008005d04        0xc 
 .text.WriteDev
                0x0000000008005d10       0x64 /tmp/ch.elf.zGGCRj.ltrans0.ltrans.o
 *fill*         0x0000000008005d74        0xc 
 .text.chThdSleep
                0x0000000008005d80       0x18 /tmp/ch.elf.zGGCRj.ltrans0.ltrans.o
                0x0000000008005d80                chThdSleep
 *fill*         0x0000000008005d98        0x8 
 .text.shellThread
                0x0000000008005da0      0x5b8 /tmp/ch.elf.zGGCRj.ltrans0.ltrans.o
 *fill*         0x0000000008006358        0x8 
 .text.CharacterInputThread
                0x0000000008006360     0x1460 /tmp/ch.elf.zGGCRj.ltrans0.ltrans.o
 .text.chThdExit
                0x00000000080077c0        0xc /tmp/ch.elf.zGGCRj.ltrans0.ltrans.o
                0x00000000080077c0                chThdExit
 *fill*         0x00000000080077cc        0x4 
 .text.chSchDoRescheduleAhead
                0x00000000080077d0       0x3c /tmp/ch.elf.zGGCRj.ltrans0.ltrans.o
                0x00000000080077d0                chSchDoReschedule
 *fill*         0x000000000800780c        0x4 
 .text.ShellHandler
                0x0000000008007810      0x158 /tmp/ch.elf.zGGCRj.ltrans0.ltrans.o
 *fill*         0x0000000008007968        0x8 
 .text.chSysPolledDelayX
                0x0000000008007970       0x14 /tmp/ch.elf.zGGCRj.ltrans0.ltrans.o
                0x0000000008007970                chSysPolledDelayX
 *fill*         0x0000000008007984        0xc 
 .text.__early_init
                0x0000000008007990      0x1f0 /tmp/ch.elf.zGGCRj.ltrans0.ltrans.o
                0x0000000008007990                __early_init
 .text.Vector15C
                0x0000000008007b80       0x14 /tmp/ch.elf.zGGCRj.ltrans0.ltrans.o
                0x0000000008007b80                Vector15C
 *fill*         0x0000000008007b94        0xc 
 .text.VectorD8
                0x0000000008007ba0       0x14 /tmp/ch.elf.zGGCRj.ltrans0.ltrans.o
                0x0000000008007ba0                VectorD8
 *fill*         0x0000000008007bb4        0xc 
 .text.VectorD4
                0x0000000008007bc0       0x14 /tmp/ch.elf.zGGCRj.ltrans0.ltrans.o
                0x0000000008007bc0                VectorD4
 *fill*         0x0000000008007bd4        0xc 
 .text.VectorB4
                0x0000000008007be0       0x14 /tmp/ch.elf.zGGCRj.ltrans0.ltrans.o
                0x0000000008007be0                VectorB4
 *fill*         0x0000000008007bf4        0xc 
 .text.VectorB0
                0x0000000008007c00       0x14 /tmp/ch.elf.zGGCRj.ltrans0.ltrans.o
                0x0000000008007c00                VectorB0
 *fill*         0x0000000008007c14        0xc 
 .text.VectorA4
                0x0000000008007c20       0x14 /tmp/ch.elf.zGGCRj.ltrans0.ltrans.o
                0x0000000008007c20                VectorA4
 *fill*         0x0000000008007c34        0xc 
 .text.VectorAC
                0x0000000008007c40        0x4 /tmp/ch.elf.zGGCRj.ltrans0.ltrans.o
                0x0000000008007c40                VectorAC
 *fill*         0x0000000008007c44        0xc 
 .text.VectorB8
                0x0000000008007c50       0x50 /tmp/ch.elf.zGGCRj.ltrans0.ltrans.o
                0x0000000008007c50                VectorB8
 .text.Vector108
                0x0000000008007ca0       0xb0 /tmp/ch.elf.zGGCRj.ltrans0.ltrans.o
                0x0000000008007ca0                Vector108
 .text.usb_lld_start_in
                0x0000000008007d50       0xa0 /tmp/ch.elf.zGGCRj.ltrans0.ltrans.o
                0x0000000008007d50                usb_lld_start_in
 .text.otg_epin_handler.constprop.0
                0x0000000008007df0       0x88 /tmp/ch.elf.zGGCRj.ltrans0.ltrans.o
 *fill*         0x0000000008007e78        0x8 
 .text._usb_ep0out
                0x0000000008007e80       0x94 /tmp/ch.elf.zGGCRj.ltrans0.ltrans.o
 *fill*         0x0000000008007f14        0xc 
 .text.usb_lld_start_out
                0x0000000008007f20       0x80 /tmp/ch.elf.zGGCRj.ltrans0.ltrans.o
                0x0000000008007f20                usb_lld_start_out
 .text.otg_epout_handler.constprop.0
                0x0000000008007fa0       0x9c /tmp/ch.elf.zGGCRj.ltrans0.ltrans.o
 *fill*         0x000000000800803c        0x4 
 .text._usb_ep0in
                0x0000000008008040       0xd8 /tmp/ch.elf.zGGCRj.ltrans0.ltrans.o
 *fill*         0x0000000008008118        0x8 
 .text._usb_ep0setup
                0x0000000008008120      0x39c /tmp/ch.elf.zGGCRj.ltrans0.ltrans.o
 *fill*         0x00000000080084bc        0x4 
 .text.Vector14C
                0x00000000080084c0      0x428 /tmp/ch.elf.zGGCRj.ltrans0.ltrans.o
                0x00000000080084c0                Vector14C
 *fill*         0x00000000080088e8        0x8 
 .text.VectorC0
                0x00000000080088f0       0xe4 /tmp/ch.elf.zGGCRj.ltrans0.ltrans.o
                0x00000000080088f0                VectorC0
 *fill*         0x00000000080089d4        0xc 
 .text.VectorBC
                0x00000000080089e0      0x11c /tmp/ch.elf.zGGCRj.ltrans0.ltrans.o
                0x00000000080089e0                VectorBC
 *fill*         0x0000000008008afc        0x4 
 .text.dmaStreamAllocI.part.0
                0x0000000008008b00       0xd8 /tmp/ch.elf.zGGCRj.ltrans0.ltrans.o
                0x0000000008008b00                dmaStreamAllocI.part.0
 *fill*         0x0000000008008bd8        0x8 
 .text.startup.main
                0x0000000008008be0      0xf58 /tmp/ch.elf.zGGCRj.ltrans0.ltrans.o
                0x0000000008008be0                main
 *fill*         0x0000000008009b38        0x8 
 .text.dmaStreamFreeI
                0x0000000008009b40       0x80 /tmp/ch.elf.zGGCRj.ltrans0.ltrans.o
                0x0000000008009b40                dmaStreamFreeI
 .text.Vector158
                0x0000000008009bc0       0x2c /tmp/ch.elf.zGGCRj.ltrans0.ltrans.o
                0x0000000008009bc0                Vector158
 *fill*         0x0000000008009bec        0x4 
 .text.Vector154
                0x0000000008009bf0       0x2c /tmp/ch.elf.zGGCRj.ltrans0.ltrans.o
                0x0000000008009bf0                Vector154
 *fill*         0x0000000008009c1c        0x4 
 .text.Vector150
                0x0000000008009c20       0x2c /tmp/ch.elf.zGGCRj.ltrans0.ltrans.o
                0x0000000008009c20                Vector150
 *fill*         0x0000000008009c4c        0x4 
 .text.Vector130
                0x0000000008009c50       0x28 /tmp/ch.elf.zGGCRj.ltrans0.ltrans.o
                0x0000000008009c50                Vector130
 *fill*         0x0000000008009c78        0x8 
 .text.Vector12C
                0x0000000008009c80       0x2c /tmp/ch.elf.zGGCRj.ltrans0.ltrans.o
                0x0000000008009c80                Vector12C
 *fill*         0x0000000008009cac        0x4 
 .text.Vector128
                0x0000000008009cb0       0x2c /tmp/ch.elf.zGGCRj.ltrans0.ltrans.o
                0x0000000008009cb0                Vector128
 *fill*         0x0000000008009cdc        0x4 
 .text.Vector124
                0x0000000008009ce0       0x2c /tmp/ch.elf.zGGCRj.ltrans0.ltrans.o
                0x0000000008009ce0                Vector124
 *fill*         0x0000000008009d0c        0x4 
 .text.Vector120
                0x0000000008009d10       0x28 /tmp/ch.elf.zGGCRj.ltrans0.ltrans.o
                0x0000000008009d10                Vector120
 *fill*         0x0000000008009d38        0x8 
 .text.VectorFC
                0x0000000008009d40       0x2c /tmp/ch.elf.zGGCRj.ltrans0.ltrans.o
                0x0000000008009d40                VectorFC
 *fill*         0x0000000008009d6c        0x4 
 .text.Vector84
                0x0000000008009d70       0x2c /tmp/ch.elf.zGGCRj.ltrans0.ltrans.o
                0x0000000008009d70                Vector84
 *fill*         0x0000000008009d9c        0x4 
 .text.Vector80
                0x0000000008009da0       0x2c /tmp/ch.elf.zGGCRj.ltrans0.ltrans.o
                0x0000000008009da0                Vector80
 *fill*         0x0000000008009dcc        0x4 
 .text.Vector7C
                0x0000000008009dd0       0x28 /tmp/ch.elf.zGGCRj.ltrans0.ltrans.o
                0x0000000008009dd0                Vector7C
 *fill*         0x0000000008009df8        0x8 
 .text.Vector78
                0x0000000008009e00       0x2c /tmp/ch.elf.zGGCRj.ltrans0.ltrans.o
                0x0000000008009e00                Vector78
 *fill*         0x0000000008009e2c        0x4 
 .text.Vector74
                0x0000000008009e30       0x2c /tmp/ch.elf.zGGCRj.ltrans0.ltrans.o
                0x0000000008009e30                Vector74
 *fill*         0x0000000008009e5c        0x4 
 .text.Vector70
                0x0000000008009e60       0x2c /tmp/ch.elf.zGGCRj.ltrans0.ltrans.o
                0x0000000008009e60                Vector70
 *fill*         0x0000000008009e8c        0x4 
 .text.Vector6C
                0x0000000008009e90       0x28 /tmp/ch.elf.zGGCRj.ltrans0.ltrans.o
                0x0000000008009e90                Vector6C
 *fill*         0x0000000008009eb8        0x8 
 .text.VectorE0
                0x0000000008009ec0       0x74 /tmp/ch.elf.zGGCRj.ltrans0.ltrans.o
                0x0000000008009ec0                VectorE0
 *fill*         0x0000000008009f34        0xc 
 .text.Vector9C
                0x0000000008009f40       0x68 /tmp/ch.elf.zGGCRj.ltrans0.ltrans.o
                0x0000000008009f40                Vector9C
 *fill*         0x0000000008009fa8        0x8 
 .text.Vector68
                0x0000000008009fb0       0x2c /tmp/ch.elf.zGGCRj.ltrans0.ltrans.o
                0x0000000008009fb0                Vector68
 *fill*         0x0000000008009fdc        0x4 
 .text.Vector64
                0x0000000008009fe0       0x2c /tmp/ch.elf.zGGCRj.ltrans0.ltrans.o
                0x0000000008009fe0                Vector64
 *fill*         0x000000000800a00c        0x4 
 .text.Vector60
                0x000000000800a010       0x2c /tmp/ch.elf.zGGCRj.ltrans0.ltrans.o
                0x000000000800a010                Vector60
 *fill*         0x000000000800a03c        0x4 
 .text.Vector5C
                0x000000000800a040       0x2c /tmp/ch.elf.zGGCRj.ltrans0.ltrans.o
                0x000000000800a040                Vector5C
 *fill*         0x000000000800a06c        0x4 
 .text.Vector58
                0x000000000800a070       0x2c /tmp/ch.elf.zGGCRj.ltrans0.ltrans.o
                0x000000000800a070                Vector58
 *fill*         0x000000000800a09c        0x4 
 .text.spiSelect
                0x000000000800a0a0       0x1c /tmp/ch.elf.zGGCRj.ltrans1.ltrans.o
 *fill*         0x000000000800a0bc        0x4 
 .text.sduInterruptTransmitted
                0x000000000800a0c0        0x4 /tmp/ch.elf.zGGCRj.ltrans1.ltrans.o
                0x000000000800a0c0                sduInterruptTransmitted
 *fill*         0x000000000800a0c4        0xc 
 .text._ctl.lto_priv.0.lto_priv.0
                0x000000000800a0d0        0x4 /tmp/ch.elf.zGGCRj.ltrans1.ltrans.o
                0x000000000800a0d0                _ctl.lto_priv.0.lto_priv.0
 *fill*         0x000000000800a0d4        0xc 
 .text._ctl     0x000000000800a0e0        0x4 /tmp/ch.elf.zGGCRj.ltrans1.ltrans.o
                0x000000000800a0e0                _ctl.lto_priv.1.lto_priv.0
 *fill*         0x000000000800a0e4        0xc 
 .text.mmcGetInfo
                0x000000000800a0f0       0x18 /tmp/ch.elf.zGGCRj.ltrans1.ltrans.o
                0x000000000800a0f0                mmcGetInfo
 *fill*         0x000000000800a108        0x8 
 .text.spiIgnore
                0x000000000800a110       0x54 /tmp/ch.elf.zGGCRj.ltrans1.ltrans.o
 *fill*         0x000000000800a164        0xc 
 .text.spiStop  0x000000000800a170       0x84 /tmp/ch.elf.zGGCRj.ltrans1.ltrans.o
 *fill*         0x000000000800a1f4        0xc 
 .text.oqPutTimeout
                0x000000000800a200       0x50 /tmp/ch.elf.zGGCRj.ltrans1.ltrans.o
 .text._putt.lto_priv.0
                0x000000000800a250        0x8 /tmp/ch.elf.zGGCRj.ltrans1.ltrans.o
                0x000000000800a250                _putt.lto_priv.0
 *fill*         0x000000000800a258        0x8 
 .text._put.lto_priv.0
                0x000000000800a260        0xc /tmp/ch.elf.zGGCRj.ltrans1.ltrans.o
                0x000000000800a260                _put.lto_priv.0
 *fill*         0x000000000800a26c        0x4 
 .text.iqGetTimeout
                0x000000000800a270       0x54 /tmp/ch.elf.zGGCRj.ltrans1.ltrans.o
 *fill*         0x000000000800a2c4        0xc 
 .text._gett.lto_priv.0
                0x000000000800a2d0        0x8 /tmp/ch.elf.zGGCRj.ltrans1.ltrans.o
                0x000000000800a2d0                _gett.lto_priv.0
 *fill*         0x000000000800a2d8        0x8 
 .text._get.lto_priv.0
                0x000000000800a2e0        0xc /tmp/ch.elf.zGGCRj.ltrans1.ltrans.o
                0x000000000800a2e0                _get.lto_priv.0
 *fill*         0x000000000800a2ec        0x4 
 .text.obqGetEmptyBufferTimeoutS
                0x000000000800a2f0       0x34 /tmp/ch.elf.zGGCRj.ltrans1.ltrans.o
 *fill*         0x000000000800a324        0xc 
 .text.obqPutTimeout
                0x000000000800a330       0x64 /tmp/ch.elf.zGGCRj.ltrans1.ltrans.o
 *fill*         0x000000000800a394        0xc 
 .text._putt.lto_priv.1
                0x000000000800a3a0        0x8 /tmp/ch.elf.zGGCRj.ltrans1.ltrans.o
                0x000000000800a3a0                _putt.lto_priv.1
 *fill*         0x000000000800a3a8        0x8 
 .text._put.lto_priv.1
                0x000000000800a3b0        0xc /tmp/ch.elf.zGGCRj.ltrans1.ltrans.o
                0x000000000800a3b0                _put.lto_priv.1
 *fill*         0x000000000800a3bc        0x4 
 .text.ibqGetFullBufferTimeoutS
                0x000000000800a3c0       0x34 /tmp/ch.elf.zGGCRj.ltrans1.ltrans.o
 *fill*         0x000000000800a3f4        0xc 
 .text.ibqGetTimeout
                0x000000000800a400       0x5c /tmp/ch.elf.zGGCRj.ltrans1.ltrans.o
 *fill*         0x000000000800a45c        0x4 
 .text._gett.lto_priv.1
                0x000000000800a460        0x8 /tmp/ch.elf.zGGCRj.ltrans1.ltrans.o
                0x000000000800a460                _gett.lto_priv.1
 *fill*         0x000000000800a468        0x8 
 .text._get.lto_priv.1
                0x000000000800a470        0xc /tmp/ch.elf.zGGCRj.ltrans1.ltrans.o
                0x000000000800a470                _get.lto_priv.1
 *fill*         0x000000000800a47c        0x4 
 .text.oqWriteTimeout
                0x000000000800a480       0xd4 /tmp/ch.elf.zGGCRj.ltrans1.ltrans.o
 *fill*         0x000000000800a554        0xc 
 .text._writet.lto_priv.0.lto_priv.0
                0x000000000800a560        0x8 /tmp/ch.elf.zGGCRj.ltrans1.ltrans.o
                0x000000000800a560                _writet.lto_priv.0.lto_priv.0
 *fill*         0x000000000800a568        0x8 
 .text._write.lto_priv.0.lto_priv.0
                0x000000000800a570        0xc /tmp/ch.elf.zGGCRj.ltrans1.ltrans.o
                0x000000000800a570                _write.lto_priv.0.lto_priv.0
 *fill*         0x000000000800a57c        0x4 
 .text.iqReadTimeout
                0x000000000800a580       0xd4 /tmp/ch.elf.zGGCRj.ltrans1.ltrans.o
 *fill*         0x000000000800a654        0xc 
 .text._readt.lto_priv.0.lto_priv.0
                0x000000000800a660        0x8 /tmp/ch.elf.zGGCRj.ltrans1.ltrans.o
                0x000000000800a660                _readt.lto_priv.0.lto_priv.0
 *fill*         0x000000000800a668        0x8 
 .text._read.lto_priv.0.lto_priv.0
                0x000000000800a670        0xc /tmp/ch.elf.zGGCRj.ltrans1.ltrans.o
                0x000000000800a670                _read.lto_priv.0.lto_priv.0
 *fill*         0x000000000800a67c        0x4 
 .text.obqWriteTimeout
                0x000000000800a680       0xd8 /tmp/ch.elf.zGGCRj.ltrans1.ltrans.o
 *fill*         0x000000000800a758        0x8 
 .text._writet.lto_priv.1
                0x000000000800a760        0x8 /tmp/ch.elf.zGGCRj.ltrans1.ltrans.o
                0x000000000800a760                _writet.lto_priv.1
 *fill*         0x000000000800a768        0x8 
 .text._write.lto_priv.1
                0x000000000800a770        0xc /tmp/ch.elf.zGGCRj.ltrans1.ltrans.o
                0x000000000800a770                _write.lto_priv.1
 *fill*         0x000000000800a77c        0x4 
 .text.ibqReadTimeout
                0x000000000800a780       0xcc /tmp/ch.elf.zGGCRj.ltrans1.ltrans.o
 *fill*         0x000000000800a84c        0x4 
 .text._readt.lto_priv.1
                0x000000000800a850        0x8 /tmp/ch.elf.zGGCRj.ltrans1.ltrans.o
                0x000000000800a850                _readt.lto_priv.1
 *fill*         0x000000000800a858        0x8 
 .text._read.lto_priv.1
                0x000000000800a860        0xc /tmp/ch.elf.zGGCRj.ltrans1.ltrans.o
                0x000000000800a860                _read.lto_priv.1
 *fill*         0x000000000800a86c        0x4 
 .text.usbStartTransmitI
                0x000000000800a870       0x28 /tmp/ch.elf.zGGCRj.ltrans1.ltrans.o
                0x000000000800a870                usbStartTransmitI
 *fill*         0x000000000800a898        0x8 
 .text.usbDisableEndpointsI
                0x000000000800a8a0       0x70 /tmp/ch.elf.zGGCRj.ltrans1.ltrans.o
                0x000000000800a8a0                usbDisableEndpointsI
 .text.usbInitEndpointI
                0x000000000800a910      0x174 /tmp/ch.elf.zGGCRj.ltrans1.ltrans.o
                0x000000000800a910                usbInitEndpointI
 *fill*         0x000000000800aa84        0xc 
 .text.spiReceive
                0x000000000800aa90       0x50 /tmp/ch.elf.zGGCRj.ltrans1.ltrans.o
                0x000000000800aa90                spiReceive
 .text.wait.isra.0
                0x000000000800aae0       0x44 /tmp/ch.elf.zGGCRj.ltrans1.ltrans.o
 *fill*         0x000000000800ab24        0xc 
 .text.recvr1.isra.0
                0x000000000800ab30       0x24 /tmp/ch.elf.zGGCRj.ltrans1.ltrans.o
 *fill*         0x000000000800ab54        0xc 
 .text.spiSend  0x000000000800ab60       0x50 /tmp/ch.elf.zGGCRj.ltrans1.ltrans.o
                0x000000000800ab60                spiSend
 .text.send_hdr
                0x000000000800abb0       0x68 /tmp/ch.elf.zGGCRj.ltrans1.ltrans.o
 *fill*         0x000000000800ac18        0x8 
 .text.spiUnselect
                0x000000000800ac20       0x1c /tmp/ch.elf.zGGCRj.ltrans1.ltrans.o
                0x000000000800ac20                spiUnselect
 *fill*         0x000000000800ac3c        0x4 
 .text.sync.isra.0
                0x000000000800ac40       0x38 /tmp/ch.elf.zGGCRj.ltrans1.ltrans.o
 *fill*         0x000000000800ac78        0x8 
 .text.read_CxD
                0x000000000800ac80       0x94 /tmp/ch.elf.zGGCRj.ltrans1.ltrans.o
 *fill*         0x000000000800ad14        0xc 
 .text.send_command_R3
                0x000000000800ad20       0x40 /tmp/ch.elf.zGGCRj.ltrans1.ltrans.o
 .text.send_command_R1
                0x000000000800ad60       0x30 /tmp/ch.elf.zGGCRj.ltrans1.ltrans.o
 .text.spiStart
                0x000000000800ad90      0x120 /tmp/ch.elf.zGGCRj.ltrans1.ltrans.o
                0x000000000800ad90                spiStart
 .text.mmcSync  0x000000000800aeb0       0x2c /tmp/ch.elf.zGGCRj.ltrans1.ltrans.o
                0x000000000800aeb0                mmcSync
 *fill*         0x000000000800aedc        0x4 
 .text.mmcDisconnect
                0x000000000800aee0       0x48 /tmp/ch.elf.zGGCRj.ltrans1.ltrans.o
                0x000000000800aee0                mmcDisconnect
 *fill*         0x000000000800af28        0x8 
 .text.mmcConnect
                0x000000000800af30      0x160 /tmp/ch.elf.zGGCRj.ltrans1.ltrans.o
                0x000000000800af30                mmcConnect
 .text.sdu_start_receive.lto_priv.0
                0x000000000800b090       0x60 /tmp/ch.elf.zGGCRj.ltrans1.ltrans.o
                0x000000000800b090                sdu_start_receive.lto_priv.0
 .text.sduDataReceived
                0x000000000800b0f0       0x64 /tmp/ch.elf.zGGCRj.ltrans1.ltrans.o
                0x000000000800b0f0                sduDataReceived
 *fill*         0x000000000800b154        0xc 
 .text.ibnotify.lto_priv.0
                0x000000000800b160        0x8 /tmp/ch.elf.zGGCRj.ltrans1.ltrans.o
                0x000000000800b160                ibnotify.lto_priv.0
 *fill*         0x000000000800b168        0x8 
 .text.mmcStopSequentialRead.part.0
                0x000000000800b170       0x30 /tmp/ch.elf.zGGCRj.ltrans1.ltrans.o
                0x000000000800b170                mmcStopSequentialRead.part.0
 .text.mmcSequentialWrite
                0x000000000800b1a0       0x78 /tmp/ch.elf.zGGCRj.ltrans1.ltrans.o
                0x000000000800b1a0                mmcSequentialWrite
 *fill*         0x000000000800b218        0x8 
 .text.mmcStartSequentialWrite
                0x000000000800b220       0x60 /tmp/ch.elf.zGGCRj.ltrans1.ltrans.o
                0x000000000800b220                mmcStartSequentialWrite
 .text.mmc_write.lto_priv.0
                0x000000000800b280       0x54 /tmp/ch.elf.zGGCRj.ltrans1.ltrans.o
                0x000000000800b280                mmc_write.lto_priv.0
 *fill*         0x000000000800b2d4        0xc 
 .text.mmcSequentialRead
                0x000000000800b2e0       0x60 /tmp/ch.elf.zGGCRj.ltrans1.ltrans.o
                0x000000000800b2e0                mmcSequentialRead
 .text.mmcStartSequentialRead
                0x000000000800b340       0x60 /tmp/ch.elf.zGGCRj.ltrans1.ltrans.o
                0x000000000800b340                mmcStartSequentialRead
 .text.mmc_read.lto_priv.0
                0x000000000800b3a0       0x3c /tmp/ch.elf.zGGCRj.ltrans1.ltrans.o
                0x000000000800b3a0                mmc_read.lto_priv.0
 *fill*         0x000000000800b3dc        0x4 
 .text.obqGetFullBufferI
                0x000000000800b3e0       0x1c /tmp/ch.elf.zGGCRj.ltrans1.ltrans.o
                0x000000000800b3e0                obqGetFullBufferI
 *fill*         0x000000000800b3fc        0x4 
 .text.sduDataTransmitted
                0x000000000800b400       0xa8 /tmp/ch.elf.zGGCRj.ltrans1.ltrans.o
                0x000000000800b400                sduDataTransmitted
 *fill*         0x000000000800b4a8        0x8 
 .text.obnotify.lto_priv.0
                0x000000000800b4b0       0x44 /tmp/ch.elf.zGGCRj.ltrans1.ltrans.o
                0x000000000800b4b0                obnotify.lto_priv.0
 *fill*         0x000000000800b4f4        0xc 
 .text.__init_ram_areas
                0x000000000800b500       0x68 /tmp/ch.elf.zGGCRj.ltrans1.ltrans.o
                0x000000000800b500                __init_ram_areas
 *fill*         0x000000000800b568        0x8 
 .text.__default_exit
                0x000000000800b570        0x4 /tmp/ch.elf.zGGCRj.ltrans1.ltrans.o
                0x000000000800b570                __default_exit
 *fill*         0x000000000800b574        0xc 
 .text.__late_init
                0x000000000800b580        0x4 /tmp/ch.elf.zGGCRj.ltrans1.ltrans.o
                0x000000000800b580                __late_init
 *fill*         0x000000000800b584        0xc 
 .text.__core_init
                0x000000000800b590        0x4 /tmp/ch.elf.zGGCRj.ltrans1.ltrans.o
                0x000000000800b590                __core_init
 .text.atoi     0x000000000800b594        0x8 /home/rob/Projects/ChibiStudio/ChibiStudio_20/tools/GNU Tools ARM Embedded/9.2.1 2019q4/bin/../lib/gcc/arm-none-eabi/9.2.1/../../../../arm-none-eabi/lib/thumb/v7e-m/nofp/libg.a(lib_a-atoi.o)
                0x000000000800b594                atoi
 .text._strtol_l.isra.0
                0x000000000800b59c      0x10c /home/rob/Projects/ChibiStudio/ChibiStudio_20/tools/GNU Tools ARM Embedded/9.2.1 2019q4/bin/../lib/gcc/arm-none-eabi/9.2.1/../../../../arm-none-eabi/lib/thumb/v7e-m/nofp/libg.a(lib_a-strtol.o)
 .text.strtol   0x000000000800b6a8       0x18 /home/rob/Projects/ChibiStudio/ChibiStudio_20/tools/GNU Tools ARM Embedded/9.2.1 2019q4/bin/../lib/gcc/arm-none-eabi/9.2.1/../../../../arm-none-eabi/lib/thumb/v7e-m/nofp/libg.a(lib_a-strtol.o)
                0x000000000800b6a8                strtol
 .text.memset   0x000000000800b6c0       0xa0 /home/rob/Projects/ChibiStudio/ChibiStudio_20/tools/GNU Tools ARM Embedded/9.2.1 2019q4/bin/../lib/gcc/arm-none-eabi/9.2.1/../../../../arm-none-eabi/lib/thumb/v7e-m/nofp/libg.a(lib_a-memset.o)
                0x000000000800b6c0                memset
 .text.strchr   0x000000000800b760       0xd0 /home/rob/Projects/ChibiStudio/ChibiStudio_20/tools/GNU Tools ARM Embedded/9.2.1 2019q4/bin/../lib/gcc/arm-none-eabi/9.2.1/../../../../arm-none-eabi/lib/thumb/v7e-m/nofp/libg.a(lib_a-strchr.o)
                0x000000000800b760                strchr
 .text.strcpy   0x000000000800b830       0xbc /home/rob/Projects/ChibiStudio/ChibiStudio_20/tools/GNU Tools ARM Embedded/9.2.1 2019q4/bin/../lib/gcc/arm-none-eabi/9.2.1/../../../../arm-none-eabi/lib/thumb/v7e-m/nofp/libg.a(lib_a-strcpy.o)
                0x000000000800b830                strcpy
 .text.strpbrk  0x000000000800b8ec       0x38 /home/rob/Projects/ChibiStudio/ChibiStudio_20/tools/GNU Tools ARM Embedded/9.2.1 2019q4/bin/../lib/gcc/arm-none-eabi/9.2.1/../../../../arm-none-eabi/lib/thumb/v7e-m/nofp/libg.a(lib_a-strpbrk.o)
                0x000000000800b8ec                strpbrk
 .text.strspn   0x000000000800b924       0x30 /home/rob/Projects/ChibiStudio/ChibiStudio_20/tools/GNU Tools ARM Embedded/9.2.1 2019q4/bin/../lib/gcc/arm-none-eabi/9.2.1/../../../../arm-none-eabi/lib/thumb/v7e-m/nofp/libg.a(lib_a-strspn.o)
                0x000000000800b924                strspn
 .text.two_way_long_needle
                0x000000000800b954      0x2b4 /home/rob/Projects/ChibiStudio/ChibiStudio_20/tools/GNU Tools ARM Embedded/9.2.1 2019q4/bin/../lib/gcc/arm-none-eabi/9.2.1/../../../../arm-none-eabi/lib/thumb/v7e-m/nofp/libg.a(lib_a-strstr.o)
 .text.strstr   0x000000000800bc08      0x164 /home/rob/Projects/ChibiStudio/ChibiStudio_20/tools/GNU Tools ARM Embedded/9.2.1 2019q4/bin/../lib/gcc/arm-none-eabi/9.2.1/../../../../arm-none-eabi/lib/thumb/v7e-m/nofp/libg.a(lib_a-strstr.o)
                0x000000000800bc08                strstr
 .text.memcmp   0x000000000800bd6c       0x60 /home/rob/Projects/ChibiStudio/ChibiStudio_20/tools/GNU Tools ARM Embedded/9.2.1 2019q4/bin/../lib/gcc/arm-none-eabi/9.2.1/../../../../arm-none-eabi/lib/thumb/v7e-m/nofp/libg.a(lib_a-memcmp.o)
                0x000000000800bd6c                memcmp
 .text.strnlen  0x000000000800bdcc       0x28 /home/rob/Projects/ChibiStudio/ChibiStudio_20/tools/GNU Tools ARM Embedded/9.2.1 2019q4/bin/../lib/gcc/arm-none-eabi/9.2.1/../../../../arm-none-eabi/lib/thumb/v7e-m/nofp/libg.a(lib_a-strnlen.o)
                0x000000000800bdcc                strnlen
 *(.glue_7t)
 .glue_7t       0x000000000800bdf4        0x0 linker stubs
 *(.glue_7)
 .glue_7        0x000000000800bdf4        0x0 linker stubs
 *(.gcc*)
                0x000000000800bdf4                __text_end__ = .

.vfp11_veneer   0x000000000800bdf4        0x0
 .vfp11_veneer  0x000000000800bdf4        0x0 linker stubs

.v4_bx          0x000000000800bdf4        0x0
 .v4_bx         0x000000000800bdf4        0x0 linker stubs

.iplt           0x000000000800bdf4        0x0
 .iplt          0x000000000800bdf4        0x0 ./build/obj/crt0_v7m.o

.rodata         0x000000000800bdf4     0x190c
                0x000000000800bdf4                __rodata_base__ = .
 *(.rodata)
 .rodata        0x000000000800bdf4        0x8 /tmp/ch.elf.zGGCRj.ltrans0.ltrans.o
 *(.rodata.*)
 .rodata.i2c_lld_serve_rx_end_irq.str1.4
                0x000000000800bdfc        0xc /tmp/ch.elf.zGGCRj.ltrans0.ltrans.o
 .rodata.chscanf.constprop.0.str1.4
                0x000000000800be08        0x5 /tmp/ch.elf.zGGCRj.ltrans0.ltrans.o
 *fill*         0x000000000800be0d        0x3 
 .rodata.chprintf.str1.4
                0x000000000800be10        0x7 /tmp/ch.elf.zGGCRj.ltrans0.ltrans.o
 *fill*         0x000000000800be17        0x1 
 .rodata.cmd_xhelp.str1.4
                0x000000000800be18      0x18b /tmp/ch.elf.zGGCRj.ltrans0.ltrans.o
                                        0x18f (size before relaxing)
 *fill*         0x000000000800bfa3        0x1 
 .rodata.cmd_wc.str1.4
                0x000000000800bfa4       0x2c /tmp/ch.elf.zGGCRj.ltrans0.ltrans.o
 .rodata.cmd_change_pw4.str1.4
                0x000000000800bfd0       0xc4 /tmp/ch.elf.zGGCRj.ltrans0.ltrans.o
 .rodata.cmd_change_freq.str1.4
                0x000000000800c094       0x6c /tmp/ch.elf.zGGCRj.ltrans0.ltrans.o
 .rodata.parse_arguments.lto_priv.0.str1.4
                0x000000000800c100        0x3 /tmp/ch.elf.zGGCRj.ltrans0.ltrans.o
 *fill*         0x000000000800c103        0x1 
 .rodata.cmd_br.str1.4
                0x000000000800c104       0x98 /tmp/ch.elf.zGGCRj.ltrans0.ltrans.o
 .rodata.cmd_fill.str1.4
                0x000000000800c19c       0x76 /tmp/ch.elf.zGGCRj.ltrans0.ltrans.o
 *fill*         0x000000000800c212        0x2 
 .rodata.cmd_wb.str1.4
                0x000000000800c214       0x54 /tmp/ch.elf.zGGCRj.ltrans0.ltrans.o
 .rodata.cmd_rb.str1.4
                0x000000000800c268       0x4b /tmp/ch.elf.zGGCRj.ltrans0.ltrans.o
 *fill*         0x000000000800c2b3        0x1 
 .rodata.cmd_spi.str1.4
                0x000000000800c2b4       0x29 /tmp/ch.elf.zGGCRj.ltrans0.ltrans.o
 *fill*         0x000000000800c2dd        0x3 
 .rodata.cmd_test.str1.4
                0x000000000800c2e0       0x61 /tmp/ch.elf.zGGCRj.ltrans0.ltrans.o
 *fill*         0x000000000800c341        0x3 
 .rodata.check_fs.str1.4
                0x000000000800c344        0x6 /tmp/ch.elf.zGGCRj.ltrans0.ltrans.o
 *fill*         0x000000000800c34a        0x2 
 .rodata.f_mount.constprop.0.str1.4
                0x000000000800c34c        0x2 /tmp/ch.elf.zGGCRj.ltrans0.ltrans.o
 *fill*         0x000000000800c34e        0x2 
 .rodata.cmd_umount.str1.4
                0x000000000800c350       0x2f /tmp/ch.elf.zGGCRj.ltrans0.ltrans.o
 *fill*         0x000000000800c37f        0x1 
 .rodata.cmd_mount.str1.4
                0x000000000800c380       0x4e /tmp/ch.elf.zGGCRj.ltrans0.ltrans.o
 *fill*         0x000000000800c3ce        0x2 
 .rodata.cmd_free.str1.4
                0x000000000800c3d0       0x6a /tmp/ch.elf.zGGCRj.ltrans0.ltrans.o
 *fill*         0x000000000800c43a        0x2 
 .rodata.follow_path.str1.4
                0x000000000800c43c        0xf /tmp/ch.elf.zGGCRj.ltrans0.ltrans.o
 *fill*         0x000000000800c44b        0x1 
 .rodata.cmd_mv.str1.4
                0x000000000800c44c       0xc5 /tmp/ch.elf.zGGCRj.ltrans0.ltrans.o
 *fill*         0x000000000800c511        0x3 
 .rodata.cmd_mkdir.str1.4
                0x000000000800c514       0xdc /tmp/ch.elf.zGGCRj.ltrans0.ltrans.o
 .rodata.cmd_pwd.str1.4
                0x000000000800c5f0       0xdc /tmp/ch.elf.zGGCRj.ltrans0.ltrans.o
                                          0x5 (size before relaxing)
 .rodata.cmd_cd.str1.4
                0x000000000800c5f0       0x61 /tmp/ch.elf.zGGCRj.ltrans0.ltrans.o
 *fill*         0x000000000800c651        0x3 
 .rodata.cmd_getlabel.str1.4
                0x000000000800c654       0x6d /tmp/ch.elf.zGGCRj.ltrans0.ltrans.o
                                         0x71 (size before relaxing)
 *fill*         0x000000000800c6c1        0x3 
 .rodata.cmd_setlabel.str1.4
                0x000000000800c6c4       0x7c /tmp/ch.elf.zGGCRj.ltrans0.ltrans.o
 .rodata.cmd_rm.str1.4
                0x000000000800c740       0x5b /tmp/ch.elf.zGGCRj.ltrans0.ltrans.o
 *fill*         0x000000000800c79b        0x1 
 .rodata.cmd_rmdir.str1.4
                0x000000000800c79c       0x64 /tmp/ch.elf.zGGCRj.ltrans0.ltrans.o
 .rodata.scan_files.constprop.0.str1.4
                0x000000000800c800        0x8 /tmp/ch.elf.zGGCRj.ltrans0.ltrans.o
 .rodata.cmd_tree.str1.4
                0x000000000800c808       0x89 /tmp/ch.elf.zGGCRj.ltrans0.ltrans.o
 *fill*         0x000000000800c891        0x3 
 .rodata.cmd_dir.str1.4
                0x000000000800c894       0x70 /tmp/ch.elf.zGGCRj.ltrans0.ltrans.o
 .rodata.cmd_exec.str1.4
                0x000000000800c904       0x78 /tmp/ch.elf.zGGCRj.ltrans0.ltrans.o
 .rodata.cmd_cat.str1.4
                0x000000000800c97c       0x55 /tmp/ch.elf.zGGCRj.ltrans0.ltrans.o
 *fill*         0x000000000800c9d1        0x3 
 .rodata.cmd_create.str1.4
                0x000000000800c9d4       0x59 /tmp/ch.elf.zGGCRj.ltrans0.ltrans.o
 *fill*         0x000000000800ca2d        0x3 
 .rodata.chThdCreateStatic.str1.4
                0x000000000800ca30        0x7 /tmp/ch.elf.zGGCRj.ltrans0.ltrans.o
 *fill*         0x000000000800ca37        0x1 
 .rodata.shellThread.str1.4
                0x000000000800ca38       0x61 /tmp/ch.elf.zGGCRj.ltrans0.ltrans.o
 *fill*         0x000000000800ca99        0x3 
 .rodata.CharacterInputThread.str1.4
                0x000000000800ca9c      0x1af /tmp/ch.elf.zGGCRj.ltrans0.ltrans.o
 *fill*         0x000000000800cc4b        0x1 
 .rodata.main.str1.4
                0x000000000800cc4c       0x3c /tmp/ch.elf.zGGCRj.ltrans0.ltrans.o
 .rodata.str1.4
                0x000000000800cc88      0x2bf /tmp/ch.elf.zGGCRj.ltrans0.ltrans.o
 *fill*         0x000000000800cf47        0x1 
 .rodata.CSWTCH.58
                0x000000000800cf48       0x50 /tmp/ch.elf.zGGCRj.ltrans0.ltrans.o
 .rodata.ExCvt  0x000000000800cf98       0x80 /tmp/ch.elf.zGGCRj.ltrans0.ltrans.o
 .rodata._stm32_dma_streams
                0x000000000800d018       0xc0 /tmp/ch.elf.zGGCRj.ltrans0.ltrans.o
 .rodata.active_status
                0x000000000800d0d8        0x2 /tmp/ch.elf.zGGCRj.ltrans0.ltrans.o
 *fill*         0x000000000800d0da        0x2 
 .rodata.badchr.4923
                0x000000000800d0dc       0x12 /tmp/ch.elf.zGGCRj.ltrans0.ltrans.o
 *fill*         0x000000000800d0ee        0x2 
 .rodata.ch_debug
                0x000000000800d0f0       0x16 /tmp/ch.elf.zGGCRj.ltrans0.ltrans.o
 *fill*         0x000000000800d106        0x2 
 .rodata.commands
                0x000000000800d108       0xe0 /tmp/ch.elf.zGGCRj.ltrans0.ltrans.o
 .rodata.ep0config
                0x000000000800d1e8       0x24 /tmp/ch.elf.zGGCRj.ltrans0.ltrans.o
 .rodata.ep1config
                0x000000000800d20c       0x24 /tmp/ch.elf.zGGCRj.ltrans0.ltrans.o
 .rodata.ep2config
                0x000000000800d230       0x24 /tmp/ch.elf.zGGCRj.ltrans0.ltrans.o
 .rodata.evhndl.11058
                0x000000000800d254        0xc /tmp/ch.elf.zGGCRj.ltrans0.ltrans.o
 .rodata.fsparams
                0x000000000800d260        0xc /tmp/ch.elf.zGGCRj.ltrans0.ltrans.o
 .rodata.gptcfg1
                0x000000000800d26c       0x10 /tmp/ch.elf.zGGCRj.ltrans0.ltrans.o
 .rodata.halted_status
                0x000000000800d27c        0x2 /tmp/ch.elf.zGGCRj.ltrans0.ltrans.o
 *fill*         0x000000000800d27e        0x2 
 .rodata.hs_spicfg
                0x000000000800d280       0x14 /tmp/ch.elf.zGGCRj.ltrans0.ltrans.o
 .rodata.i2cfg1
                0x000000000800d294        0xc /tmp/ch.elf.zGGCRj.ltrans0.ltrans.o
 .rodata.ls_spicfg
                0x000000000800d2a0       0x14 /tmp/ch.elf.zGGCRj.ltrans0.ltrans.o
 .rodata.mmc_vmt
                0x000000000800d2b4       0x24 /tmp/ch.elf.zGGCRj.ltrans0.ltrans.o
 .rodata.portab_mmccfg
                0x000000000800d2d8        0xc /tmp/ch.elf.zGGCRj.ltrans0.ltrans.o
 .rodata.serusbcfg1
                0x000000000800d2e4        0x8 /tmp/ch.elf.zGGCRj.ltrans0.ltrans.o
 .rodata.shell_cfg1
                0x000000000800d2ec       0x14 /tmp/ch.elf.zGGCRj.ltrans0.ltrans.o
 .rodata.shell_local_commands
                0x000000000800d300        0x8 /tmp/ch.elf.zGGCRj.ltrans0.ltrans.o
 .rodata.stop.9471.lto_priv.0
                0x000000000800d308        0x2 /tmp/ch.elf.zGGCRj.ltrans0.ltrans.o
                0x000000000800d308                stop.9471.lto_priv.0
 *fill*         0x000000000800d30a        0x2 
 .rodata.usbcfg
                0x000000000800d30c       0x10 /tmp/ch.elf.zGGCRj.ltrans0.ltrans.o
 .rodata.vcom_configuration_descriptor
                0x000000000800d31c        0x8 /tmp/ch.elf.zGGCRj.ltrans0.ltrans.o
 .rodata.vcom_configuration_descriptor_data
                0x000000000800d324       0x4b /tmp/ch.elf.zGGCRj.ltrans0.ltrans.o
 *fill*         0x000000000800d36f        0x1 
 .rodata.vcom_device_descriptor
                0x000000000800d370        0x8 /tmp/ch.elf.zGGCRj.ltrans0.ltrans.o
 .rodata.vcom_device_descriptor_data
                0x000000000800d378       0x12 /tmp/ch.elf.zGGCRj.ltrans0.ltrans.o
 *fill*         0x000000000800d38a        0x2 
 .rodata.vcom_string0
                0x000000000800d38c        0x4 /tmp/ch.elf.zGGCRj.ltrans0.ltrans.o
 .rodata.vcom_string1
                0x000000000800d390       0x26 /tmp/ch.elf.zGGCRj.ltrans0.ltrans.o
 *fill*         0x000000000800d3b6        0x2 
 .rodata.vcom_string2
                0x000000000800d3b8       0x38 /tmp/ch.elf.zGGCRj.ltrans0.ltrans.o
 .rodata.vcom_string3
                0x000000000800d3f0        0x8 /tmp/ch.elf.zGGCRj.ltrans0.ltrans.o
 .rodata.vcom_strings
                0x000000000800d3f8       0x20 /tmp/ch.elf.zGGCRj.ltrans0.ltrans.o
 .rodata.vmt.lto_priv.0
                0x000000000800d418       0x28 /tmp/ch.elf.zGGCRj.ltrans0.ltrans.o
 .rodata.vmt.lto_priv.1
                0x000000000800d440       0x28 /tmp/ch.elf.zGGCRj.ltrans0.ltrans.o
 .rodata.zero_status
                0x000000000800d468        0x2 /tmp/ch.elf.zGGCRj.ltrans0.ltrans.o
 *fill*         0x000000000800d46a        0x2 
 .rodata.crc7_lookup_table
                0x000000000800d46c      0x100 /tmp/ch.elf.zGGCRj.ltrans1.ltrans.o
 .rodata.dummytx
                0x000000000800d56c        0x2 /tmp/ch.elf.zGGCRj.ltrans1.ltrans.o
 *fill*         0x000000000800d56e        0x2 
 .rodata.ram_areas
                0x000000000800d570       0x80 /tmp/ch.elf.zGGCRj.ltrans1.ltrans.o
 .rodata.start.9465
                0x000000000800d5f0        0x2 /tmp/ch.elf.zGGCRj.ltrans1.ltrans.o
 *fill*         0x000000000800d5f2        0x2 
 .rodata.stopcmd.9454
                0x000000000800d5f4        0x7 /tmp/ch.elf.zGGCRj.ltrans1.ltrans.o
 *fill*         0x000000000800d5fb        0x1 
 .rodata._ctype_
                0x000000000800d5fc      0x101 /home/rob/Projects/ChibiStudio/ChibiStudio_20/tools/GNU Tools ARM Embedded/9.2.1 2019q4/bin/../lib/gcc/arm-none-eabi/9.2.1/../../../../arm-none-eabi/lib/thumb/v7e-m/nofp/libg.a(lib_a-ctype_.o)
                0x000000000800d5fc                _ctype_
                0x000000000800d700                . = ALIGN (0x4)
 *fill*         0x000000000800d6fd        0x3 
                0x000000000800d700                __rodata_end__ = .

.ARM.extab
 *(.ARM.extab* .gnu.linkonce.armextab.*)

.ARM.exidx      0x000000000800d700        0x8
                0x000000000800d700                __exidx_base__ = .
                0x000000000800d700                __exidx_start = .
 *(.ARM.exidx* .gnu.linkonce.armexidx.*)
 .ARM.exidx     0x000000000800d700        0x8 /home/rob/Projects/ChibiStudio/ChibiStudio_20/tools/GNU Tools ARM Embedded/9.2.1 2019q4/bin/../lib/gcc/arm-none-eabi/9.2.1/thumb/v7e-m/nofp/libgcc.a(_udivmoddi4.o)
                0x000000000800d708                __exidx_end__ = .
                0x000000000800d708                __exidx_end = .

.rel.dyn        0x000000000800d708        0x0
 .rel.iplt      0x000000000800d708        0x0 ./build/obj/crt0_v7m.o

.eh_frame_hdr
 *(.eh_frame_hdr)

.eh_frame
 *(.eh_frame)

.data           0x0000000020000800      0x480 load address 0x000000000800d708
                [!provide]                        PROVIDE (_textdata = LOADADDR (.data))
                [!provide]                        PROVIDE (_data = .)
                0x000000000800d708                __textdata_base__ = LOADADDR (.data)
                0x0000000020000800                __data_base__ = .
 *(.data)
 *(.data.*)
 .data.dc       0x0000000020000800        0x2 /tmp/ch.elf.zGGCRj.ltrans0.ltrans.o
 .data.halfper  0x0000000020000802        0x2 /tmp/ch.elf.zGGCRj.ltrans0.ltrans.o
 .data.linecoding
                0x0000000020000804        0x7 /tmp/ch.elf.zGGCRj.ltrans0.ltrans.o
 *fill*         0x000000002000080b        0x1 
 .data.pwmcfg   0x000000002000080c       0x34 /tmp/ch.elf.zGGCRj.ltrans0.ltrans.o
 .data.spi_cfg_8
                0x0000000020000840       0x14 /tmp/ch.elf.zGGCRj.ltrans0.ltrans.o
 .data._impure_ptr
                0x0000000020000854        0x4 /home/rob/Projects/ChibiStudio/ChibiStudio_20/tools/GNU Tools ARM Embedded/9.2.1 2019q4/bin/../lib/gcc/arm-none-eabi/9.2.1/../../../../arm-none-eabi/lib/thumb/v7e-m/nofp/libg.a(lib_a-impure.o)
                0x0000000020000854                _impure_ptr
 .data.impure_data
                0x0000000020000858      0x428 /home/rob/Projects/ChibiStudio/ChibiStudio_20/tools/GNU Tools ARM Embedded/9.2.1 2019q4/bin/../lib/gcc/arm-none-eabi/9.2.1/../../../../arm-none-eabi/lib/thumb/v7e-m/nofp/libg.a(lib_a-impure.o)
 *(.ramtext)
                0x0000000020000c80                . = ALIGN (0x4)
                [!provide]                        PROVIDE (_edata = .)
                0x0000000020000c80                __data_end__ = .

.igot.plt       0x0000000020000c80        0x0 load address 0x000000000800db88
 .igot.plt      0x0000000020000c80        0x0 ./build/obj/crt0_v7m.o

.bss            0x0000000020000c80     0x4868 load address 0x000000000800db88
                0x0000000020000c80                __bss_base__ = .
 *(.bss)
 *(.bss.*)
 .bss.BUS_in_use
                0x0000000020000c80        0x1 /tmp/ch.elf.zGGCRj.ltrans0.ltrans.o
 *fill*         0x0000000020000c81        0x3 
 .bss.Dir       0x0000000020000c84       0x2c /tmp/ch.elf.zGGCRj.ltrans0.ltrans.o
 .bss.FatFs     0x0000000020000cb0        0x4 /tmp/ch.elf.zGGCRj.ltrans0.ltrans.o
 .bss.Finfo     0x0000000020000cb4       0x18 /tmp/ch.elf.zGGCRj.ltrans0.ltrans.o
 .bss.Fsid      0x0000000020000ccc        0x2 /tmp/ch.elf.zGGCRj.ltrans0.ltrans.o
 *fill*         0x0000000020000cce        0x2 
 .bss.GPTD4     0x0000000020000cd0       0x10 /tmp/ch.elf.zGGCRj.ltrans0.ltrans.o
 .bss.I2CD1     0x0000000020000ce0       0x38 /tmp/ch.elf.zGGCRj.ltrans0.ltrans.o
 .bss.MMCD1     0x0000000020000d18       0x34 /tmp/ch.elf.zGGCRj.ltrans0.ltrans.o
 .bss.PWMD1     0x0000000020000d4c       0x1c /tmp/ch.elf.zGGCRj.ltrans0.ltrans.o
 .bss.PWMD2     0x0000000020000d68       0x1c /tmp/ch.elf.zGGCRj.ltrans0.ltrans.o
 .bss.PWMD3     0x0000000020000d84       0x1c /tmp/ch.elf.zGGCRj.ltrans0.ltrans.o
 .bss.SD1       0x0000000020000da0      0x25c /tmp/ch.elf.zGGCRj.ltrans0.ltrans.o
 .bss.SD2       0x0000000020000ffc      0x25c /tmp/ch.elf.zGGCRj.ltrans0.ltrans.o
 .bss.SD6       0x0000000020001258      0x25c /tmp/ch.elf.zGGCRj.ltrans0.ltrans.o
 .bss.SDC_FS    0x00000000200014b4      0x234 /tmp/ch.elf.zGGCRj.ltrans0.ltrans.o
 .bss.SDU1      0x00000000200016e8      0x490 /tmp/ch.elf.zGGCRj.ltrans0.ltrans.o
 .bss.SPID1     0x0000000020001b78       0x30 /tmp/ch.elf.zGGCRj.ltrans0.ltrans.o
                0x0000000020001b78                SPID1
 .bss.SPID2     0x0000000020001ba8       0x30 /tmp/ch.elf.zGGCRj.ltrans0.ltrans.o
                0x0000000020001ba8                SPID2
 .bss.USBD1     0x0000000020001bd8       0x60 /tmp/ch.elf.zGGCRj.ltrans0.ltrans.o
 .bss._pal_events
                0x0000000020001c38       0x80 /tmp/ch.elf.zGGCRj.ltrans0.ltrans.o
 .bss.arbuf     0x0000000020001cb8      0x100 /tmp/ch.elf.zGGCRj.ltrans0.ltrans.o
 .bss.btn_cnt   0x0000000020001db8        0x1 /tmp/ch.elf.zGGCRj.ltrans0.ltrans.o
 *fill*         0x0000000020001db9        0x3 
 .bss.ch        0x0000000020001dbc       0x74 /tmp/ch.elf.zGGCRj.ltrans0.ltrans.o
 .bss.ch_factory
                0x0000000020001e30       0x48 /tmp/ch.elf.zGGCRj.ltrans0.ltrans.o
 .bss.ch_idle_thread_wa
                0x0000000020001e78       0xd8 /tmp/ch.elf.zGGCRj.ltrans0.ltrans.o
 .bss.ch_memcore
                0x0000000020001f50        0x8 /tmp/ch.elf.zGGCRj.ltrans0.ltrans.o
 .bss.chunk_cnt.10321
                0x0000000020001f58        0x4 /tmp/ch.elf.zGGCRj.ltrans0.ltrans.o
 .bss.cnt       0x0000000020001f5c        0x4 /tmp/ch.elf.zGGCRj.ltrans0.ltrans.o
 .bss.cnt_idx.10319
                0x0000000020001f60        0x4 /tmp/ch.elf.zGGCRj.ltrans0.ltrans.o
 .bss.completion_buffer
                0x0000000020001f64       0x10 /tmp/ch.elf.zGGCRj.ltrans0.ltrans.o
 .bss.count.10320
                0x0000000020001f74        0x4 /tmp/ch.elf.zGGCRj.ltrans0.ltrans.o
 .bss.cs.10327  0x0000000020001f78        0x1 /tmp/ch.elf.zGGCRj.ltrans0.ltrans.o
 *fill*         0x0000000020001f79        0x3 
 .bss.default_heap
                0x0000000020001f7c       0x1c /tmp/ch.elf.zGGCRj.ltrans0.ltrans.o
 .bss.dma       0x0000000020001f98       0x84 /tmp/ch.elf.zGGCRj.ltrans0.ltrans.o
 .bss.ep0_state
                0x000000002000201c       0x10 /tmp/ch.elf.zGGCRj.ltrans0.ltrans.o
 .bss.ep0setup_buffer
                0x000000002000202c        0x8 /tmp/ch.elf.zGGCRj.ltrans0.ltrans.o
 .bss.ep1instate
                0x0000000020002034       0x10 /tmp/ch.elf.zGGCRj.ltrans0.ltrans.o
 .bss.ep2instate
                0x0000000020002044       0x10 /tmp/ch.elf.zGGCRj.ltrans0.ltrans.o
 .bss.ep2outstate
                0x0000000020002054       0x10 /tmp/ch.elf.zGGCRj.ltrans0.ltrans.o
 .bss.far       0x0000000020002064      0x228 /tmp/ch.elf.zGGCRj.ltrans0.ltrans.o
 .bss.fbuff     0x000000002000228c      0x200 /tmp/ch.elf.zGGCRj.ltrans0.ltrans.o
 .bss.fno.10059
                0x000000002000248c       0x18 /tmp/ch.elf.zGGCRj.ltrans0.ltrans.o
 .bss.fs_ready  0x00000000200024a4        0x1 /tmp/ch.elf.zGGCRj.ltrans0.ltrans.o
 *fill*         0x00000000200024a5        0x3 
 .bss.fsrc      0x00000000200024a8      0x228 /tmp/ch.elf.zGGCRj.ltrans0.ltrans.o
 .bss.history_buffer
                0x00000000200026d0      0x200 /tmp/ch.elf.zGGCRj.ltrans0.ltrans.o
 .bss.idx.10328
                0x00000000200028d0        0x1 /tmp/ch.elf.zGGCRj.ltrans0.ltrans.o
 *fill*         0x00000000200028d1        0x3 
 .bss.inserted_event
                0x00000000200028d4        0x4 /tmp/ch.elf.zGGCRj.ltrans0.ltrans.o
 .bss.is_pressed
                0x00000000200028d8        0x1 /tmp/ch.elf.zGGCRj.ltrans0.ltrans.o
 *fill*         0x00000000200028d9        0x3 
 .bss.long_buf  0x00000000200028dc      0x118 /tmp/ch.elf.zGGCRj.ltrans0.ltrans.o
 .bss.removed_event
                0x00000000200029f4        0x4 /tmp/ch.elf.zGGCRj.ltrans0.ltrans.o
 .bss.shell_terminated
                0x00000000200029f8        0x4 /tmp/ch.elf.zGGCRj.ltrans0.ltrans.o
 .bss.shelltp   0x00000000200029fc        0x4 /tmp/ch.elf.zGGCRj.ltrans0.ltrans.o
 .bss.short_buf
                0x0000000020002a00     0x2010 /tmp/ch.elf.zGGCRj.ltrans0.ltrans.o
 .bss.start_address.10322
                0x0000000020004a10        0x4 /tmp/ch.elf.zGGCRj.ltrans0.ltrans.o
 .bss.tmr       0x0000000020004a14       0x14 /tmp/ch.elf.zGGCRj.ltrans0.ltrans.o
 .bss.vt        0x0000000020004a28       0x14 /tmp/ch.elf.zGGCRj.ltrans0.ltrans.o
 .bss.vt2       0x0000000020004a3c       0x14 /tmp/ch.elf.zGGCRj.ltrans0.ltrans.o
 .bss.waCharacterInputThread
                0x0000000020004a50      0x1c8 /tmp/ch.elf.zGGCRj.ltrans0.ltrans.o
 .bss.waShellThread
                0x0000000020004c18      0x8c8 /tmp/ch.elf.zGGCRj.ltrans0.ltrans.o
 .bss.writetp   0x00000000200054e0        0x4 /tmp/ch.elf.zGGCRj.ltrans0.ltrans.o
 .bss.dummyrx   0x00000000200054e4        0x2 /tmp/ch.elf.zGGCRj.ltrans1.ltrans.o
 *(COMMON)
                0x00000000200054e8                . = ALIGN (0x4)
 *fill*         0x00000000200054e6        0x2 
                0x00000000200054e8                __bss_end__ = .
                [!provide]                        PROVIDE (end = .)
                0x0000000020000000                __ram0_base__ = ORIGIN (ram0)
                0x0000000000010000                __ram0_size__ = LENGTH (ram0)
                0x0000000020010000                __ram0_end__ = (__ram0_base__ + __ram0_size__)
                0x0000000000000000                __ram1_base__ = ORIGIN (ram1)
                0x0000000000000000                __ram1_size__ = LENGTH (ram1)
                0x0000000000000000                __ram1_end__ = (__ram1_base__ + __ram1_size__)
                0x0000000000000000                __ram2_base__ = ORIGIN (ram2)
                0x0000000000000000                __ram2_size__ = LENGTH (ram2)
                0x0000000000000000                __ram2_end__ = (__ram2_base__ + __ram2_size__)
                0x0000000000000000                __ram3_base__ = ORIGIN (ram3)
                0x0000000000000000                __ram3_size__ = LENGTH (ram3)
                0x0000000000000000                __ram3_end__ = (__ram3_base__ + __ram3_size__)
                0x0000000000000000                __ram4_base__ = ORIGIN (ram4)
                0x0000000000000000                __ram4_size__ = LENGTH (ram4)
                0x0000000000000000                __ram4_end__ = (__ram4_base__ + __ram4_size__)
                0x0000000000000000                __ram5_base__ = ORIGIN (ram5)
                0x0000000000000000                __ram5_size__ = LENGTH (ram5)
                0x0000000000000000                __ram5_end__ = (__ram5_base__ + __ram5_size__)
                0x0000000000000000                __ram6_base__ = ORIGIN (ram6)
                0x0000000000000000                __ram6_size__ = LENGTH (ram6)
                0x0000000000000000                __ram6_end__ = (__ram6_base__ + __ram6_size__)
                0x0000000000000000                __ram7_base__ = ORIGIN (ram7)
                0x0000000000000000                __ram7_size__ = LENGTH (ram7)
                0x0000000000000000                __ram7_end__ = (__ram7_base__ + __ram7_size__)
                0x0000000008000000                __flash0_base__ = ORIGIN (flash0)
                0x0000000000040000                __flash0_size__ = LENGTH (flash0)
                0x0000000008040000                __flash0_end__ = (__flash0_base__ + __flash0_size__)
                0x0000000000000000                __flash1_base__ = ORIGIN (flash1)
                0x0000000000000000                __flash1_size__ = LENGTH (flash1)
                0x0000000000000000                __flash1_end__ = (__flash1_base__ + __flash1_size__)
                0x0000000000000000                __flash2_base__ = ORIGIN (flash2)
                0x0000000000000000                __flash2_size__ = LENGTH (flash2)
                0x0000000000000000                __flash2_end__ = (__flash2_base__ + __flash2_size__)
                0x0000000000000000                __flash3_base__ = ORIGIN (flash3)
                0x0000000000000000                __flash3_size__ = LENGTH (flash3)
                0x0000000000000000                __flash3_end__ = (__flash3_base__ + __flash3_size__)
                0x0000000000000000                __flash4_base__ = ORIGIN (flash4)
                0x0000000000000000                __flash4_size__ = LENGTH (flash4)
                0x0000000000000000                __flash4_end__ = (__flash4_base__ + __flash4_size__)
                0x0000000000000000                __flash5_base__ = ORIGIN (flash5)
                0x0000000000000000                __flash5_size__ = LENGTH (flash5)
                0x0000000000000000                __flash5_end__ = (__flash5_base__ + __flash5_size__)
                0x0000000000000000                __flash6_base__ = ORIGIN (flash6)
                0x0000000000000000                __flash6_size__ = LENGTH (flash6)
                0x0000000000000000                __flash6_end__ = (__flash6_base__ + __flash6_size__)
                0x0000000000000000                __flash7_base__ = ORIGIN (flash7)
                0x0000000000000000                __flash7_size__ = LENGTH (flash7)
                0x0000000000000000                __flash7_end__ = (__flash7_base__ + __flash7_size__)

.ram0_init      0x00000000200054e8        0x0 load address 0x000000000800db88
                0x000000000800db88                __ram0_init_text__ = LOADADDR (.ram0_init)
                0x00000000200054e8                __ram0_init__ = .
 *(.ram0_init)
 *(.ram0_init.*)
                0x00000000200054e8                . = ALIGN (0x4)

.ram0           0x00000000200054e8        0x0 load address 0x000000000800db88
                0x00000000200054e8                __ram0_clear__ = .
 *(.ram0_clear)
 *(.ram0_clear.*)
                0x00000000200054e8                . = ALIGN (0x4)
                0x00000000200054e8                __ram0_noinit__ = .
 *(.ram0)
 *(.ram0.*)
                0x00000000200054e8                . = ALIGN (0x4)
                0x00000000200054e8                __ram0_free__ = .

.ram1_init      0x0000000000000000        0x0 load address 0x000000000800db88
                0x000000000800db88                __ram1_init_text__ = LOADADDR (.ram1_init)
                0x0000000000000000                __ram1_init__ = .
 *(.ram1_init)
 *(.ram1_init.*)
                0x0000000000000000                . = ALIGN (0x4)

.ram1           0x0000000000000000        0x0 load address 0x000000000800db88
                0x0000000000000000                __ram1_clear__ = .
 *(.ram1_clear)
 *(.ram1_clear.*)
                0x0000000000000000                . = ALIGN (0x4)
                0x0000000000000000                __ram1_noinit__ = .
 *(.ram1)
 *(.ram1.*)
                0x0000000000000000                . = ALIGN (0x4)
                0x0000000000000000                __ram1_free__ = .

.ram2_init      0x0000000000000000        0x0 load address 0x000000000800db88
                0x000000000800db88                __ram2_init_text__ = LOADADDR (.ram2_init)
                0x0000000000000000                __ram2_init__ = .
 *(.ram2_init)
 *(.ram2_init.*)
                0x0000000000000000                . = ALIGN (0x4)

.ram2           0x0000000000000000        0x0 load address 0x000000000800db88
                0x0000000000000000                __ram2_clear__ = .
 *(.ram2_clear)
 *(.ram2_clear.*)
                0x0000000000000000                . = ALIGN (0x4)
                0x0000000000000000                __ram2_noinit__ = .
 *(.ram2)
 *(.ram2.*)
                0x0000000000000000                . = ALIGN (0x4)
                0x0000000000000000                __ram2_free__ = .

.ram3_init      0x0000000000000000        0x0 load address 0x000000000800db88
                0x000000000800db88                __ram3_init_text__ = LOADADDR (.ram3_init)
                0x0000000000000000                __ram3_init__ = .
 *(.ram3_init)
 *(.ram3_init.*)
                0x0000000000000000                . = ALIGN (0x4)

.ram3           0x0000000000000000        0x0 load address 0x000000000800db88
                0x0000000000000000                __ram3_clear__ = .
 *(.ram3_clear)
 *(.ram3_clear.*)
                0x0000000000000000                . = ALIGN (0x4)
                0x0000000000000000                __ram3_noinit__ = .
 *(.ram3)
 *(.ram3.*)
                0x0000000000000000                . = ALIGN (0x4)
                0x0000000000000000                __ram3_free__ = .

.ram4_init      0x0000000000000000        0x0 load address 0x000000000800db88
                0x000000000800db88                __ram4_init_text__ = LOADADDR (.ram4_init)
                0x0000000000000000                __ram4_init__ = .
 *(.ram4_init)
 *(.ram4_init.*)
                0x0000000000000000                . = ALIGN (0x4)

.ram4           0x0000000000000000        0x0 load address 0x000000000800db88
                0x0000000000000000                __ram4_clear__ = .
 *(.ram4_clear)
 *(.ram4_clear.*)
                0x0000000000000000                . = ALIGN (0x4)
                0x0000000000000000                __ram4_noinit__ = .
 *(.ram4)
 *(.ram4.*)
                0x0000000000000000                . = ALIGN (0x4)
                0x0000000000000000                __ram4_free__ = .

.ram5_init      0x0000000000000000        0x0 load address 0x000000000800db88
                0x000000000800db88                __ram5_init_text__ = LOADADDR (.ram5_init)
                0x0000000000000000                __ram5_init__ = .
 *(.ram5_init)
 *(.ram5_init.*)
                0x0000000000000000                . = ALIGN (0x4)

.ram5           0x0000000000000000        0x0 load address 0x000000000800db88
                0x0000000000000000                __ram5_clear__ = .
 *(.ram5_clear)
 *(.ram5_clear.*)
                0x0000000000000000                . = ALIGN (0x4)
                0x0000000000000000                __ram5_noinit__ = .
 *(.ram5)
 *(.ram5.*)
                0x0000000000000000                . = ALIGN (0x4)
                0x0000000000000000                __ram5_free__ = .

.ram6_init      0x0000000000000000        0x0 load address 0x000000000800db88
                0x000000000800db88                __ram6_init_text__ = LOADADDR (.ram6_init)
                0x0000000000000000                __ram6_init__ = .
 *(.ram6_init)
 *(.ram6_init.*)
                0x0000000000000000                . = ALIGN (0x4)

.ram6           0x0000000000000000        0x0 load address 0x000000000800db88
                0x0000000000000000                __ram6_clear__ = .
 *(.ram6_clear)
 *(.ram6_clear.*)
                0x0000000000000000                . = ALIGN (0x4)
                0x0000000000000000                __ram6_noinit__ = .
 *(.ram6)
 *(.ram6.*)
                0x0000000000000000                . = ALIGN (0x4)
                0x0000000000000000                __ram6_free__ = .

.ram7_init      0x0000000000000000        0x0 load address 0x000000000800db88
                0x000000000800db88                __ram7_init_text__ = LOADADDR (.ram7_init)
                0x0000000000000000                __ram7_init__ = .
 *(.ram7_init)
 *(.ram7_init.*)
                0x0000000000000000                . = ALIGN (0x4)

.ram7           0x0000000000000000        0x0 load address 0x000000000800db88
                0x0000000000000000                __ram7_clear__ = .
 *(.ram7_clear)
 *(.ram7_clear.*)
                0x0000000000000000                . = ALIGN (0x4)
                0x0000000000000000                __ram7_noinit__ = .
 *(.ram7)
 *(.ram7.*)
                0x0000000000000000                . = ALIGN (0x4)
                0x0000000000000000                __ram7_free__ = .

.flash0         0x000000000800db88        0x0
                0x000000000800db88                __flash0_init__ = .
 *(.flash0_init)
 *(.flash0_init.*)
                0x000000000800db88                __flash0_free__ = .

.flash1         0x0000000000000000        0x0
                0x0000000000000000                __flash1_init__ = .
 *(.flash1_init)
 *(.flash1_init.*)
                0x0000000000000000                __flash1_free__ = .

.flash2         0x0000000000000000        0x0
                0x0000000000000000                __flash2_init__ = .
 *(.flash2_init)
 *(.flash2_init.*)
                0x0000000000000000                __flash2_free__ = .

.flash3         0x0000000000000000        0x0
                0x0000000000000000                __flash3_init__ = .
 *(.flash3_init)
 *(.flash3_init.*)
                0x0000000000000000                __flash3_free__ = .

.flash4         0x0000000000000000        0x0
                0x0000000000000000                __flash4_init__ = .
 *(.flash4_init)
 *(.flash4_init.*)
                0x0000000000000000                __flash4_free__ = .

.flash5         0x0000000000000000        0x0
                0x0000000000000000                __flash5_init__ = .
 *(.flash5_init)
 *(.flash5_init.*)
                0x0000000000000000                __flash5_free__ = .

.flash6         0x0000000000000000        0x0
                0x0000000000000000                __flash6_init__ = .
 *(.flash6_init)
 *(.flash6_init.*)
                0x0000000000000000                __flash6_free__ = .

.flash7         0x0000000000000000        0x0
                0x0000000000000000                __flash7_init__ = .
 *(.flash7_init)
 *(.flash7_init.*)
                0x0000000000000000                __flash7_free__ = .

.heap           0x00000000200054e8     0xab18
                0x00000000200054e8                . = ALIGN (0x8)
                0x00000000200054e8                __heap_base__ = .
                0x0000000020010000                . = (ORIGIN (HEAP_RAM) + LENGTH (HEAP_RAM))
 *fill*         0x00000000200054e8     0xab18 
                0x0000000020010000                __heap_end__ = .
                0x0000000000000400                __process_stack_size__ = 0x400
                0x0000000000000400                __main_stack_size__ = 0x400
START GROUP
LOAD /home/rob/Projects/ChibiStudio/ChibiStudio_20/tools/GNU Tools ARM Embedded/9.2.1 2019q4/bin/../lib/gcc/arm-none-eabi/9.2.1/thumb/v7e-m/nofp/libgcc.a
LOAD /home/rob/Projects/ChibiStudio/ChibiStudio_20/tools/GNU Tools ARM Embedded/9.2.1 2019q4/bin/../lib/gcc/arm-none-eabi/9.2.1/../../../../arm-none-eabi/lib/thumb/v7e-m/nofp/libg.a
LOAD /home/rob/Projects/ChibiStudio/ChibiStudio_20/tools/GNU Tools ARM Embedded/9.2.1 2019q4/bin/../lib/gcc/arm-none-eabi/9.2.1/../../../../arm-none-eabi/lib/thumb/v7e-m/nofp/libc.a
END GROUP
OUTPUT(build/ch.elf elf32-littlearm)

.ARM.attributes
                0x0000000000000000       0x2f
 .ARM.attributes
                0x0000000000000000       0x21 ./build/obj/crt0_v7m.o
 .ARM.attributes
                0x0000000000000021       0x21 ./build/obj/vectors.o
 .ARM.attributes
                0x0000000000000042       0x21 ./build/obj/chcoreasm_v7m.o
 .ARM.attributes
                0x0000000000000063       0x2c /tmp/ch.elf.zGGCRj.ltrans0.ltrans.o
 .ARM.attributes
                0x000000000000008f       0x2c /tmp/ch.elf.zGGCRj.ltrans1.ltrans.o
 .ARM.attributes
                0x00000000000000bb       0x2e /home/rob/Projects/ChibiStudio/ChibiStudio_20/tools/GNU Tools ARM Embedded/9.2.1 2019q4/bin/../lib/gcc/arm-none-eabi/9.2.1/../../../../arm-none-eabi/lib/thumb/v7e-m/nofp/libg.a(lib_a-atoi.o)
 .ARM.attributes
                0x00000000000000e9       0x2e /home/rob/Projects/ChibiStudio/ChibiStudio_20/tools/GNU Tools ARM Embedded/9.2.1 2019q4/bin/../lib/gcc/arm-none-eabi/9.2.1/../../../../arm-none-eabi/lib/thumb/v7e-m/nofp/libg.a(lib_a-ctype_.o)
 .ARM.attributes
                0x0000000000000117       0x2e /home/rob/Projects/ChibiStudio/ChibiStudio_20/tools/GNU Tools ARM Embedded/9.2.1 2019q4/bin/../lib/gcc/arm-none-eabi/9.2.1/../../../../arm-none-eabi/lib/thumb/v7e-m/nofp/libg.a(lib_a-strtol.o)
 .ARM.attributes
                0x0000000000000145       0x2e /home/rob/Projects/ChibiStudio/ChibiStudio_20/tools/GNU Tools ARM Embedded/9.2.1 2019q4/bin/../lib/gcc/arm-none-eabi/9.2.1/../../../../arm-none-eabi/lib/thumb/v7e-m/nofp/libg.a(lib_a-impure.o)
 .ARM.attributes
                0x0000000000000173       0x1c /home/rob/Projects/ChibiStudio/ChibiStudio_20/tools/GNU Tools ARM Embedded/9.2.1 2019q4/bin/../lib/gcc/arm-none-eabi/9.2.1/../../../../arm-none-eabi/lib/thumb/v7e-m/nofp/libg.a(lib_a-memcpy.o)
 .ARM.attributes
                0x000000000000018f       0x2e /home/rob/Projects/ChibiStudio/ChibiStudio_20/tools/GNU Tools ARM Embedded/9.2.1 2019q4/bin/../lib/gcc/arm-none-eabi/9.2.1/../../../../arm-none-eabi/lib/thumb/v7e-m/nofp/libg.a(lib_a-memset.o)
 .ARM.attributes
                0x00000000000001bd       0x2e /home/rob/Projects/ChibiStudio/ChibiStudio_20/tools/GNU Tools ARM Embedded/9.2.1 2019q4/bin/../lib/gcc/arm-none-eabi/9.2.1/../../../../arm-none-eabi/lib/thumb/v7e-m/nofp/libg.a(lib_a-strchr.o)
 .ARM.attributes
                0x00000000000001eb       0x1c /home/rob/Projects/ChibiStudio/ChibiStudio_20/tools/GNU Tools ARM Embedded/9.2.1 2019q4/bin/../lib/gcc/arm-none-eabi/9.2.1/../../../../arm-none-eabi/lib/thumb/v7e-m/nofp/libg.a(lib_a-strcmp.o)
 .ARM.attributes
                0x0000000000000207       0x2e /home/rob/Projects/ChibiStudio/ChibiStudio_20/tools/GNU Tools ARM Embedded/9.2.1 2019q4/bin/../lib/gcc/arm-none-eabi/9.2.1/../../../../arm-none-eabi/lib/thumb/v7e-m/nofp/libg.a(lib_a-strcpy.o)
 .ARM.attributes