Archive member included to satisfy reference by file (symbol)

/home/rob/Projects/ChibiStudio/ChibiStudio_20/tools/GNU Tools ARM Embedded/9.2.1 2019q4/bin/../lib/gcc/arm-none-eabi/9.2.1/../../../../arm-none-eabi/lib/thumb/v7e-m/nofp/libg.a(lib_a-atoi.o)
                              ./build/obj/mypwm.o (symbol from plugin) (atoi)
/home/rob/Projects/ChibiStudio/ChibiStudio_20/tools/GNU Tools ARM Embedded/9.2.1 2019q4/bin/../lib/gcc/arm-none-eabi/9.2.1/../../../../arm-none-eabi/lib/thumb/v7e-m/nofp/libg.a(lib_a-ctype_.o)
                              ./build/obj/chscanf.o (symbol from plugin) (_ctype_)
/home/rob/Projects/ChibiStudio/ChibiStudio_20/tools/GNU Tools ARM Embedded/9.2.1 2019q4/bin/../lib/gcc/arm-none-eabi/9.2.1/../../../../arm-none-eabi/lib/thumb/v7e-m/nofp/libg.a(lib_a-strtol.o)
                              /home/rob/Projects/ChibiStudio/ChibiStudio_20/tools/GNU Tools ARM Embedded/9.2.1 2019q4/bin/../lib/gcc/arm-none-eabi/9.2.1/../../../../arm-none-eabi/lib/thumb/v7e-m/nofp/libg.a(lib_a-atoi.o) (_strtol_r)
/home/rob/Projects/ChibiStudio/ChibiStudio_20/tools/GNU Tools ARM Embedded/9.2.1 2019q4/bin/../lib/gcc/arm-none-eabi/9.2.1/../../../../arm-none-eabi/lib/thumb/v7e-m/nofp/libg.a(lib_a-impure.o)
                              /home/rob/Projects/ChibiStudio/ChibiStudio_20/tools/GNU Tools ARM Embedded/9.2.1 2019q4/bin/../lib/gcc/arm-none-eabi/9.2.1/../../../../arm-none-eabi/lib/thumb/v7e-m/nofp/libg.a(lib_a-strtol.o) (_impure_ptr)
/home/rob/Projects/ChibiStudio/ChibiStudio_20/tools/GNU Tools ARM Embedded/9.2.1 2019q4/bin/../lib/gcc/arm-none-eabi/9.2.1/thumb/v7e-m/nofp/libgcc.a(_aeabi_ldivmod.o)
                              /tmp/ch.elf.c3xRNb.ltrans0.ltrans.o (__aeabi_ldivmod)
/home/rob/Projects/ChibiStudio/ChibiStudio_20/tools/GNU Tools ARM Embedded/9.2.1 2019q4/bin/../lib/gcc/arm-none-eabi/9.2.1/thumb/v7e-m/nofp/libgcc.a(_aeabi_uldivmod.o)
                              /tmp/ch.elf.c3xRNb.ltrans0.ltrans.o (__aeabi_uldivmod)
/home/rob/Projects/ChibiStudio/ChibiStudio_20/tools/GNU Tools ARM Embedded/9.2.1 2019q4/bin/../lib/gcc/arm-none-eabi/9.2.1/thumb/v7e-m/nofp/libgcc.a(_udivmoddi4.o)
                              /home/rob/Projects/ChibiStudio/ChibiStudio_20/tools/GNU Tools ARM Embedded/9.2.1 2019q4/bin/../lib/gcc/arm-none-eabi/9.2.1/thumb/v7e-m/nofp/libgcc.a(_aeabi_ldivmod.o) (__udivmoddi4)
/home/rob/Projects/ChibiStudio/ChibiStudio_20/tools/GNU Tools ARM Embedded/9.2.1 2019q4/bin/../lib/gcc/arm-none-eabi/9.2.1/thumb/v7e-m/nofp/libgcc.a(_dvmd_tls.o)
                              /home/rob/Projects/ChibiStudio/ChibiStudio_20/tools/GNU Tools ARM Embedded/9.2.1 2019q4/bin/../lib/gcc/arm-none-eabi/9.2.1/thumb/v7e-m/nofp/libgcc.a(_aeabi_ldivmod.o) (__aeabi_ldiv0)
/home/rob/Projects/ChibiStudio/ChibiStudio_20/tools/GNU Tools ARM Embedded/9.2.1 2019q4/bin/../lib/gcc/arm-none-eabi/9.2.1/../../../../arm-none-eabi/lib/thumb/v7e-m/nofp/libg.a(lib_a-memcpy.o)
                              /tmp/ch.elf.c3xRNb.ltrans0.ltrans.o (memcpy)
/home/rob/Projects/ChibiStudio/ChibiStudio_20/tools/GNU Tools ARM Embedded/9.2.1 2019q4/bin/../lib/gcc/arm-none-eabi/9.2.1/../../../../arm-none-eabi/lib/thumb/v7e-m/nofp/libg.a(lib_a-memset.o)
                              /tmp/ch.elf.c3xRNb.ltrans0.ltrans.o (memset)
/home/rob/Projects/ChibiStudio/ChibiStudio_20/tools/GNU Tools ARM Embedded/9.2.1 2019q4/bin/../lib/gcc/arm-none-eabi/9.2.1/../../../../arm-none-eabi/lib/thumb/v7e-m/nofp/libg.a(lib_a-strchr.o)
                              /tmp/ch.elf.c3xRNb.ltrans0.ltrans.o (strchr)
/home/rob/Projects/ChibiStudio/ChibiStudio_20/tools/GNU Tools ARM Embedded/9.2.1 2019q4/bin/../lib/gcc/arm-none-eabi/9.2.1/../../../../arm-none-eabi/lib/thumb/v7e-m/nofp/libg.a(lib_a-strcmp.o)
                              /tmp/ch.elf.c3xRNb.ltrans0.ltrans.o (strcmp)
/home/rob/Projects/ChibiStudio/ChibiStudio_20/tools/GNU Tools ARM Embedded/9.2.1 2019q4/bin/../lib/gcc/arm-none-eabi/9.2.1/../../../../arm-none-eabi/lib/thumb/v7e-m/nofp/libg.a(lib_a-strlen.o)
                              /tmp/ch.elf.c3xRNb.ltrans0.ltrans.o (strlen)
/home/rob/Projects/ChibiStudio/ChibiStudio_20/tools/GNU Tools ARM Embedded/9.2.1 2019q4/bin/../lib/gcc/arm-none-eabi/9.2.1/../../../../arm-none-eabi/lib/thumb/v7e-m/nofp/libg.a(lib_a-strpbrk.o)
                              /tmp/ch.elf.c3xRNb.ltrans0.ltrans.o (strpbrk)
/home/rob/Projects/ChibiStudio/ChibiStudio_20/tools/GNU Tools ARM Embedded/9.2.1 2019q4/bin/../lib/gcc/arm-none-eabi/9.2.1/../../../../arm-none-eabi/lib/thumb/v7e-m/nofp/libg.a(lib_a-strspn.o)
                              /tmp/ch.elf.c3xRNb.ltrans0.ltrans.o (strspn)
/home/rob/Projects/ChibiStudio/ChibiStudio_20/tools/GNU Tools ARM Embedded/9.2.1 2019q4/bin/../lib/gcc/arm-none-eabi/9.2.1/../../../../arm-none-eabi/lib/thumb/v7e-m/nofp/libg.a(lib_a-strstr.o)
                              /tmp/ch.elf.c3xRNb.ltrans0.ltrans.o (strstr)
[...]
Memory Configuration

Name             Origin             Length             Attributes
flash0           0x0000000008000000 0x0000000000040000 xr
flash1           0x0000000000000000 0x0000000000000000 xr
flash2           0x0000000000000000 0x0000000000000000 xr
flash3           0x0000000000000000 0x0000000000000000 xr
flash4           0x0000000000000000 0x0000000000000000 xr
flash5           0x0000000000000000 0x0000000000000000 xr
flash6           0x0000000000000000 0x0000000000000000 xr
flash7           0x0000000000000000 0x0000000000000000 xr
ram0             0x0000000020000000 0x0000000000010000 xw
ram1             0x0000000000000000 0x0000000000000000 xw
ram2             0x0000000000000000 0x0000000000000000 xw
ram3             0x0000000000000000 0x0000000000000000 xw
ram4             0x0000000000000000 0x0000000000000000 xw
ram5             0x0000000000000000 0x0000000000000000 xw
ram6             0x0000000000000000 0x0000000000000000 xw
ram7             0x0000000000000000 0x0000000000000000 xw
*default*        0x0000000000000000 0xffffffffffffffff

Linker script and memory map

LOAD ./build/obj/crt0_v7m.o
LOAD ./build/obj/vectors.o
LOAD ./build/obj/chcoreasm_v7m.o
LOAD /tmp/ch.elf.c3xRNb.ltrans0.ltrans.o
LOAD /tmp/ccV1C6OA.debug.temp.o
LOAD /tmp/ccAOlLN9.debug.temp.o
LOAD /tmp/ccZ5Czsk.debug.temp.o
LOAD /tmp/cccTc83B.debug.temp.o
LOAD /tmp/cc4hDJoZ.debug.temp.o
LOAD /tmp/ccBnLI2Y.debug.temp.o
LOAD /tmp/ccAVDmWw.debug.temp.o
LOAD /tmp/ccoJojpZ.debug.temp.o
LOAD /tmp/cciBgUgw.debug.temp.o
LOAD /tmp/cc7u7HZi.debug.temp.o
LOAD /tmp/cc1YaPS8.debug.temp.o
LOAD /tmp/ccqXcFGw.debug.temp.o
LOAD /tmp/cc94LFhH.debug.temp.o
LOAD /tmp/ccgjRFki.debug.temp.o
LOAD /tmp/cc8wpemq.debug.temp.o
LOAD /tmp/cciPqcL3.debug.temp.o
LOAD /tmp/ccABx3l5.debug.temp.o
LOAD /tmp/ccfTX7xa.debug.temp.o
LOAD /tmp/ccWXsGBM.debug.temp.o
LOAD /tmp/ccmf8N0C.debug.temp.o
LOAD /tmp/ccJh6jwr.debug.temp.o
LOAD /tmp/cccdJJRQ.debug.temp.o
LOAD /tmp/ccEeE0Cc.debug.temp.o
LOAD /tmp/cc7YSywe.debug.temp.o
LOAD /tmp/cc2Rkd5G.debug.temp.o
LOAD /tmp/cctTRCCM.debug.temp.o
LOAD /tmp/ccpoiVT9.debug.temp.o
LOAD /tmp/ccRlbZKQ.debug.temp.o
LOAD /tmp/ccUKMm48.debug.temp.o
LOAD /tmp/ccmSFPm5.debug.temp.o
LOAD /tmp/ccJzOE4Q.debug.temp.o
LOAD /tmp/ccP3dHs9.debug.temp.o
LOAD /tmp/ccbUYHMD.debug.temp.o
LOAD /tmp/ccfJiehH.debug.temp.o
LOAD /tmp/ccNhCymH.debug.temp.o
LOAD /tmp/ccOGFuAO.debug.temp.o
LOAD /tmp/ccvQhgl9.debug.temp.o
LOAD /tmp/ccdCj7oS.debug.temp.o
LOAD /tmp/ccYfge0G.debug.temp.o
LOAD /tmp/cch2bEl4.debug.temp.o
LOAD /tmp/cc2dsoig.debug.temp.o
LOAD /tmp/ccAUHOJ2.debug.temp.o
LOAD /tmp/cc6EFJ9w.debug.temp.o
LOAD /tmp/ccQw84v6.debug.temp.o
LOAD /tmp/cc9xXqzN.debug.temp.o
LOAD /tmp/cchN7STi.debug.temp.o
LOAD /tmp/ccyUrWOY.debug.temp.o
LOAD /tmp/ccHQtq54.debug.temp.o
LOAD /tmp/cct1pfSs.debug.temp.o
LOAD /tmp/cc3CN1u1.debug.temp.o
LOAD /tmp/ccCBU9rz.debug.temp.o
LOAD /tmp/ccCQ3JJw.debug.temp.o
LOAD /tmp/ccrwHzgC.debug.temp.o
LOAD /tmp/ccbiJygi.debug.temp.o
LOAD /tmp/ccL4YxI7.debug.temp.o
LOAD /tmp/ccfjiJsN.debug.temp.o
LOAD /tmp/ccr8KcSG.debug.temp.o
LOAD /tmp/cc908lhx.debug.temp.o
LOAD /tmp/cc9cayc9.debug.temp.o
LOAD /tmp/cc6wcZhy.debug.temp.o
LOAD /tmp/ccNlVjed.debug.temp.o
LOAD /tmp/ccd3grah.debug.temp.o
LOAD /tmp/ccLne9KO.debug.temp.o
LOAD /tmp/ccXIHc6l.debug.temp.o
LOAD /tmp/cc9TrJq8.debug.temp.o
LOAD /tmp/ccITLkUO.debug.temp.o
LOAD /tmp/cc37xHvo.debug.temp.o
LOAD /tmp/ccAKm2Gi.debug.temp.o
LOAD /tmp/ccemGzTm.debug.temp.o

.mstack         0x0000000020000000      0x400
                0x0000000020000000                . = ALIGN (0x8)
                0x0000000020000000                __main_stack_base__ = .
                0x0000000020000400                . = (. + __main_stack_size__)
 *fill*         0x0000000020000000      0x400 
                0x0000000020000400                . = ALIGN (0x8)
                0x0000000020000400                __main_stack_end__ = .

.pstack         0x0000000020000400      0x400
                0x0000000020000400                . = ALIGN (0x8)
                0x0000000020000400                __process_stack_base__ = .
                0x0000000020000400                __main_thread_stack_base__ = .
                0x0000000020000800                . = (. + __process_stack_size__)
 *fill*         0x0000000020000400      0x400 
                0x0000000020000800                . = ALIGN (0x8)
                0x0000000020000800                __process_stack_end__ = .
                0x0000000020000800                __main_thread_stack_end__ = .

.vectors        0x0000000008000000      0x1e0
 *(.vectors)
 .vectors       0x0000000008000000      0x1e0 ./build/obj/vectors.o
                0x0000000008000000                _vectors

.xtors          0x00000000080001e0        0x0
                0x00000000080001e0                __init_array_base__ = .
 *(SORT_BY_NAME(.init_array.*))
 *(.init_array)
                0x00000000080001e0                __init_array_end__ = .
                0x00000000080001e0                __fini_array_base__ = .
 *(.fini_array)
 *(SORT_BY_NAME(.fini_array.*))
                0x00000000080001e0                __fini_array_end__ = .

.text           0x0000000008000200     0x8148
                0x0000000008000200                __text_base__ = .
 *(.text)
 .text          0x0000000008000200       0xd8 ./build/obj/crt0_v7m.o
                0x0000000008000200                _crt0_entry
 .text          0x00000000080002d8        0x8 ./build/obj/vectors.o
                0x00000000080002d8                Reset_Handler
                0x00000000080002da                VectorE8
                0x00000000080002da                DebugMon_Handler
                0x00000000080002da                Vector1A0
                0x00000000080002da                Vector11C
                0x00000000080002da                HardFault_Handler
                0x00000000080002da                Vector1B8
                0x00000000080002da                Vector19C
                0x00000000080002da                Vector8C
                0x00000000080002da                SysTick_Handler
                0x00000000080002da                VectorDC
                0x00000000080002da                PendSV_Handler
                0x00000000080002da                Vector168
                0x00000000080002da                NMI_Handler
                0x00000000080002da                Vector110
                0x00000000080002da                Vector1D8
                0x00000000080002da                VectorC8
                0x00000000080002da                Vector94
                0x00000000080002da                VectorA8
                0x00000000080002da                Vector160
                0x00000000080002da                Vector1B0
                0x00000000080002da                UsageFault_Handler
                0x00000000080002da                VectorEC
                0x00000000080002da                Vector40
                0x00000000080002da                VectorF8
                0x00000000080002da                Vector190
                0x00000000080002da                Vector1C4
                0x00000000080002da                Vector1CC
                0x00000000080002da                Vector148
                0x00000000080002da                Vector188
                0x00000000080002da                Vector198
                0x00000000080002da                Vector118
                0x00000000080002da                VectorCC
                0x00000000080002da                Vector54
                0x00000000080002da                Vector98
                0x00000000080002da                Vector138
                0x00000000080002da                Vector24
                0x00000000080002da                Vector1AC
                0x00000000080002da                Vector178
                0x00000000080002da                SecureFault_Handler
                0x00000000080002da                Vector1A4
                0x00000000080002da                VectorD0
                0x00000000080002da                Vector1B4
                0x00000000080002da                Vector140
                0x00000000080002da                VectorE4
                0x00000000080002da                Vector1C0
                0x00000000080002da                Vector134
                0x00000000080002da                Vector1D0
                0x00000000080002da                VectorF0
                0x00000000080002da                Vector13C
                0x00000000080002da                Vector100
                0x00000000080002da                VectorF4
                0x00000000080002da                MemManage_Handler
                0x00000000080002da                VectorA0
                0x00000000080002da                VectorC4
                0x00000000080002da                Vector180
                0x00000000080002da                Vector90
                0x00000000080002da                Vector114
                0x00000000080002da                Vector164
                0x00000000080002da                Vector1BC
                0x00000000080002da                Vector1D4
                0x00000000080002da                Vector17C
                0x00000000080002da                Vector48
                0x00000000080002da                Vector1A8
                0x00000000080002da                Vector16C
                0x00000000080002da                Vector4C
                0x00000000080002da                Vector144
                0x00000000080002da                Vector170
                0x00000000080002da                Vector88
                0x00000000080002da                Vector104
                0x00000000080002da                Vector184
                0x00000000080002da                Vector10C
                0x00000000080002da                BusFault_Handler
                0x00000000080002da                Vector50
                0x00000000080002da                Vector1C8
                0x00000000080002da                Vector194
                0x00000000080002da                Vector1DC
                0x00000000080002da                Vector44
                0x00000000080002da                Vector28
                0x00000000080002da                Vector34
                0x00000000080002da                Vector20
                0x00000000080002da                Vector18C
                0x00000000080002da                Vector174
                0x00000000080002de                _unhandled_exception
 .text          0x00000000080002e0       0x2a ./build/obj/chcoreasm_v7m.o
                0x00000000080002e0                _port_switch
                0x00000000080002f0                _port_thread_start
                0x0000000008000302                _port_switch_from_isr
                0x0000000008000306                _port_exit_from_isr
 *fill*         0x000000000800030a        0x2 
 .text          0x000000000800030c      0x134 /home/rob/Projects/ChibiStudio/ChibiStudio_20/tools/GNU Tools ARM Embedded/9.2.1 2019q4/bin/../lib/gcc/arm-none-eabi/9.2.1/../../../../arm-none-eabi/lib/thumb/v7e-m/nofp/libg.a(lib_a-memcpy.o)
                0x000000000800030c                memcpy
 .text          0x0000000008000440      0x2dc /home/rob/Projects/ChibiStudio/ChibiStudio_20/tools/GNU Tools ARM Embedded/9.2.1 2019q4/bin/../lib/gcc/arm-none-eabi/9.2.1/../../../../arm-none-eabi/lib/thumb/v7e-m/nofp/libg.a(lib_a-strcmp.o)
                0x0000000008000448                strcmp
 *fill*         0x000000000800071c       0x24 
 .text          0x0000000008000740       0xdc /home/rob/Projects/ChibiStudio/ChibiStudio_20/tools/GNU Tools ARM Embedded/9.2.1 2019q4/bin/../lib/gcc/arm-none-eabi/9.2.1/../../../../arm-none-eabi/lib/thumb/v7e-m/nofp/libg.a(lib_a-strlen.o)
                0x0000000008000740                strlen
 .text          0x000000000800081c       0x30 /home/rob/Projects/ChibiStudio/ChibiStudio_20/tools/GNU Tools ARM Embedded/9.2.1 2019q4/bin/../lib/gcc/arm-none-eabi/9.2.1/thumb/v7e-m/nofp/libgcc.a(_aeabi_uldivmod.o)
                0x000000000800081c                __aeabi_uldivmod
 .text          0x000000000800084c      0x2c0 /home/rob/Projects/ChibiStudio/ChibiStudio_20/tools/GNU Tools ARM Embedded/9.2.1 2019q4/bin/../lib/gcc/arm-none-eabi/9.2.1/thumb/v7e-m/nofp/libgcc.a(_udivmoddi4.o)
                0x000000000800084c                __udivmoddi4
 .text          0x0000000008000b0c        0x4 /home/rob/Projects/ChibiStudio/ChibiStudio_20/tools/GNU Tools ARM Embedded/9.2.1 2019q4/bin/../lib/gcc/arm-none-eabi/9.2.1/thumb/v7e-m/nofp/libgcc.a(_dvmd_tls.o)
                0x0000000008000b0c                __aeabi_ldiv0
                0x0000000008000b0c                __aeabi_idiv0
 *(.text.*)
 .text.sdObjectInit.constprop.0
                0x0000000008000b10       0x58 /tmp/ch.elf.c3xRNb.ltrans0.ltrans.o
 *fill*         0x0000000008000b68        0x8 
 .text._pal_lld_enablepadevent.constprop.0
                0x0000000008000b70       0x4c /tmp/ch.elf.c3xRNb.ltrans0.ltrans.o
 *fill*         0x0000000008000bbc        0x4 
 .text.otg_txfifo_handler.constprop.0
                0x0000000008000bc0       0x90 /tmp/ch.elf.c3xRNb.ltrans0.ltrans.o
 .text.chCoreAllocFromTop
                0x0000000008000c50       0x3c /tmp/ch.elf.c3xRNb.ltrans0.ltrans.o
 *fill*         0x0000000008000c8c        0x4 
 .text.notify1  0x0000000008000c90       0x10 /tmp/ch.elf.c3xRNb.ltrans0.ltrans.o
 .text.notify2  0x0000000008000ca0       0x10 /tmp/ch.elf.c3xRNb.ltrans0.ltrans.o
 .text.notify6  0x0000000008000cb0       0x10 /tmp/ch.elf.c3xRNb.ltrans0.ltrans.o
 .text.vt2_cb   0x0000000008000cc0       0x28 /tmp/ch.elf.c3xRNb.ltrans0.ltrans.o
 *fill*         0x0000000008000ce8        0x8 
 .text.vt_cb    0x0000000008000cf0       0x38 /tmp/ch.elf.c3xRNb.ltrans0.ltrans.o
 *fill*         0x0000000008000d28        0x8 
 .text.check_BUS
                0x0000000008000d30       0x88 /tmp/ch.elf.c3xRNb.ltrans0.ltrans.o
 *fill*         0x0000000008000db8        0x8 
 .text.gptcb    0x0000000008000dc0        0xc /tmp/ch.elf.c3xRNb.ltrans0.ltrans.o
 *fill*         0x0000000008000dcc        0x4 
 .text.requests_hook
                0x0000000008000dd0       0x5c /tmp/ch.elf.c3xRNb.ltrans0.ltrans.o
 *fill*         0x0000000008000e2c        0x4 
 .text.get_descriptor
                0x0000000008000e30       0x34 /tmp/ch.elf.c3xRNb.ltrans0.ltrans.o
 *fill*         0x0000000008000e64        0xc 
 .text.sym_to_val
                0x0000000008000e70       0x58 /tmp/ch.elf.c3xRNb.ltrans0.ltrans.o
 *fill*         0x0000000008000ec8        0x8 
 .text._port_irq_epilogue
                0x0000000008000ed0       0x4c /tmp/ch.elf.c3xRNb.ltrans0.ltrans.o
 *fill*         0x0000000008000f1c        0x4 
 .text.chCoreAllocAlignedI
                0x0000000008000f20       0x28 /tmp/ch.elf.c3xRNb.ltrans0.ltrans.o
 *fill*         0x0000000008000f48        0x8 
 .text.chTMStopMeasurementX
                0x0000000008000f50       0x44 /tmp/ch.elf.c3xRNb.ltrans0.ltrans.o
 *fill*         0x0000000008000f94        0xc 
 .text.chTMStartMeasurementX
                0x0000000008000fa0        0xc /tmp/ch.elf.c3xRNb.ltrans0.ltrans.o
 *fill*         0x0000000008000fac        0x4 
 .text.chThdCreateSuspendedI
                0x0000000008000fb0       0x78 /tmp/ch.elf.c3xRNb.ltrans0.ltrans.o
 *fill*         0x0000000008001028        0x8 
 .text.wakeup   0x0000000008001030       0x6c /tmp/ch.elf.c3xRNb.ltrans0.ltrans.o
 *fill*         0x000000000800109c        0x4 
 .text.chSchReadyI
                0x00000000080010a0       0x24 /tmp/ch.elf.c3xRNb.ltrans0.ltrans.o
 *fill*         0x00000000080010c4        0xc 
 .text.chThdDequeueAllI.constprop.0
                0x00000000080010d0       0x24 /tmp/ch.elf.c3xRNb.ltrans0.ltrans.o
 *fill*         0x00000000080010f4        0xc 
 .text.chThdDequeueNextI.constprop.0
                0x0000000008001100       0x18 /tmp/ch.elf.c3xRNb.ltrans0.ltrans.o
 *fill*         0x0000000008001118        0x8 
 .text.chEvtBroadcastFlagsI
                0x0000000008001120       0x58 /tmp/ch.elf.c3xRNb.ltrans0.ltrans.o
 *fill*         0x0000000008001178        0x8 
 .text.chThdResumeI
                0x0000000008001180       0x14 /tmp/ch.elf.c3xRNb.ltrans0.ltrans.o
 *fill*         0x0000000008001194        0xc 
 .text.chVTDoResetI
                0x00000000080011a0       0x74 /tmp/ch.elf.c3xRNb.ltrans0.ltrans.o
 *fill*         0x0000000008001214        0xc 
 .text.chVTDoSetI
                0x0000000008001220       0x84 /tmp/ch.elf.c3xRNb.ltrans0.ltrans.o
 *fill*         0x00000000080012a4        0xc 
 .text.button_cb
                0x00000000080012b0       0xc8 /tmp/ch.elf.c3xRNb.ltrans0.ltrans.o
 *fill*         0x0000000008001378        0x8 
 .text.chSysPolledDelayX
                0x0000000008001380       0x14 /tmp/ch.elf.c3xRNb.ltrans0.ltrans.o
 *fill*         0x0000000008001394        0xc 
 .text._idle_thread
                0x00000000080013a0        0x4 /tmp/ch.elf.c3xRNb.ltrans0.ltrans.o
 *fill*         0x00000000080013a4        0xc 
 .text.serve_interrupt
                0x00000000080013b0      0x18c /tmp/ch.elf.c3xRNb.ltrans0.ltrans.o
 *fill*         0x000000000800153c        0x4 
 .text.pwm_lld_serve_interrupt
                0x0000000008001540       0x5c /tmp/ch.elf.c3xRNb.ltrans0.ltrans.o
 *fill*         0x000000000800159c        0x4 
 .text.spi_lld_serve_rx_interrupt
                0x00000000080015a0       0xbc /tmp/ch.elf.c3xRNb.ltrans0.ltrans.o
 *fill*         0x000000000800165c        0x4 
 .text.spi_lld_serve_tx_interrupt
                0x0000000008001660       0x1c /tmp/ch.elf.c3xRNb.ltrans0.ltrans.o
 *fill*         0x000000000800167c        0x4 
 .text.usb_lld_start_in
                0x0000000008001680       0xa0 /tmp/ch.elf.c3xRNb.ltrans0.ltrans.o
 .text.otg_epin_handler.constprop.0
                0x0000000008001720       0x88 /tmp/ch.elf.c3xRNb.ltrans0.ltrans.o
 *fill*         0x00000000080017a8        0x8 
 .text.usb_lld_start_out
                0x00000000080017b0       0x80 /tmp/ch.elf.c3xRNb.ltrans0.ltrans.o
 .text.otg_epout_handler.constprop.0
                0x0000000008001830       0x9c /tmp/ch.elf.c3xRNb.ltrans0.ltrans.o
 *fill*         0x00000000080018cc        0x4 
 .text.i2c_lld_serve_tx_end_irq
                0x00000000080018d0       0x44 /tmp/ch.elf.c3xRNb.ltrans0.ltrans.o
 *fill*         0x0000000008001914        0xc 
 .text.i2c_lld_serve_rx_end_irq
                0x0000000008001920       0x68 /tmp/ch.elf.c3xRNb.ltrans0.ltrans.o
 *fill*         0x0000000008001988        0x8 
 .text._pal_lld_setgroupmode
                0x0000000008001990       0xd4 /tmp/ch.elf.c3xRNb.ltrans0.ltrans.o
 *fill*         0x0000000008001a64        0xc 
 .text.dmaStreamAllocI.part.0
                0x0000000008001a70       0xd0 /tmp/ch.elf.c3xRNb.ltrans0.ltrans.o
 .text._usb_ep0out
                0x0000000008001b40       0x94 /tmp/ch.elf.c3xRNb.ltrans0.ltrans.o
 *fill*         0x0000000008001bd4        0xc 
 .text._usb_ep0in
                0x0000000008001be0       0xd8 /tmp/ch.elf.c3xRNb.ltrans0.ltrans.o
 *fill*         0x0000000008001cb8        0x8 
 .text.usbStartTransmitI
                0x0000000008001cc0       0x28 /tmp/ch.elf.c3xRNb.ltrans0.ltrans.o
 *fill*         0x0000000008001ce8        0x8 
 .text.usbDisableEndpointsI
                0x0000000008001cf0       0x70 /tmp/ch.elf.c3xRNb.ltrans0.ltrans.o
 .text.sduInterruptTransmitted
                0x0000000008001d60        0x4 /tmp/ch.elf.c3xRNb.ltrans0.ltrans.o
 *fill*         0x0000000008001d64        0xc 
 .text._ctl.lto_priv.0
                0x0000000008001d70        0x4 /tmp/ch.elf.c3xRNb.ltrans0.ltrans.o
 *fill*         0x0000000008001d74        0xc 
 .text._ctl     0x0000000008001d80        0x4 /tmp/ch.elf.c3xRNb.ltrans0.ltrans.o
 *fill*         0x0000000008001d84        0xc 
 .text.sdu_start_receive
                0x0000000008001d90       0x60 /tmp/ch.elf.c3xRNb.ltrans0.ltrans.o
 .text.ibnotify
                0x0000000008001df0        0x8 /tmp/ch.elf.c3xRNb.ltrans0.ltrans.o
 *fill*         0x0000000008001df8        0x8 
 .text.sduDataReceived
                0x0000000008001e00       0x64 /tmp/ch.elf.c3xRNb.ltrans0.ltrans.o
 *fill*         0x0000000008001e64        0xc 
 .text.obqGetFullBufferI
                0x0000000008001e70       0x1c /tmp/ch.elf.c3xRNb.ltrans0.ltrans.o
 *fill*         0x0000000008001e8c        0x4 
 .text.obnotify
                0x0000000008001e90       0x44 /tmp/ch.elf.c3xRNb.ltrans0.ltrans.o
 *fill*         0x0000000008001ed4        0xc 
 .text.sof_handler
                0x0000000008001ee0       0x8c /tmp/ch.elf.c3xRNb.ltrans0.ltrans.o
 *fill*         0x0000000008001f6c        0x4 
 .text.sduDataTransmitted
                0x0000000008001f70       0xa8 /tmp/ch.elf.c3xRNb.ltrans0.ltrans.o
 *fill*         0x0000000008002018        0x8 
 .text.chSchWakeupS.constprop.0
                0x0000000008002020       0x58 /tmp/ch.elf.c3xRNb.ltrans0.ltrans.o
 *fill*         0x0000000008002078        0x8 
 .text.chSchGoSleepS
                0x0000000008002080       0x28 /tmp/ch.elf.c3xRNb.ltrans0.ltrans.o
 *fill*         0x00000000080020a8        0x8 
 .text.chMtxLock
                0x00000000080020b0       0xd0 /tmp/ch.elf.c3xRNb.ltrans0.ltrans.o
 .text.chThdExitS
                0x0000000008002180       0x48 /tmp/ch.elf.c3xRNb.ltrans0.ltrans.o
 *fill*         0x00000000080021c8        0x8 
 .text.chSchGoSleepTimeoutS
                0x00000000080021d0       0x44 /tmp/ch.elf.c3xRNb.ltrans0.ltrans.o
 *fill*         0x0000000008002214        0xc 
 .text.chThdEnqueueTimeoutS
                0x0000000008002220       0x28 /tmp/ch.elf.c3xRNb.ltrans0.ltrans.o
 *fill*         0x0000000008002248        0x8 
 .text.oqPutTimeout
                0x0000000008002250       0x50 /tmp/ch.elf.c3xRNb.ltrans0.ltrans.o
 .text._putt.lto_priv.0
                0x00000000080022a0        0x8 /tmp/ch.elf.c3xRNb.ltrans0.ltrans.o
 *fill*         0x00000000080022a8        0x8 
 .text._put.lto_priv.0
                0x00000000080022b0        0xc /tmp/ch.elf.c3xRNb.ltrans0.ltrans.o
 *fill*         0x00000000080022bc        0x4 
 .text.iqGetTimeout
                0x00000000080022c0       0x54 /tmp/ch.elf.c3xRNb.ltrans0.ltrans.o
 *fill*         0x0000000008002314        0xc 
 .text._gett.lto_priv.0
                0x0000000008002320        0x8 /tmp/ch.elf.c3xRNb.ltrans0.ltrans.o
 *fill*         0x0000000008002328        0x8 
 .text._get.lto_priv.0
                0x0000000008002330        0xc /tmp/ch.elf.c3xRNb.ltrans0.ltrans.o
 *fill*         0x000000000800233c        0x4 
 .text.obqGetEmptyBufferTimeoutS
                0x0000000008002340       0x34 /tmp/ch.elf.c3xRNb.ltrans0.ltrans.o
 *fill*         0x0000000008002374        0xc 
 .text.obqPutTimeout
                0x0000000008002380       0x64 /tmp/ch.elf.c3xRNb.ltrans0.ltrans.o
 *fill*         0x00000000080023e4        0xc 
 .text._putt.lto_priv.1
                0x00000000080023f0        0x8 /tmp/ch.elf.c3xRNb.ltrans0.ltrans.o
 *fill*         0x00000000080023f8        0x8 
 .text._put.lto_priv.1
                0x0000000008002400        0xc /tmp/ch.elf.c3xRNb.ltrans0.ltrans.o
 *fill*         0x000000000800240c        0x4 
 .text.ibqGetFullBufferTimeoutS
                0x0000000008002410       0x34 /tmp/ch.elf.c3xRNb.ltrans0.ltrans.o
 *fill*         0x0000000008002444        0xc 
 .text.ibqGetTimeout
                0x0000000008002450       0x5c /tmp/ch.elf.c3xRNb.ltrans0.ltrans.o
 *fill*         0x00000000080024ac        0x4 
 .text._gett.lto_priv.1
                0x00000000080024b0        0x8 /tmp/ch.elf.c3xRNb.ltrans0.ltrans.o
 *fill*         0x00000000080024b8        0x8 
 .text._get.lto_priv.1
                0x00000000080024c0        0xc /tmp/ch.elf.c3xRNb.ltrans0.ltrans.o
 *fill*         0x00000000080024cc        0x4 
 .text.chThdSuspendTimeoutS
                0x00000000080024d0       0x14 /tmp/ch.elf.c3xRNb.ltrans0.ltrans.o
 *fill*         0x00000000080024e4        0xc 
 .text.i2c_lld_master_transmit_timeout.constprop.0
                0x00000000080024f0      0x104 /tmp/ch.elf.c3xRNb.ltrans0.ltrans.o
 *fill*         0x00000000080025f4        0xc 
 .text.ReadDev.constprop.0
                0x0000000008002600       0x70 /tmp/ch.elf.c3xRNb.ltrans0.ltrans.o
 .text.get_two_byte
                0x0000000008002670       0x2c /tmp/ch.elf.c3xRNb.ltrans0.ltrans.o
 *fill*         0x000000000800269c        0x4 
 .text.read_clock
                0x00000000080026a0       0x84 /tmp/ch.elf.c3xRNb.ltrans0.ltrans.o
 *fill*         0x0000000008002724        0xc 
 .text.WriteDev
                0x0000000008002730       0x64 /tmp/ch.elf.c3xRNb.ltrans0.ltrans.o
 *fill*         0x0000000008002794        0xc 
 .text.read_byte
                0x00000000080027a0       0xc4 /tmp/ch.elf.c3xRNb.ltrans0.ltrans.o
 *fill*         0x0000000008002864        0xc 
 .text.read_single_byte.constprop.0
                0x0000000008002870       0x40 /tmp/ch.elf.c3xRNb.ltrans0.ltrans.o
 .text.write_byte
                0x00000000080028b0       0x9c /tmp/ch.elf.c3xRNb.ltrans0.ltrans.o
 *fill*         0x000000000800294c        0x4 
 .text.chThdSleep
                0x0000000008002950       0x18 /tmp/ch.elf.c3xRNb.ltrans0.ltrans.o
 *fill*         0x0000000008002968        0x8 
 .text.chscanf.constprop.0
                0x0000000008002970      0x580 /tmp/ch.elf.c3xRNb.ltrans0.ltrans.o
 .text.chprintf
                0x0000000008002ef0      0x4ac /tmp/ch.elf.c3xRNb.ltrans0.ltrans.o
 *fill*         0x000000000800339c        0x4 
 .text.CharacterInputThread
                0x00000000080033a0      0xf24 /tmp/ch.elf.c3xRNb.ltrans0.ltrans.o
 *fill*         0x00000000080042c4        0xc 
 .text.cmd_xhelp
                0x00000000080042d0       0x94 /tmp/ch.elf.c3xRNb.ltrans0.ltrans.o
 *fill*         0x0000000008004364        0xc 
 .text.cmd_wc   0x0000000008004370       0x3c /tmp/ch.elf.c3xRNb.ltrans0.ltrans.o
 *fill*         0x00000000080043ac        0x4 
 .text.cmd_change_pw4
                0x00000000080043b0       0xb0 /tmp/ch.elf.c3xRNb.ltrans0.ltrans.o
 .text.cmd_change_freq
                0x0000000008004460       0x94 /tmp/ch.elf.c3xRNb.ltrans0.ltrans.o
 *fill*         0x00000000080044f4        0xc 
 .text.cmd_fill
                0x0000000008004500      0x108 /tmp/ch.elf.c3xRNb.ltrans0.ltrans.o
 *fill*         0x0000000008004608        0x8 
 .text.cmd_wb   0x0000000008004610       0x90 /tmp/ch.elf.c3xRNb.ltrans0.ltrans.o
 .text.cmd_rb   0x00000000080046a0       0x4c /tmp/ch.elf.c3xRNb.ltrans0.ltrans.o
 *fill*         0x00000000080046ec        0x4 
 .text.cmd_spi  0x00000000080046f0       0x30 /tmp/ch.elf.c3xRNb.ltrans0.ltrans.o
 .text.cmd_test
                0x0000000008004720       0x60 /tmp/ch.elf.c3xRNb.ltrans0.ltrans.o
 .text.cmd_br   0x0000000008004780      0x1b4 /tmp/ch.elf.c3xRNb.ltrans0.ltrans.o
 *fill*         0x0000000008004934        0xc 
 .text.usbInitEndpointI
                0x0000000008004940      0x174 /tmp/ch.elf.c3xRNb.ltrans0.ltrans.o
 *fill*         0x0000000008004ab4        0xc 
 .text.usb_event
                0x0000000008004ac0       0xf4 /tmp/ch.elf.c3xRNb.ltrans0.ltrans.o
 *fill*         0x0000000008004bb4        0xc 
 .text.get_history
                0x0000000008004bc0       0xf4 /tmp/ch.elf.c3xRNb.ltrans0.ltrans.o
 *fill*         0x0000000008004cb4        0xc 
 .text._usb_ep0setup
                0x0000000008004cc0      0x39c /tmp/ch.elf.c3xRNb.ltrans0.ltrans.o
 *fill*         0x000000000800505c        0x4 
 .text.oqWriteTimeout
                0x0000000008005060       0xd4 /tmp/ch.elf.c3xRNb.ltrans0.ltrans.o
 *fill*         0x0000000008005134        0xc 
 .text._writet.lto_priv.0
                0x0000000008005140        0x8 /tmp/ch.elf.c3xRNb.ltrans0.ltrans.o
 *fill*         0x0000000008005148        0x8 
 .text._write.lto_priv.0
                0x0000000008005150        0xc /tmp/ch.elf.c3xRNb.ltrans0.ltrans.o
 *fill*         0x000000000800515c        0x4 
 .text.iqReadTimeout
                0x0000000008005160       0xd4 /tmp/ch.elf.c3xRNb.ltrans0.ltrans.o
 *fill*         0x0000000008005234        0xc 
 .text._readt.lto_priv.0
                0x0000000008005240        0x8 /tmp/ch.elf.c3xRNb.ltrans0.ltrans.o
 *fill*         0x0000000008005248        0x8 
 .text._read.lto_priv.0
                0x0000000008005250        0xc /tmp/ch.elf.c3xRNb.ltrans0.ltrans.o
 *fill*         0x000000000800525c        0x4 
 .text.obqWriteTimeout
                0x0000000008005260       0xd8 /tmp/ch.elf.c3xRNb.ltrans0.ltrans.o
 *fill*         0x0000000008005338        0x8 
 .text._writet.lto_priv.1
                0x0000000008005340        0x8 /tmp/ch.elf.c3xRNb.ltrans0.ltrans.o
 *fill*         0x0000000008005348        0x8 
 .text._write.lto_priv.1
                0x0000000008005350        0xc /tmp/ch.elf.c3xRNb.ltrans0.ltrans.o
 *fill*         0x000000000800535c        0x4 
 .text.ibqReadTimeout
                0x0000000008005360       0xcc /tmp/ch.elf.c3xRNb.ltrans0.ltrans.o
 *fill*         0x000000000800542c        0x4 
 .text._readt.lto_priv.1
                0x0000000008005430        0x8 /tmp/ch.elf.c3xRNb.ltrans0.ltrans.o
 *fill*         0x0000000008005438        0x8 
 .text._read.lto_priv.1
                0x0000000008005440        0xc /tmp/ch.elf.c3xRNb.ltrans0.ltrans.o
 *fill*         0x000000000800544c        0x4 
 .text.parse_arguments
                0x0000000008005450       0x58 /tmp/ch.elf.c3xRNb.ltrans0.ltrans.o
 *fill*         0x00000000080054a8        0x8 
 .text.shellThread
                0x00000000080054b0      0x5ac /tmp/ch.elf.c3xRNb.ltrans0.ltrans.o
 *fill*         0x0000000008005a5c        0x4 
 .text.SVC_Handler
                0x0000000008005a60       0x14 /tmp/ch.elf.c3xRNb.ltrans0.ltrans.o
                0x0000000008005a60                SVC_Handler
 *fill*         0x0000000008005a74        0xc 
 .text.chThdExit
                0x0000000008005a80        0xc /tmp/ch.elf.c3xRNb.ltrans0.ltrans.o
                0x0000000008005a80                chThdExit
 *fill*         0x0000000008005a8c        0x4 
 .text.chSchDoRescheduleAhead
                0x0000000008005a90       0x3c /tmp/ch.elf.c3xRNb.ltrans0.ltrans.o
                0x0000000008005a90                chSchDoReschedule
 *fill*         0x0000000008005acc        0x4 
 .text.chMtxUnlock
                0x0000000008005ad0       0x74 /tmp/ch.elf.c3xRNb.ltrans0.ltrans.o
 *fill*         0x0000000008005b44        0xc 
 .text.chThdRelease
                0x0000000008005b50       0xdc /tmp/ch.elf.c3xRNb.ltrans0.ltrans.o
 *fill*         0x0000000008005c2c        0x4 
 .text.startup.main
                0x0000000008005c30      0xff4 /tmp/ch.elf.c3xRNb.ltrans0.ltrans.o
                0x0000000008005c30                main
 *fill*         0x0000000008006c24        0xc 
 .text.__early_init
                0x0000000008006c30      0x1f0 /tmp/ch.elf.c3xRNb.ltrans0.ltrans.o
                0x0000000008006c30                __early_init
 .text.Vector15C
                0x0000000008006e20       0x14 /tmp/ch.elf.c3xRNb.ltrans0.ltrans.o
                0x0000000008006e20                Vector15C
 *fill*         0x0000000008006e34        0xc 
 .text.VectorD8
                0x0000000008006e40       0x14 /tmp/ch.elf.c3xRNb.ltrans0.ltrans.o
                0x0000000008006e40                VectorD8
 *fill*         0x0000000008006e54        0xc 
 .text.VectorD4
                0x0000000008006e60       0x14 /tmp/ch.elf.c3xRNb.ltrans0.ltrans.o
                0x0000000008006e60                VectorD4
 *fill*         0x0000000008006e74        0xc 
 .text.VectorB4
                0x0000000008006e80       0x14 /tmp/ch.elf.c3xRNb.ltrans0.ltrans.o
                0x0000000008006e80                VectorB4
 *fill*         0x0000000008006e94        0xc 
 .text.VectorB0
                0x0000000008006ea0       0x14 /tmp/ch.elf.c3xRNb.ltrans0.ltrans.o
                0x0000000008006ea0                VectorB0
 *fill*         0x0000000008006eb4        0xc 
 .text.VectorA4
                0x0000000008006ec0       0x14 /tmp/ch.elf.c3xRNb.ltrans0.ltrans.o
                0x0000000008006ec0                VectorA4
 *fill*         0x0000000008006ed4        0xc 
 .text.VectorAC
                0x0000000008006ee0        0x4 /tmp/ch.elf.c3xRNb.ltrans0.ltrans.o
                0x0000000008006ee0                VectorAC
 *fill*         0x0000000008006ee4        0xc 
 .text.VectorB8
                0x0000000008006ef0       0x50 /tmp/ch.elf.c3xRNb.ltrans0.ltrans.o
                0x0000000008006ef0                VectorB8
 .text.Vector108
                0x0000000008006f40       0xb0 /tmp/ch.elf.c3xRNb.ltrans0.ltrans.o
                0x0000000008006f40                Vector108
 .text.Vector14C
                0x0000000008006ff0      0x428 /tmp/ch.elf.c3xRNb.ltrans0.ltrans.o
                0x0000000008006ff0                Vector14C
 *fill*         0x0000000008007418        0x8 
 .text.VectorC0
                0x0000000008007420       0xe4 /tmp/ch.elf.c3xRNb.ltrans0.ltrans.o
                0x0000000008007420                VectorC0
 *fill*         0x0000000008007504        0xc 
 .text.VectorBC
                0x0000000008007510      0x11c /tmp/ch.elf.c3xRNb.ltrans0.ltrans.o
                0x0000000008007510                VectorBC
 *fill*         0x000000000800762c        0x4 
 .text.Vector158
                0x0000000008007630       0x2c /tmp/ch.elf.c3xRNb.ltrans0.ltrans.o
                0x0000000008007630                Vector158
 *fill*         0x000000000800765c        0x4 
 .text.Vector154
                0x0000000008007660       0x2c /tmp/ch.elf.c3xRNb.ltrans0.ltrans.o
                0x0000000008007660                Vector154
 *fill*         0x000000000800768c        0x4 
 .text.Vector150
                0x0000000008007690       0x2c /tmp/ch.elf.c3xRNb.ltrans0.ltrans.o
                0x0000000008007690                Vector150
 *fill*         0x00000000080076bc        0x4 
 .text.Vector130
                0x00000000080076c0       0x28 /tmp/ch.elf.c3xRNb.ltrans0.ltrans.o
                0x00000000080076c0                Vector130
 *fill*         0x00000000080076e8        0x8 
 .text.Vector12C
                0x00000000080076f0       0x2c /tmp/ch.elf.c3xRNb.ltrans0.ltrans.o
                0x00000000080076f0                Vector12C
 *fill*         0x000000000800771c        0x4 
 .text.Vector128
                0x0000000008007720       0x2c /tmp/ch.elf.c3xRNb.ltrans0.ltrans.o
                0x0000000008007720                Vector128
 *fill*         0x000000000800774c        0x4 
 .text.Vector124
                0x0000000008007750       0x2c /tmp/ch.elf.c3xRNb.ltrans0.ltrans.o
                0x0000000008007750                Vector124
 *fill*         0x000000000800777c        0x4 
 .text.Vector120
                0x0000000008007780       0x28 /tmp/ch.elf.c3xRNb.ltrans0.ltrans.o
                0x0000000008007780                Vector120
 *fill*         0x00000000080077a8        0x8 
 .text.VectorFC
                0x00000000080077b0       0x2c /tmp/ch.elf.c3xRNb.ltrans0.ltrans.o
                0x00000000080077b0                VectorFC
 *fill*         0x00000000080077dc        0x4 
 .text.Vector84
                0x00000000080077e0       0x2c /tmp/ch.elf.c3xRNb.ltrans0.ltrans.o
                0x00000000080077e0                Vector84
 *fill*         0x000000000800780c        0x4 
 .text.Vector80
                0x0000000008007810       0x2c /tmp/ch.elf.c3xRNb.ltrans0.ltrans.o
                0x0000000008007810                Vector80
 *fill*         0x000000000800783c        0x4 
 .text.Vector7C
                0x0000000008007840       0x28 /tmp/ch.elf.c3xRNb.ltrans0.ltrans.o
                0x0000000008007840                Vector7C
 *fill*         0x0000000008007868        0x8 
 .text.Vector78
                0x0000000008007870       0x2c /tmp/ch.elf.c3xRNb.ltrans0.ltrans.o
                0x0000000008007870                Vector78
 *fill*         0x000000000800789c        0x4 
 .text.Vector74
                0x00000000080078a0       0x2c /tmp/ch.elf.c3xRNb.ltrans0.ltrans.o
                0x00000000080078a0                Vector74
 *fill*         0x00000000080078cc        0x4 
 .text.Vector70
                0x00000000080078d0       0x2c /tmp/ch.elf.c3xRNb.ltrans0.ltrans.o
                0x00000000080078d0                Vector70
 *fill*         0x00000000080078fc        0x4 
 .text.Vector6C
                0x0000000008007900       0x28 /tmp/ch.elf.c3xRNb.ltrans0.ltrans.o
                0x0000000008007900                Vector6C
 *fill*         0x0000000008007928        0x8 
 .text.VectorE0
                0x0000000008007930       0x74 /tmp/ch.elf.c3xRNb.ltrans0.ltrans.o
                0x0000000008007930                VectorE0
 *fill*         0x00000000080079a4        0xc 
 .text.Vector9C
                0x00000000080079b0       0x68 /tmp/ch.elf.c3xRNb.ltrans0.ltrans.o
                0x00000000080079b0                Vector9C
 *fill*         0x0000000008007a18        0x8 
 .text.Vector68
                0x0000000008007a20       0x2c /tmp/ch.elf.c3xRNb.ltrans0.ltrans.o
                0x0000000008007a20                Vector68
 *fill*         0x0000000008007a4c        0x4 
 .text.Vector64
                0x0000000008007a50       0x2c /tmp/ch.elf.c3xRNb.ltrans0.ltrans.o
                0x0000000008007a50                Vector64
 *fill*         0x0000000008007a7c        0x4 
 .text.Vector60
                0x0000000008007a80       0x2c /tmp/ch.elf.c3xRNb.ltrans0.ltrans.o
                0x0000000008007a80                Vector60
 *fill*         0x0000000008007aac        0x4 
 .text.Vector5C
                0x0000000008007ab0       0x2c /tmp/ch.elf.c3xRNb.ltrans0.ltrans.o
                0x0000000008007ab0                Vector5C
 *fill*         0x0000000008007adc        0x4 
 .text.Vector58
                0x0000000008007ae0       0x2c /tmp/ch.elf.c3xRNb.ltrans0.ltrans.o
                0x0000000008007ae0                Vector58
 *fill*         0x0000000008007b0c        0x4 
 .text.__init_ram_areas
                0x0000000008007b10       0x68 /tmp/ch.elf.c3xRNb.ltrans0.ltrans.o
                0x0000000008007b10                __init_ram_areas
 *fill*         0x0000000008007b78        0x8 
 .text.__default_exit
                0x0000000008007b80        0x4 /tmp/ch.elf.c3xRNb.ltrans0.ltrans.o
                0x0000000008007b80                __default_exit
 *fill*         0x0000000008007b84        0xc 
 .text.__late_init
                0x0000000008007b90        0x4 /tmp/ch.elf.c3xRNb.ltrans0.ltrans.o
                0x0000000008007b90                __late_init
 *fill*         0x0000000008007b94        0xc 
 .text.__core_init
                0x0000000008007ba0        0x4 /tmp/ch.elf.c3xRNb.ltrans0.ltrans.o
                0x0000000008007ba0                __core_init
 .text.atoi     0x0000000008007ba4        0x8 /home/rob/Projects/ChibiStudio/ChibiStudio_20/tools/GNU Tools ARM Embedded/9.2.1 2019q4/bin/../lib/gcc/arm-none-eabi/9.2.1/../../../../arm-none-eabi/lib/thumb/v7e-m/nofp/libg.a(lib_a-atoi.o)
                0x0000000008007ba4                atoi
 .text._strtol_l.isra.0
                0x0000000008007bac      0x10c /home/rob/Projects/ChibiStudio/ChibiStudio_20/tools/GNU Tools ARM Embedded/9.2.1 2019q4/bin/../lib/gcc/arm-none-eabi/9.2.1/../../../../arm-none-eabi/lib/thumb/v7e-m/nofp/libg.a(lib_a-strtol.o)
 .text.strtol   0x0000000008007cb8       0x18 /home/rob/Projects/ChibiStudio/ChibiStudio_20/tools/GNU Tools ARM Embedded/9.2.1 2019q4/bin/../lib/gcc/arm-none-eabi/9.2.1/../../../../arm-none-eabi/lib/thumb/v7e-m/nofp/libg.a(lib_a-strtol.o)
                0x0000000008007cb8                strtol
 .text.memset   0x0000000008007cd0       0xa0 /home/rob/Projects/ChibiStudio/ChibiStudio_20/tools/GNU Tools ARM Embedded/9.2.1 2019q4/bin/../lib/gcc/arm-none-eabi/9.2.1/../../../../arm-none-eabi/lib/thumb/v7e-m/nofp/libg.a(lib_a-memset.o)
                0x0000000008007cd0                memset
 .text.strchr   0x0000000008007d70       0xd0 /home/rob/Projects/ChibiStudio/ChibiStudio_20/tools/GNU Tools ARM Embedded/9.2.1 2019q4/bin/../lib/gcc/arm-none-eabi/9.2.1/../../../../arm-none-eabi/lib/thumb/v7e-m/nofp/libg.a(lib_a-strchr.o)
                0x0000000008007d70                strchr
 .text.strpbrk  0x0000000008007e40       0x38 /home/rob/Projects/ChibiStudio/ChibiStudio_20/tools/GNU Tools ARM Embedded/9.2.1 2019q4/bin/../lib/gcc/arm-none-eabi/9.2.1/../../../../arm-none-eabi/lib/thumb/v7e-m/nofp/libg.a(lib_a-strpbrk.o)
                0x0000000008007e40                strpbrk
 .text.strspn   0x0000000008007e78       0x30 /home/rob/Projects/ChibiStudio/ChibiStudio_20/tools/GNU Tools ARM Embedded/9.2.1 2019q4/bin/../lib/gcc/arm-none-eabi/9.2.1/../../../../arm-none-eabi/lib/thumb/v7e-m/nofp/libg.a(lib_a-strspn.o)
                0x0000000008007e78                strspn
 .text.two_way_long_needle
                0x0000000008007ea8      0x2b4 /home/rob/Projects/ChibiStudio/ChibiStudio_20/tools/GNU Tools ARM Embedded/9.2.1 2019q4/bin/../lib/gcc/arm-none-eabi/9.2.1/../../../../arm-none-eabi/lib/thumb/v7e-m/nofp/libg.a(lib_a-strstr.o)
 .text.strstr   0x000000000800815c      0x164 /home/rob/Projects/ChibiStudio/ChibiStudio_20/tools/GNU Tools ARM Embedded/9.2.1 2019q4/bin/../lib/gcc/arm-none-eabi/9.2.1/../../../../arm-none-eabi/lib/thumb/v7e-m/nofp/libg.a(lib_a-strstr.o)
                0x000000000800815c                strstr
 .text.memcmp   0x00000000080082c0       0x60 /home/rob/Projects/ChibiStudio/ChibiStudio_20/tools/GNU Tools ARM Embedded/9.2.1 2019q4/bin/../lib/gcc/arm-none-eabi/9.2.1/../../../../arm-none-eabi/lib/thumb/v7e-m/nofp/libg.a(lib_a-memcmp.o)
                0x00000000080082c0                memcmp
 .text.strnlen  0x0000000008008320       0x28 /home/rob/Projects/ChibiStudio/ChibiStudio_20/tools/GNU Tools ARM Embedded/9.2.1 2019q4/bin/../lib/gcc/arm-none-eabi/9.2.1/../../../../arm-none-eabi/lib/thumb/v7e-m/nofp/libg.a(lib_a-strnlen.o)
                0x0000000008008320                strnlen
 *(.glue_7t)
 .glue_7t       0x0000000008008348        0x0 linker stubs
 *(.glue_7)
 .glue_7        0x0000000008008348        0x0 linker stubs
 *(.gcc*)
                0x0000000008008348                __text_end__ = .

.vfp11_veneer   0x0000000008008348        0x0
 .vfp11_veneer  0x0000000008008348        0x0 linker stubs

.v4_bx          0x0000000008008348        0x0
 .v4_bx         0x0000000008008348        0x0 linker stubs

.iplt           0x0000000008008348        0x0
 .iplt          0x0000000008008348        0x0 ./build/obj/crt0_v7m.o

.rodata         0x0000000008008348      0xcc0
                0x0000000008008348                __rodata_base__ = .
 *(.rodata)
 *(.rodata.*)
 .rodata.spi_lld_serve_rx_interrupt.str1.4
                0x0000000008008348        0xc /tmp/ch.elf.c3xRNb.ltrans0.ltrans.o
 .rodata.chscanf.constprop.0.str1.4
                0x0000000008008354        0x5 /tmp/ch.elf.c3xRNb.ltrans0.ltrans.o
 *fill*         0x0000000008008359        0x3 
 .rodata.chprintf.str1.4
                0x000000000800835c        0x7 /tmp/ch.elf.c3xRNb.ltrans0.ltrans.o
 *fill*         0x0000000008008363        0x1 
 .rodata.CharacterInputThread.str1.4
                0x0000000008008364      0x193 /tmp/ch.elf.c3xRNb.ltrans0.ltrans.o
 *fill*         0x00000000080084f7        0x1 
 .rodata.cmd_xhelp.str1.4
                0x00000000080084f8      0x18b /tmp/ch.elf.c3xRNb.ltrans0.ltrans.o
                                        0x18f (size before relaxing)
 *fill*         0x0000000008008683        0x1 
 .rodata.cmd_wc.str1.4
                0x0000000008008684       0x2c /tmp/ch.elf.c3xRNb.ltrans0.ltrans.o
 .rodata.cmd_change_pw4.str1.4
                0x00000000080086b0       0xc4 /tmp/ch.elf.c3xRNb.ltrans0.ltrans.o
 .rodata.cmd_change_freq.str1.4
                0x0000000008008774       0x6c /tmp/ch.elf.c3xRNb.ltrans0.ltrans.o
 .rodata.cmd_fill.str1.4
                0x00000000080087e0       0x92 /tmp/ch.elf.c3xRNb.ltrans0.ltrans.o
 *fill*         0x0000000008008872        0x2 
 .rodata.cmd_wb.str1.4
                0x0000000008008874       0x54 /tmp/ch.elf.c3xRNb.ltrans0.ltrans.o
 .rodata.cmd_rb.str1.4
                0x00000000080088c8       0x4b /tmp/ch.elf.c3xRNb.ltrans0.ltrans.o
 *fill*         0x0000000008008913        0x1 
 .rodata.cmd_spi.str1.4
                0x0000000008008914       0x29 /tmp/ch.elf.c3xRNb.ltrans0.ltrans.o
 *fill*         0x000000000800893d        0x3 
 .rodata.cmd_test.str1.4
                0x0000000008008940       0x61 /tmp/ch.elf.c3xRNb.ltrans0.ltrans.o
 *fill*         0x00000000080089a1        0x3 
 .rodata.cmd_br.str1.4
                0x00000000080089a4       0x78 /tmp/ch.elf.c3xRNb.ltrans0.ltrans.o
                                         0x7c (size before relaxing)
 .rodata.parse_arguments.str1.4
                0x0000000008008a1c        0x3 /tmp/ch.elf.c3xRNb.ltrans0.ltrans.o
 *fill*         0x0000000008008a1f        0x1 
 .rodata.shellThread.str1.4
                0x0000000008008a20       0x81 /tmp/ch.elf.c3xRNb.ltrans0.ltrans.o
 *fill*         0x0000000008008aa1        0x3 
 .rodata.main.str1.4
                0x0000000008008aa4       0x3b /tmp/ch.elf.c3xRNb.ltrans0.ltrans.o
 *fill*         0x0000000008008adf        0x1 
 .rodata.str1.4
                0x0000000008008ae0       0x3d /tmp/ch.elf.c3xRNb.ltrans0.ltrans.o
 *fill*         0x0000000008008b1d        0x3 
 .rodata._stm32_dma_streams
                0x0000000008008b20       0xc0 /tmp/ch.elf.c3xRNb.ltrans0.ltrans.o
 .rodata.active_status
                0x0000000008008be0        0x2 /tmp/ch.elf.c3xRNb.ltrans0.ltrans.o
 *fill*         0x0000000008008be2        0x2 
 .rodata.ch_debug
                0x0000000008008be4       0x16 /tmp/ch.elf.c3xRNb.ltrans0.ltrans.o
 *fill*         0x0000000008008bfa        0x2 
 .rodata.commands
                0x0000000008008bfc       0x58 /tmp/ch.elf.c3xRNb.ltrans0.ltrans.o
 .rodata.dummytx
                0x0000000008008c54        0x2 /tmp/ch.elf.c3xRNb.ltrans0.ltrans.o
 *fill*         0x0000000008008c56        0x2 
 .rodata.ep0config
                0x0000000008008c58       0x24 /tmp/ch.elf.c3xRNb.ltrans0.ltrans.o
 .rodata.ep1config
                0x0000000008008c7c       0x24 /tmp/ch.elf.c3xRNb.ltrans0.ltrans.o
 .rodata.ep2config
                0x0000000008008ca0       0x24 /tmp/ch.elf.c3xRNb.ltrans0.ltrans.o
 .rodata.fsparams
                0x0000000008008cc4        0xc /tmp/ch.elf.c3xRNb.ltrans0.ltrans.o
 .rodata.gptcfg1
                0x0000000008008cd0       0x10 /tmp/ch.elf.c3xRNb.ltrans0.ltrans.o
 .rodata.halted_status
                0x0000000008008ce0        0x2 /tmp/ch.elf.c3xRNb.ltrans0.ltrans.o
 *fill*         0x0000000008008ce2        0x2 
 .rodata.i2cfg1
                0x0000000008008ce4        0xc /tmp/ch.elf.c3xRNb.ltrans0.ltrans.o
 .rodata.idle_descriptor.7052
                0x0000000008008cf0       0x18 /tmp/ch.elf.c3xRNb.ltrans0.ltrans.o
 .rodata.ram_areas
                0x0000000008008d08       0x80 /tmp/ch.elf.c3xRNb.ltrans0.ltrans.o
 .rodata.serusbcfg1
                0x0000000008008d88        0x8 /tmp/ch.elf.c3xRNb.ltrans0.ltrans.o
 .rodata.shell_cfg1
                0x0000000008008d90       0x14 /tmp/ch.elf.c3xRNb.ltrans0.ltrans.o
 .rodata.usbcfg
                0x0000000008008da4       0x10 /tmp/ch.elf.c3xRNb.ltrans0.ltrans.o
 .rodata.vcom_configuration_descriptor
                0x0000000008008db4        0x8 /tmp/ch.elf.c3xRNb.ltrans0.ltrans.o
 .rodata.vcom_configuration_descriptor_data
                0x0000000008008dbc       0x4b /tmp/ch.elf.c3xRNb.ltrans0.ltrans.o
 *fill*         0x0000000008008e07        0x1 
 .rodata.vcom_device_descriptor
                0x0000000008008e08        0x8 /tmp/ch.elf.c3xRNb.ltrans0.ltrans.o
 .rodata.vcom_device_descriptor_data
                0x0000000008008e10       0x12 /tmp/ch.elf.c3xRNb.ltrans0.ltrans.o
 *fill*         0x0000000008008e22        0x2 
 .rodata.vcom_string0
                0x0000000008008e24        0x4 /tmp/ch.elf.c3xRNb.ltrans0.ltrans.o
 .rodata.vcom_string1
                0x0000000008008e28       0x26 /tmp/ch.elf.c3xRNb.ltrans0.ltrans.o
 *fill*         0x0000000008008e4e        0x2 
 .rodata.vcom_string2
                0x0000000008008e50       0x38 /tmp/ch.elf.c3xRNb.ltrans0.ltrans.o
 .rodata.vcom_string3
                0x0000000008008e88        0x8 /tmp/ch.elf.c3xRNb.ltrans0.ltrans.o
 .rodata.vcom_strings
                0x0000000008008e90       0x20 /tmp/ch.elf.c3xRNb.ltrans0.ltrans.o
 .rodata.vmt.lto_priv.0
                0x0000000008008eb0       0x28 /tmp/ch.elf.c3xRNb.ltrans0.ltrans.o
 .rodata.vmt.lto_priv.1
                0x0000000008008ed8       0x28 /tmp/ch.elf.c3xRNb.ltrans0.ltrans.o
 .rodata.zero_status
                0x0000000008008f00        0x2 /tmp/ch.elf.c3xRNb.ltrans0.ltrans.o
 *fill*         0x0000000008008f02        0x2 
 .rodata._ctype_
                0x0000000008008f04      0x101 /home/rob/Projects/ChibiStudio/ChibiStudio_20/tools/GNU Tools ARM Embedded/9.2.1 2019q4/bin/../lib/gcc/arm-none-eabi/9.2.1/../../../../arm-none-eabi/lib/thumb/v7e-m/nofp/libg.a(lib_a-ctype_.o)
                0x0000000008008f04                _ctype_
                0x0000000008009008                . = ALIGN (0x4)
 *fill*         0x0000000008009005        0x3 
                0x0000000008009008                __rodata_end__ = .

.ARM.extab
 *(.ARM.extab* .gnu.linkonce.armextab.*)

.ARM.exidx      0x0000000008009008        0x8
                0x0000000008009008                __exidx_base__ = .
                0x0000000008009008                __exidx_start = .
 *(.ARM.exidx* .gnu.linkonce.armexidx.*)
 .ARM.exidx     0x0000000008009008        0x8 /home/rob/Projects/ChibiStudio/ChibiStudio_20/tools/GNU Tools ARM Embedded/9.2.1 2019q4/bin/../lib/gcc/arm-none-eabi/9.2.1/thumb/v7e-m/nofp/libgcc.a(_udivmoddi4.o)
                0x0000000008009010                __exidx_end__ = .
                0x0000000008009010                __exidx_end = .

.rel.dyn        0x0000000008009010        0x0
 .rel.iplt      0x0000000008009010        0x0 ./build/obj/crt0_v7m.o

.eh_frame_hdr
 *(.eh_frame_hdr)

.eh_frame
 *(.eh_frame)

.data           0x0000000020000800      0x488 load address 0x0000000008009010
                [!provide]                        PROVIDE (_textdata = LOADADDR (.data))
                [!provide]                        PROVIDE (_data = .)
                0x0000000008009010                __textdata_base__ = LOADADDR (.data)
                0x0000000020000800                __data_base__ = .
 *(.data)
 *(.data.*)
 .data.freq     0x0000000020000800        0x2 /tmp/ch.elf.c3xRNb.ltrans0.ltrans.o
 *fill*         0x0000000020000802        0x2 
 .data.linecoding
                0x0000000020000804        0x7 /tmp/ch.elf.c3xRNb.ltrans0.ltrans.o
 *fill*         0x000000002000080b        0x1 
 .data.pw4      0x000000002000080c        0x2 /tmp/ch.elf.c3xRNb.ltrans0.ltrans.o
 *fill*         0x000000002000080e        0x2 
 .data.pwmcfg   0x0000000020000810       0x34 /tmp/ch.elf.c3xRNb.ltrans0.ltrans.o
 .data.spi_cfg_8
                0x0000000020000844       0x14 /tmp/ch.elf.c3xRNb.ltrans0.ltrans.o
 .data._impure_ptr
                0x0000000020000858        0x4 /home/rob/Projects/ChibiStudio/ChibiStudio_20/tools/GNU Tools ARM Embedded/9.2.1 2019q4/bin/../lib/gcc/arm-none-eabi/9.2.1/../../../../arm-none-eabi/lib/thumb/v7e-m/nofp/libg.a(lib_a-impure.o)
                0x0000000020000858                _impure_ptr
 *fill*         0x000000002000085c        0x4 
 .data.impure_data
                0x0000000020000860      0x428 /home/rob/Projects/ChibiStudio/ChibiStudio_20/tools/GNU Tools ARM Embedded/9.2.1 2019q4/bin/../lib/gcc/arm-none-eabi/9.2.1/../../../../arm-none-eabi/lib/thumb/v7e-m/nofp/libg.a(lib_a-impure.o)
 *(.ramtext)
                0x0000000020000c88                . = ALIGN (0x4)
                [!provide]                        PROVIDE (_edata = .)
                0x0000000020000c88                __data_end__ = .

.igot.plt       0x0000000020000c88        0x0 load address 0x0000000008009498
 .igot.plt      0x0000000020000c88        0x0 ./build/obj/crt0_v7m.o

.bss            0x0000000020000c88     0x5528 load address 0x0000000008009498
                0x0000000020000c88                __bss_base__ = .
 *(.bss)
 *(.bss.*)
 .bss.BUS_in_use
                0x0000000020000c88        0x1 /tmp/ch.elf.c3xRNb.ltrans0.ltrans.o
 *fill*         0x0000000020000c89        0x3 
 .bss.GPTD4     0x0000000020000c8c       0x10 /tmp/ch.elf.c3xRNb.ltrans0.ltrans.o
 .bss.I2CD1     0x0000000020000c9c       0x38 /tmp/ch.elf.c3xRNb.ltrans0.ltrans.o
 .bss.PWMD1     0x0000000020000cd4       0x1c /tmp/ch.elf.c3xRNb.ltrans0.ltrans.o
 .bss.PWMD2     0x0000000020000cf0       0x1c /tmp/ch.elf.c3xRNb.ltrans0.ltrans.o
 .bss.PWMD3     0x0000000020000d0c       0x1c /tmp/ch.elf.c3xRNb.ltrans0.ltrans.o
 .bss.SD1       0x0000000020000d28      0x25c /tmp/ch.elf.c3xRNb.ltrans0.ltrans.o
 .bss.SD2       0x0000000020000f84      0x25c /tmp/ch.elf.c3xRNb.ltrans0.ltrans.o
 .bss.SD6       0x00000000200011e0      0x25c /tmp/ch.elf.c3xRNb.ltrans0.ltrans.o
 .bss.SDU1      0x000000002000143c      0x490 /tmp/ch.elf.c3xRNb.ltrans0.ltrans.o
 .bss.SPID1     0x00000000200018cc       0x30 /tmp/ch.elf.c3xRNb.ltrans0.ltrans.o
 .bss.USBD1     0x00000000200018fc       0x60 /tmp/ch.elf.c3xRNb.ltrans0.ltrans.o
 .bss._pal_events
                0x000000002000195c       0x80 /tmp/ch.elf.c3xRNb.ltrans0.ltrans.o
 .bss.btn_cnt   0x00000000200019dc        0x1 /tmp/ch.elf.c3xRNb.ltrans0.ltrans.o
 *fill*         0x00000000200019dd        0x3 
 .bss.ch        0x00000000200019e0       0x74 /tmp/ch.elf.c3xRNb.ltrans0.ltrans.o
 .bss.ch_factory
                0x0000000020001a54       0x48 /tmp/ch.elf.c3xRNb.ltrans0.ltrans.o
 *fill*         0x0000000020001a9c        0x4 
 .bss.ch_idle_thread_wa
                0x0000000020001aa0       0xd8 /tmp/ch.elf.c3xRNb.ltrans0.ltrans.o
 .bss.ch_memcore
                0x0000000020001b78        0x8 /tmp/ch.elf.c3xRNb.ltrans0.ltrans.o
 .bss.chunk_cnt.10056
                0x0000000020001b80        0x4 /tmp/ch.elf.c3xRNb.ltrans0.ltrans.o
 .bss.cnt_idx.10054
                0x0000000020001b84        0x4 /tmp/ch.elf.c3xRNb.ltrans0.ltrans.o
 .bss.completion_buffer
                0x0000000020001b88       0x10 /tmp/ch.elf.c3xRNb.ltrans0.ltrans.o
 .bss.count.10055
                0x0000000020001b98        0x4 /tmp/ch.elf.c3xRNb.ltrans0.ltrans.o
 .bss.cs.10062  0x0000000020001b9c        0x1 /tmp/ch.elf.c3xRNb.ltrans0.ltrans.o
 *fill*         0x0000000020001b9d        0x3 
 .bss.default_heap
                0x0000000020001ba0       0x1c /tmp/ch.elf.c3xRNb.ltrans0.ltrans.o
 .bss.dma       0x0000000020001bbc       0x84 /tmp/ch.elf.c3xRNb.ltrans0.ltrans.o
 .bss.dummyrx   0x0000000020001c40        0x2 /tmp/ch.elf.c3xRNb.ltrans0.ltrans.o
 *fill*         0x0000000020001c42        0x2 
 .bss.ep0_state
                0x0000000020001c44       0x10 /tmp/ch.elf.c3xRNb.ltrans0.ltrans.o
 .bss.ep0setup_buffer
                0x0000000020001c54        0x8 /tmp/ch.elf.c3xRNb.ltrans0.ltrans.o
 .bss.ep1instate
                0x0000000020001c5c       0x10 /tmp/ch.elf.c3xRNb.ltrans0.ltrans.o
 .bss.ep2instate
                0x0000000020001c6c       0x10 /tmp/ch.elf.c3xRNb.ltrans0.ltrans.o
 .bss.ep2outstate
                0x0000000020001c7c       0x10 /tmp/ch.elf.c3xRNb.ltrans0.ltrans.o
 .bss.history_buffer
                0x0000000020001c8c      0x200 /tmp/ch.elf.c3xRNb.ltrans0.ltrans.o
 .bss.idx.10063
                0x0000000020001e8c        0x1 /tmp/ch.elf.c3xRNb.ltrans0.ltrans.o
 .bss.is_pressed
                0x0000000020001e8d        0x1 /tmp/ch.elf.c3xRNb.ltrans0.ltrans.o
 *fill*         0x0000000020001e8e        0x2 
 .bss.long_buf  0x0000000020001e90     0x4018 /tmp/ch.elf.c3xRNb.ltrans0.ltrans.o
 .bss.shell_terminated
                0x0000000020005ea8        0x4 /tmp/ch.elf.c3xRNb.ltrans0.ltrans.o
 .bss.short_buf
                0x0000000020005eac      0x110 /tmp/ch.elf.c3xRNb.ltrans0.ltrans.o
 .bss.start_address.10057
                0x0000000020005fbc        0x4 /tmp/ch.elf.c3xRNb.ltrans0.ltrans.o
 .bss.vt        0x0000000020005fc0       0x14 /tmp/ch.elf.c3xRNb.ltrans0.ltrans.o
 .bss.vt2       0x0000000020005fd4       0x14 /tmp/ch.elf.c3xRNb.ltrans0.ltrans.o
 .bss.waCharacterInputThread
                0x0000000020005fe8      0x1c8 /tmp/ch.elf.c3xRNb.ltrans0.ltrans.o
 *(COMMON)
                0x00000000200061b0                . = ALIGN (0x4)
                0x00000000200061b0                __bss_end__ = .
                [!provide]                        PROVIDE (end = .)
                0x0000000020000000                __ram0_base__ = ORIGIN (ram0)
                0x0000000000010000                __ram0_size__ = LENGTH (ram0)
                0x0000000020010000                __ram0_end__ = (__ram0_base__ + __ram0_size__)
                0x0000000000000000                __ram1_base__ = ORIGIN (ram1)
                0x0000000000000000                __ram1_size__ = LENGTH (ram1)
                0x0000000000000000                __ram1_end__ = (__ram1_base__ + __ram1_size__)
                0x0000000000000000                __ram2_base__ = ORIGIN (ram2)
                0x0000000000000000                __ram2_size__ = LENGTH (ram2)
                0x0000000000000000                __ram2_end__ = (__ram2_base__ + __ram2_size__)
                0x0000000000000000                __ram3_base__ = ORIGIN (ram3)
                0x0000000000000000                __ram3_size__ = LENGTH (ram3)
                0x0000000000000000                __ram3_end__ = (__ram3_base__ + __ram3_size__)
                0x0000000000000000                __ram4_base__ = ORIGIN (ram4)
                0x0000000000000000                __ram4_size__ = LENGTH (ram4)
                0x0000000000000000                __ram4_end__ = (__ram4_base__ + __ram4_size__)
                0x0000000000000000                __ram5_base__ = ORIGIN (ram5)
                0x0000000000000000                __ram5_size__ = LENGTH (ram5)
                0x0000000000000000                __ram5_end__ = (__ram5_base__ + __ram5_size__)
                0x0000000000000000                __ram6_base__ = ORIGIN (ram6)
                0x0000000000000000                __ram6_size__ = LENGTH (ram6)
                0x0000000000000000                __ram6_end__ = (__ram6_base__ + __ram6_size__)
                0x0000000000000000                __ram7_base__ = ORIGIN (ram7)
                0x0000000000000000                __ram7_size__ = LENGTH (ram7)
                0x0000000000000000                __ram7_end__ = (__ram7_base__ + __ram7_size__)
                0x0000000008000000                __flash0_base__ = ORIGIN (flash0)
                0x0000000000040000                __flash0_size__ = LENGTH (flash0)
                0x0000000008040000                __flash0_end__ = (__flash0_base__ + __flash0_size__)
                0x0000000000000000                __flash1_base__ = ORIGIN (flash1)
                0x0000000000000000                __flash1_size__ = LENGTH (flash1)
                0x0000000000000000                __flash1_end__ = (__flash1_base__ + __flash1_size__)
                0x0000000000000000                __flash2_base__ = ORIGIN (flash2)
                0x0000000000000000                __flash2_size__ = LENGTH (flash2)
                0x0000000000000000                __flash2_end__ = (__flash2_base__ + __flash2_size__)
                0x0000000000000000                __flash3_base__ = ORIGIN (flash3)
                0x0000000000000000                __flash3_size__ = LENGTH (flash3)
                0x0000000000000000                __flash3_end__ = (__flash3_base__ + __flash3_size__)
                0x0000000000000000                __flash4_base__ = ORIGIN (flash4)
                0x0000000000000000                __flash4_size__ = LENGTH (flash4)
                0x0000000000000000                __flash4_end__ = (__flash4_base__ + __flash4_size__)
                0x0000000000000000                __flash5_base__ = ORIGIN (flash5)
                0x0000000000000000                __flash5_size__ = LENGTH (flash5)
                0x0000000000000000                __flash5_end__ = (__flash5_base__ + __flash5_size__)
                0x0000000000000000                __flash6_base__ = ORIGIN (flash6)
                0x0000000000000000                __flash6_size__ = LENGTH (flash6)
                0x0000000000000000                __flash6_end__ = (__flash6_base__ + __flash6_size__)
                0x0000000000000000                __flash7_base__ = ORIGIN (flash7)
                0x0000000000000000                __flash7_size__ = LENGTH (flash7)
                0x0000000000000000                __flash7_end__ = (__flash7_base__ + __flash7_size__)

.ram0_init      0x00000000200061b0        0x0 load address 0x0000000008009498
                0x0000000008009498                __ram0_init_text__ = LOADADDR (.ram0_init)
                0x00000000200061b0                __ram0_init__ = .
 *(.ram0_init)
 *(.ram0_init.*)
                0x00000000200061b0                . = ALIGN (0x4)

.ram0           0x00000000200061b0        0x0 load address 0x0000000008009498
                0x00000000200061b0                __ram0_clear__ = .
 *(.ram0_clear)
 *(.ram0_clear.*)
                0x00000000200061b0                . = ALIGN (0x4)
                0x00000000200061b0                __ram0_noinit__ = .
 *(.ram0)
 *(.ram0.*)
                0x00000000200061b0                . = ALIGN (0x4)
                0x00000000200061b0                __ram0_free__ = .

.ram1_init      0x0000000000000000        0x0 load address 0x0000000008009498
                0x0000000008009498                __ram1_init_text__ = LOADADDR (.ram1_init)
                0x0000000000000000                __ram1_init__ = .
 *(.ram1_init)
 *(.ram1_init.*)
                0x0000000000000000                . = ALIGN (0x4)

.ram1           0x0000000000000000        0x0 load address 0x0000000008009498
                0x0000000000000000                __ram1_clear__ = .
 *(.ram1_clear)
 *(.ram1_clear.*)
                0x0000000000000000                . = ALIGN (0x4)
                0x0000000000000000                __ram1_noinit__ = .
 *(.ram1)
 *(.ram1.*)
                0x0000000000000000                . = ALIGN (0x4)
                0x0000000000000000                __ram1_free__ = .

.ram2_init      0x0000000000000000        0x0 load address 0x0000000008009498
                0x0000000008009498                __ram2_init_text__ = LOADADDR (.ram2_init)
                0x0000000000000000                __ram2_init__ = .
 *(.ram2_init)
 *(.ram2_init.*)
                0x0000000000000000                . = ALIGN (0x4)

.ram2           0x0000000000000000        0x0 load address 0x0000000008009498
                0x0000000000000000                __ram2_clear__ = .
 *(.ram2_clear)
 *(.ram2_clear.*)
                0x0000000000000000                . = ALIGN (0x4)
                0x0000000000000000                __ram2_noinit__ = .
 *(.ram2)
 *(.ram2.*)
                0x0000000000000000                . = ALIGN (0x4)
                0x0000000000000000                __ram2_free__ = .

.ram3_init      0x0000000000000000        0x0 load address 0x0000000008009498
                0x0000000008009498                __ram3_init_text__ = LOADADDR (.ram3_init)
                0x0000000000000000                __ram3_init__ = .
 *(.ram3_init)
 *(.ram3_init.*)
                0x0000000000000000                . = ALIGN (0x4)

.ram3           0x0000000000000000        0x0 load address 0x0000000008009498
                0x0000000000000000                __ram3_clear__ = .
 *(.ram3_clear)
 *(.ram3_clear.*)
                0x0000000000000000                . = ALIGN (0x4)
                0x0000000000000000                __ram3_noinit__ = .
 *(.ram3)
 *(.ram3.*)
                0x0000000000000000                . = ALIGN (0x4)
                0x0000000000000000                __ram3_free__ = .

.ram4_init      0x0000000000000000        0x0 load address 0x0000000008009498
                0x0000000008009498                __ram4_init_text__ = LOADADDR (.ram4_init)
                0x0000000000000000                __ram4_init__ = .
 *(.ram4_init)
 *(.ram4_init.*)
                0x0000000000000000                . = ALIGN (0x4)

.ram4           0x0000000000000000        0x0 load address 0x0000000008009498
                0x0000000000000000                __ram4_clear__ = .
 *(.ram4_clear)
 *(.ram4_clear.*)
                0x0000000000000000                . = ALIGN (0x4)
                0x0000000000000000                __ram4_noinit__ = .
 *(.ram4)
 *(.ram4.*)
                0x0000000000000000                . = ALIGN (0x4)
                0x0000000000000000                __ram4_free__ = .

.ram5_init      0x0000000000000000        0x0 load address 0x0000000008009498
                0x0000000008009498                __ram5_init_text__ = LOADADDR (.ram5_init)
                0x0000000000000000                __ram5_init__ = .
 *(.ram5_init)
 *(.ram5_init.*)
                0x0000000000000000                . = ALIGN (0x4)

.ram5           0x0000000000000000        0x0 load address 0x0000000008009498
                0x0000000000000000                __ram5_clear__ = .
 *(.ram5_clear)
 *(.ram5_clear.*)
                0x0000000000000000                . = ALIGN (0x4)
                0x0000000000000000                __ram5_noinit__ = .
 *(.ram5)
 *(.ram5.*)
                0x0000000000000000                . = ALIGN (0x4)
                0x0000000000000000                __ram5_free__ = .

.ram6_init      0x0000000000000000        0x0 load address 0x0000000008009498
                0x0000000008009498                __ram6_init_text__ = LOADADDR (.ram6_init)
                0x0000000000000000                __ram6_init__ = .
 *(.ram6_init)
 *(.ram6_init.*)
                0x0000000000000000                . = ALIGN (0x4)

.ram6           0x0000000000000000        0x0 load address 0x0000000008009498
                0x0000000000000000                __ram6_clear__ = .
 *(.ram6_clear)
 *(.ram6_clear.*)
                0x0000000000000000                . = ALIGN (0x4)
                0x0000000000000000                __ram6_noinit__ = .
 *(.ram6)
 *(.ram6.*)
                0x0000000000000000                . = ALIGN (0x4)
                0x0000000000000000                __ram6_free__ = .

.ram7_init      0x0000000000000000        0x0 load address 0x0000000008009498
                0x0000000008009498                __ram7_init_text__ = LOADADDR (.ram7_init)
                0x0000000000000000                __ram7_init__ = .
 *(.ram7_init)
 *(.ram7_init.*)
                0x0000000000000000                . = ALIGN (0x4)

.ram7           0x0000000000000000        0x0 load address 0x0000000008009498
                0x0000000000000000                __ram7_clear__ = .
 *(.ram7_clear)
 *(.ram7_clear.*)
                0x0000000000000000                . = ALIGN (0x4)
                0x0000000000000000                __ram7_noinit__ = .
 *(.ram7)
 *(.ram7.*)
                0x0000000000000000                . = ALIGN (0x4)
                0x0000000000000000                __ram7_free__ = .

.flash0         0x0000000008009498        0x0
                0x0000000008009498                __flash0_init__ = .
 *(.flash0_init)
 *(.flash0_init.*)
                0x0000000008009498                __flash0_free__ = .

.flash1         0x0000000000000000        0x0
                0x0000000000000000                __flash1_init__ = .
 *(.flash1_init)
 *(.flash1_init.*)
                0x0000000000000000                __flash1_free__ = .

.flash2         0x0000000000000000        0x0
                0x0000000000000000                __flash2_init__ = .
 *(.flash2_init)
 *(.flash2_init.*)
                0x0000000000000000                __flash2_free__ = .

.flash3         0x0000000000000000        0x0
                0x0000000000000000                __flash3_init__ = .
 *(.flash3_init)
 *(.flash3_init.*)
                0x0000000000000000                __flash3_free__ = .

.flash4         0x0000000000000000        0x0
                0x0000000000000000                __flash4_init__ = .
 *(.flash4_init)
 *(.flash4_init.*)
                0x0000000000000000                __flash4_free__ = .

.flash5         0x0000000000000000        0x0
                0x0000000000000000                __flash5_init__ = .
 *(.flash5_init)
 *(.flash5_init.*)
                0x0000000000000000                __flash5_free__ = .

.flash6         0x0000000000000000        0x0
                0x0000000000000000                __flash6_init__ = .
 *(.flash6_init)
 *(.flash6_init.*)
                0x0000000000000000                __flash6_free__ = .

.flash7         0x0000000000000000        0x0
                0x0000000000000000                __flash7_init__ = .
 *(.flash7_init)
 *(.flash7_init.*)
                0x0000000000000000                __flash7_free__ = .

.heap           0x00000000200061b0     0x9e50
                0x00000000200061b0                . = ALIGN (0x8)
                0x00000000200061b0                __heap_base__ = .
                0x0000000020010000                . = (ORIGIN (HEAP_RAM) + LENGTH (HEAP_RAM))
 *fill*         0x00000000200061b0     0x9e50 
                0x0000000020010000                __heap_end__ = .
                0x0000000000000400                __process_stack_size__ = 0x400
                0x0000000000000400                __main_stack_size__ = 0x400
START GROUP
LOAD /home/rob/Projects/ChibiStudio/ChibiStudio_20/tools/GNU Tools ARM Embedded/9.2.1 2019q4/bin/../lib/gcc/arm-none-eabi/9.2.1/thumb/v7e-m/nofp/libgcc.a
LOAD /home/rob/Projects/ChibiStudio/ChibiStudio_20/tools/GNU Tools ARM Embedded/9.2.1 2019q4/bin/../lib/gcc/arm-none-eabi/9.2.1/../../../../arm-none-eabi/lib/thumb/v7e-m/nofp/libg.a
LOAD /home/rob/Projects/ChibiStudio/ChibiStudio_20/tools/GNU Tools ARM Embedded/9.2.1 2019q4/bin/../lib/gcc/arm-none-eabi/9.2.1/../../../../arm-none-eabi/lib/thumb/v7e-m/nofp/libc.a
END GROUP
OUTPUT(build/ch.elf elf32-littlearm)

.ARM.attributes
                0x0000000000000000       0x2f
 .ARM.attributes
                0x0000000000000000       0x21 ./build/obj/crt0_v7m.o
 .ARM.attributes
                0x0000000000000021       0x21 ./build/obj/vectors.o
 .ARM.attributes
                0x0000000000000042       0x21 ./build/obj/chcoreasm_v7m.o
 .ARM.attributes
                0x0000000000000063       0x2c /tmp/ch.elf.c3xRNb.ltrans0.ltrans.o
 .ARM.attributes
                0x000000000000008f       0x2e /home/rob/Projects/ChibiStudio/ChibiStudio_20/tools/GNU Tools ARM Embedded/9.2.1 2019q4/bin/../lib/gcc/arm-none-eabi/9.2.1/../../../../arm-none-eabi/lib/thumb/v7e-m/nofp/libg.a(lib_a-atoi.o)
 .ARM.attributes
                0x00000000000000bd       0x2e /home/rob/Projects/ChibiStudio/ChibiStudio_20/tools/GNU Tools ARM Embedded/9.2.1 2019q4/bin/../lib/gcc/arm-none-eabi/9.2.1/../../../../arm-none-eabi/lib/thumb/v7e-m/nofp/libg.a(lib_a-ctype_.o)
 .ARM.attributes
                0x00000000000000eb       0x2e /home/rob/Projects/ChibiStudio/ChibiStudio_20/tools/GNU Tools ARM Embedded/9.2.1 2019q4/bin/../lib/gcc/arm-none-eabi/9.2.1/../../../../arm-none-eabi/lib/thumb/v7e-m/nofp/libg.a(lib_a-strtol.o)
 .ARM.attributes
                0x0000000000000119       0x2e /home/rob/Projects/ChibiStudio/ChibiStudio_20/tools/GNU Tools ARM Embedded/9.2.1 2019q4/bin/../lib/gcc/arm-none-eabi/9.2.1/../../../../arm-none-eabi/lib/thumb/v7e-m/nofp/libg.a(lib_a-impure.o)
 .ARM.attributes
                0x0000000000000147       0x1c /home/rob/Projects/ChibiStudio/ChibiStudio_20/tools/GNU Tools ARM Embedded/9.2.1 2019q4/bin/../lib/gcc/arm-none-eabi/9.2.1/../../../../arm-none-eabi/lib/thumb/v7e-m/nofp/libg.a(lib_a-memcpy.o)
 .ARM.attributes
                0x0000000000000163       0x2e /home/rob/Projects/ChibiStudio/ChibiStudio_20/tools/GNU Tools ARM Embedded/9.2.1 2019q4/bin/../lib/gcc/arm-none-eabi/9.2.1/../../../../arm-none-eabi/lib/thumb/v7e-m/nofp/libg.a(lib_a-memset.o)
 .ARM.attributes
                0x0000000000000191       0x2e /home/rob/Projects/ChibiStudio/ChibiStudio_20/tools/GNU Tools ARM Embedded/9.2.1 2019q4/bin/../lib/gcc/arm-none-eabi/9.2.1/../../../../arm-none-eabi/lib/thumb/v7e-m/nofp/libg.a(lib_a-strchr.o)
 .ARM.attributes
                0x00000000000001bf       0x1c /home/rob/Projects/ChibiStudio/ChibiStudio_20/tools/GNU Tools ARM Embedded/9.2.1 2019q4/bin/../lib/gcc/arm-none-eabi/9.2.1/../../../../arm-none-eabi/lib/thumb/v7e-m/nofp/libg.a(lib_a-strcmp.o)
 .ARM.attributes
                0x00000000000001db       0x1c /home/rob/Projects/ChibiStudio/ChibiStudio_20/tools/GNU Tools ARM Embedded/9.2.1 2019q4/bin/../lib/gcc/arm-none-eabi/9.2.1/../../../../arm-none-eabi/lib/thumb/v7e-m/nofp/libg.a(lib_a-strlen.o)
 .ARM.attributes
                0x00000000000001f7       0x2e /home/rob/Projects/ChibiStudio/ChibiStudio_20/tools/GNU Tools ARM Embedded/9.2.1 2019q4/bin/../lib/gcc/arm-none-eabi/9.2.1/../../../../arm-none-eabi/lib/thumb/v7e-m/nofp/libg.a(lib_a-strpbrk.o)
 .ARM.attributes
                0x0000000000000225       0x2e /home/rob/Projects/ChibiStudio/ChibiStudio_20/tools/GNU Tools ARM Embedded/9.2.1 2019q4/bin/../lib/gcc/arm-none-eabi/9.2.1/../../../../arm-none-eabi/lib/thumb/v7e-m/nofp/libg.a(lib_a-strspn.o)
 .ARM.attributes
                0x0000000000000253       0x2e /home/rob/Projects/ChibiStudio/ChibiStudio_20/tools/GNU Tools ARM Embedded/9.2.1 2019q4/bin/../lib/gcc/arm-none-eabi/9.2.1/../../../../arm-none-eabi/lib/thumb/v7e-m/nofp/libg.a(lib_a-strstr.o)
 .ARM.attributes
                0x0000000000000281       0x2e /home/rob/Projects/ChibiStudio/ChibiStudio_20/tools/GNU Tools ARM Embedded/9.2.1 2019q4/bin/../lib/gcc/arm-none-eabi/9.2.1/../../../../arm-none-eabi/lib/thumb/v7e-m/nofp/libg.a(lib_a-memcmp.o)
 .ARM.attributes
                0x00000000000002af       0x2e /home/rob/Projects/ChibiStudio/ChibiStudio_20/tools/GNU Tools ARM Embedded/9.2.1 2019q4/bin/../lib/gcc/arm-none-eabi/9.2.1/../../../../arm-none-eabi/lib/thumb/v7e-m/nofp/libg.a(lib_a-strnlen.o)
 .ARM.attributes
                0x00000000000002dd       0x1e /home/rob/Projects/ChibiStudio/ChibiStudio_20/tools/GNU Tools ARM Embedded/9.2.1 2019q4/bin/../lib/gcc/arm-none-eabi/9.2.1/thumb/v7e-m/nofp/libgcc.a(_aeabi_uldivmod.o)
 .ARM.attributes
                0x00000000000002fb       0x2e /home/rob/Projects/ChibiStudio/ChibiStudio_20/tools/GNU Tools ARM Embedded/9.2.1 2019q4/bin/../lib/gcc/arm-none-eabi/9.2.1/thumb/v7e-m/nofp/libgcc.a(_udivmoddi4.o)
 .ARM.attributes
                0x0000000000000329       0x1e /home/rob/Projects/ChibiStudio/ChibiStudio_20/tools/GNU Tools ARM Embedded/9.2.1 2019q4/bin/../lib/gcc/arm-none-eabi/9.2.1/thumb/v7e-m/nofp/libgcc.a(_dvmd_tls.o)

.comment        0x0000000000000000       0x79
 .comment       0x0000000000000000       0x79 /tmp/ch.elf.c3xRNb.ltrans0.ltrans.o
                                         0x7a (size before relaxing)

.debug_line     0x0000000000000000    0x22cba
 .debug_line    0x0000000000000000       0xd0 ./build/obj/crt0_v7m.o
 .debug_line    0x00000000000000d0       0x7a ./build/obj/vectors.o
 .debug_line    0x000000000000014a       0x91 ./build/obj/chcoreasm_v7m.o
 .debug_line    0x00000000000001db     0xe0c6 /tmp/ch.elf.c3xRNb.ltrans0.ltrans.o
 .debug_line    0x000000000000e2a1      0x1f8 /tmp/ccV1C6OA.debug.temp.o
 .debug_line    0x000000000000e499      0x734 /tmp/ccAOlLN9.debug.temp.o
 .debug_line    0x000000000000ebcd      0x716 /tmp/ccZ5Czsk.debug.temp.o
 .debug_line    0x000000000000f2e3      0x78c /tmp/cccTc83B.debug.temp.o
 .debug_line    0x000000000000fa6f      0x77a /tmp/cc4hDJoZ.debug.temp.o
 .debug_line    0x00000000000101e9      0x749 /tmp/ccBnLI2Y.debug.temp.o
 .debug_line    0x0000000000010932      0x747 /tmp/ccoJojpZ.debug.temp.o
 .debug_line    0x0000000000011079      0x747 /tmp/cciBgUgw.debug.temp.o
 .debug_line    0x00000000000117c0      0x707 /tmp/cc7u7HZi.debug.temp.o
 .debug_line    0x0000000000011ec7      0x747 /tmp/cc1YaPS8.debug.temp.o
 .debug_line    0x000000000001260e      0x74a /tmp/ccqXcFGw.debug.temp.o
 .debug_line    0x0000000000012d58      0x784 /tmp/cc94LFhH.debug.temp.o
 .debug_line    0x00000000000134dc      0x747 /tmp/ccgjRFki.debug.temp.o
 .debug_line    0x0000000000013c23      0x768 /tmp/cc8wpemq.debug.temp.o
 .debug_line    0x000000000001438b      0x714 /tmp/cciPqcL3.debug.temp.o
 .debug_line    0x0000000000014a9f      0x71b /tmp/ccABx3l5.debug.temp.o
 .debug_line    0x00000000000151ba      0x719 /tmp/ccfTX7xa.debug.temp.o
 .debug_line    0x00000000000158d3      0x72a /tmp/ccmf8N0C.debug.temp.o
 .debug_line    0x0000000000015ffd      0x6ec /tmp/cccdJJRQ.debug.temp.o
 .debug_line    0x00000000000166e9      0x748 /tmp/ccEeE0Cc.debug.temp.o
 .debug_line    0x0000000000016e31      0x74d /tmp/cc7YSywe.debug.temp.o
 .debug_line    0x000000000001757e      0x72c /tmp/cc2Rkd5G.debug.temp.o
 .debug_line    0x0000000000017caa      0x72b /tmp/cctTRCCM.debug.temp.o
 .debug_line    0x00000000000183d5      0x6ec /tmp/ccpoiVT9.debug.temp.o
 .debug_line    0x0000000000018ac1      0x6ec /tmp/ccRlbZKQ.debug.temp.o
 .debug_line    0x00000000000191ad      0x72f /tmp/ccUKMm48.debug.temp.o
 .debug_line    0x00000000000198dc      0x6f7 /tmp/ccmSFPm5.debug.temp.o
 .debug_line    0x0000000000019fd3      0x40e /tmp/ccP3dHs9.debug.temp.o
 .debug_line    0x000000000001a3e1      0x3e4 /tmp/ccNhCymH.debug.temp.o
 .debug_line    0x000000000001a7c5      0x3e3 /tmp/ccOGFuAO.debug.temp.o
 .debug_line    0x000000000001aba8      0x407 /tmp/ccvQhgl9.debug.temp.o
 .debug_line    0x000000000001afaf      0x3c8 /tmp/ccdCj7oS.debug.temp.o
 .debug_line    0x000000000001b377      0x40d /tmp/ccYfge0G.debug.temp.o
 .debug_line    0x000000000001b784      0x3d8 /tmp/cc2dsoig.debug.temp.o
 .debug_line    0x000000000001bb5c      0x3e9 /tmp/cc6EFJ9w.debug.temp.o
 .debug_line    0x000000000001bf45      0x3fb /tmp/cc9xXqzN.debug.temp.o
 .debug_line    0x000000000001c340      0x3df /tmp/ccyUrWOY.debug.temp.o
 .debug_line    0x000000000001c71f      0x3e1 /tmp/ccHQtq54.debug.temp.o
 .debug_line    0x000000000001cb00      0x3e0 /tmp/cct1pfSs.debug.temp.o
 .debug_line    0x000000000001cee0      0x417 /tmp/ccCQ3JJw.debug.temp.o
 .debug_line    0x000000000001d2f7      0x42c /tmp/ccrwHzgC.debug.temp.o
 .debug_line    0x000000000001d723      0x3f1 /tmp/ccL4YxI7.debug.temp.o
 .debug_line    0x000000000001db14      0x74b /tmp/ccfjiJsN.debug.temp.o
 .debug_line    0x000000000001e25f      0x755 /tmp/ccr8KcSG.debug.temp.o
 .debug_line    0x000000000001e9b4      0x7a6 /tmp/ccNlVjed.debug.temp.o
 .debug_line    0x000000000001f15a      0x75b /tmp/ccd3grah.debug.temp.o
 .debug_line    0x000000000001f8b5      0x778 /tmp/ccLne9KO.debug.temp.o
 .debug_line    0x000000000002002d      0x760 /tmp/ccXIHc6l.debug.temp.o
 .debug_line    0x000000000002078d      0x758 /tmp/cc9TrJq8.debug.temp.o
 .debug_line    0x0000000000020ee5      0x729 /tmp/ccITLkUO.debug.temp.o
 .debug_line    0x000000000002160e      0x722 /tmp/cc37xHvo.debug.temp.o
 .debug_line    0x0000000000021d30      0x79d /tmp/ccAKm2Gi.debug.temp.o
 .debug_line    0x00000000000224cd      0x7ed /tmp/ccemGzTm.debug.temp.o

.debug_info     0x0000000000000000    0x83c5e
 .debug_info    0x0000000000000000       0x26 ./build/obj/crt0_v7m.o
 .debug_info    0x0000000000000026       0x26 ./build/obj/vectors.o
 .debug_info    0x000000000000004c       0x26 ./build/obj/chcoreasm_v7m.o
 .debug_info    0x0000000000000072     0xf393 /tmp/ch.elf.c3xRNb.ltrans0.ltrans.o
 .debug_info    0x000000000000f405      0x35d /tmp/ccV1C6OA.debug.temp.o
                0x000000000000f405                crt1.c.3cae8b19
 .debug_info    0x000000000000f762     0x24c7 /tmp/ccAOlLN9.debug.temp.o
                0x000000000000f762                hal.c.b18dc043
 .debug_info    0x0000000000011c29     0x25cc /tmp/ccZ5Czsk.debug.temp.o
                0x0000000000011c29                hal_st.c.6dfcf153
 .debug_info    0x00000000000141f5     0x3505 /tmp/cccTc83B.debug.temp.o
                0x00000000000141f5                hal_buffers.c.461b0575
 .debug_info    0x00000000000176fa     0x331e /tmp/cc4hDJoZ.debug.temp.o
                0x00000000000176fa                hal_queues.c.c715edf2
 .debug_info    0x000000000001aa18     0x288a /tmp/ccBnLI2Y.debug.temp.o
                0x000000000001aa18                hal_flash.c.eee56bcd
 .debug_info    0x000000000001d2a2     0x2774 /tmp/ccoJojpZ.debug.temp.o
                0x000000000001d2a2                hal_gpt.c.f825bedc
 .debug_info    0x000000000001fa16     0x27b3 /tmp/cciBgUgw.debug.temp.o
                0x000000000001fa16                hal_i2c.c.ec8a1c26
 .debug_info    0x00000000000221c9     0x2685 /tmp/cc7u7HZi.debug.temp.o
                0x00000000000221c9                hal_pal.c.b20deae0
 .debug_info    0x000000000002484e     0x277b /tmp/cc1YaPS8.debug.temp.o
                0x000000000002484e                hal_pwm.c.a82fcf51
 .debug_info    0x0000000000026fc9     0x299d /tmp/ccqXcFGw.debug.temp.o
                0x0000000000026fc9                hal_serial.c.c09c45c5
 .debug_info    0x0000000000029966     0x2dd6 /tmp/cc94LFhH.debug.temp.o
                0x0000000000029966                hal_serial_usb.c.12d476d2
 .debug_info    0x000000000002c73c     0x29a9 /tmp/ccgjRFki.debug.temp.o
                0x000000000002c73c                hal_spi.c.2b80ddee
 .debug_info    0x000000000002f0e5     0x327a /tmp/cc8wpemq.debug.temp.o
                0x000000000002f0e5                hal_usb.c.9a8955a5
 .debug_info    0x000000000003235f     0x28bf /tmp/cciPqcL3.debug.temp.o
                0x000000000003235f                nvic.c.6868445e
 .debug_info    0x0000000000034c1e     0x2763 /tmp/ccABx3l5.debug.temp.o
                0x0000000000034c1e                stm32_isr.c.7fb4767b
 .debug_info    0x0000000000037381     0x2990 /tmp/ccfTX7xa.debug.temp.o
                0x0000000000037381                hal_lld.c.7fdb3361
 .debug_info    0x0000000000039d11     0x2aff /tmp/ccmf8N0C.debug.temp.o
                0x0000000000039d11                stm32_dma.c.034b03ef
 .debug_info    0x000000000003c810     0x27a5 /tmp/cccdJJRQ.debug.temp.o
                0x000000000003c810                hal_pal_lld.c.e414c409
 .debug_info    0x000000000003efb5     0x2dcc /tmp/ccEeE0Cc.debug.temp.o
                0x000000000003efb5                hal_i2c_lld.c.3604e182
 .debug_info    0x0000000000041d81     0x36a0 /tmp/cc7YSywe.debug.temp.o
                0x0000000000041d81                hal_usb_lld.c.b0089ae2
 .debug_info    0x0000000000045421     0x29cf /tmp/cc2Rkd5G.debug.temp.o
                0x0000000000045421                hal_spi_lld.c.14ced2ad
 .debug_info    0x0000000000047df0     0x2797 /tmp/cctTRCCM.debug.temp.o
                0x0000000000047df0                hal_st_lld.c.3b290866
 .debug_info    0x000000000004a587     0x27c7 /tmp/ccpoiVT9.debug.temp.o
                0x000000000004a587                hal_gpt_lld.c.f4a7bcae
 .debug_info    0x000000000004cd4e     0x2881 /tmp/ccRlbZKQ.debug.temp.o
                0x000000000004cd4e                hal_pwm_lld.c.ea2680b5
 .debug_info    0x000000000004f5cf     0x2948 /tmp/ccUKMm48.debug.temp.o
                0x000000000004f5cf                hal_serial_lld.c.77533c05
 .debug_info    0x0000000000051f17     0x27dc /tmp/ccmSFPm5.debug.temp.o
                0x0000000000051f17                board.c.444af999
 .debug_info    0x00000000000546f3      0xfbc /tmp/ccP3dHs9.debug.temp.o
                0x00000000000546f3                chsys.c.b9fee88f
 .debug_info    0x00000000000556af      0xbb8 /tmp/ccNhCymH.debug.temp.o
                0x00000000000556af                chvt.c.28dd4284
 .debug_info    0x0000000000056267      0xd3f /tmp/ccOGFuAO.debug.temp.o
                0x0000000000056267                chschd.c.58f06da7
 .debug_info    0x0000000000056fa6     0x12bd /tmp/ccvQhgl9.debug.temp.o
                0x0000000000056fa6                chthreads.c.0c20fec1
 .debug_info    0x0000000000058263      0xcd9 /tmp/ccdCj7oS.debug.temp.o
                0x0000000000058263                chtm.c.8e9ee11a
 .debug_info    0x0000000000058f3c     0x1427 /tmp/ccYfge0G.debug.temp.o
                0x0000000000058f3c                chregistry.c.5b60d86a
 .debug_info    0x000000000005a363      0xd74 /tmp/cc2dsoig.debug.temp.o
                0x000000000005a363                chmtx.c.b5aa5705
 .debug_info    0x000000000005b0d7      0xf8a /tmp/cc6EFJ9w.debug.temp.o
                0x000000000005b0d7                chevents.c.0488a63b
 .debug_info    0x000000000005c061      0xcf9 /tmp/cc9xXqzN.debug.temp.o
                0x000000000005c061                chdynamic.c.5aae20eb
 .debug_info    0x000000000005cd5a      0xc20 /tmp/ccyUrWOY.debug.temp.o
                0x000000000005cd5a                chmemcore.c.af75844f
 .debug_info    0x000000000005d97a      0xd16 /tmp/ccHQtq54.debug.temp.o
                0x000000000005d97a                chmemheaps.c.cefa0cf7
 .debug_info    0x000000000005e690      0xdcb /tmp/cct1pfSs.debug.temp.o
                0x000000000005e690                chmempools.c.2efbb5b7
 .debug_info    0x000000000005f45b      0xe4b /tmp/ccCQ3JJw.debug.temp.o
                0x000000000005f45b                chdelegates.c.2467c73d
 .debug_info    0x00000000000602a6     0x1cd3 /tmp/ccrwHzgC.debug.temp.o
                0x00000000000602a6                chfactory.c.1957d450
 .debug_info    0x0000000000061f79     0x1aa3 /tmp/ccL4YxI7.debug.temp.o
                0x0000000000061f79                chcore_v7m.c.80c9360a
 .debug_info    0x0000000000063a1c     0x28a4 /tmp/ccfjiJsN.debug.temp.o
                0x0000000000063a1c                chprintf.c.b45bc0e6
 .debug_info    0x00000000000662c0     0x282e /tmp/ccr8KcSG.debug.temp.o
                0x00000000000662c0                chscanf.c.e7da6b2c
 .debug_info    0x0000000000068aee     0x3470 /tmp/ccNlVjed.debug.temp.o
                0x0000000000068aee                shell.c.4fa2493a
 .debug_info    0x000000000006bf5e     0x2e49 /tmp/ccd3grah.debug.temp.o
                0x000000000006bf5e                shell_cmd.c.8013ddce
 .debug_info    0x000000000006eda7     0x3237 /tmp/ccLne9KO.debug.temp.o
                0x000000000006eda7                comm.c.778b05cd
 .debug_info    0x0000000000071fde     0x2e77 /tmp/ccXIHc6l.debug.temp.o
                0x0000000000071fde                mypwm.c.0545eba6
 .debug_info    0x0000000000074e55     0x29c4 /tmp/cc9TrJq8.debug.temp.o
                0x0000000000074e55                usbcfg.c.da98dece
 .debug_info    0x0000000000077819     0x28ed /tmp/ccITLkUO.debug.temp.o
                0x0000000000077819                SPI.c.65dd3949
 .debug_info    0x000000000007a106     0x3118 /tmp/cc37xHvo.debug.temp.o
                0x000000000007a106                i2c.c.91fdc9bb
 .debug_info    0x000000000007d21e     0x3572 /tmp/ccAKm2Gi.debug.temp.o
                0x000000000007d21e                upload.c.b9fd313a
 .debug_info    0x0000000000080790     0x34ce /tmp/ccemGzTm.debug.temp.o
                0x0000000000080790                main.c.096dda1f

.debug_abbrev   0x0000000000000000     0x92e7
 .debug_abbrev  0x0000000000000000       0x14 ./build/obj/crt0_v7m.o
 .debug_abbrev  0x0000000000000014       0x14 ./build/obj/vectors.o
 .debug_abbrev  0x0000000000000028       0x14 ./build/obj/chcoreasm_v7m.o
 .debug_abbrev  0x000000000000003c      0x3b4 /tmp/ch.elf.c3xRNb.ltrans0.ltrans.o
 .debug_abbrev  0x00000000000003f0       0xff /tmp/ccV1C6OA.debug.temp.o
 .debug_abbrev  0x00000000000004ef      0x227 /tmp/ccAOlLN9.debug.temp.o
 .debug_abbrev  0x0000000000000716      0x2ad /tmp/ccZ5Czsk.debug.temp.o
 .debug_abbrev  0x00000000000009c3      0x353 /tmp/cccTc83B.debug.temp.o
 .debug_abbrev  0x0000000000000d16      0x366 /tmp/cc4hDJoZ.debug.temp.o
 .debug_abbrev  0x000000000000107c      0x277 /tmp/ccBnLI2Y.debug.temp.o
 .debug_abbrev  0x00000000000012f3      0x283 /tmp/ccoJojpZ.debug.temp.o
 .debug_abbrev  0x0000000000001576      0x2c9 /tmp/cciBgUgw.debug.temp.o
 .debug_abbrev  0x000000000000183f      0x26c /tmp/cc7u7HZi.debug.temp.o
 .debug_abbrev  0x0000000000001aab      0x296 /tmp/cc1YaPS8.debug.temp.o
 .debug_abbrev  0x0000000000001d41      0x2f8 /tmp/ccqXcFGw.debug.temp.o
 .debug_abbrev  0x0000000000002039      0x32e /tmp/cc94LFhH.debug.temp.o
 .debug_abbrev  0x0000000000002367      0x2cc /tmp/ccgjRFki.debug.temp.o
 .debug_abbrev  0x0000000000002633      0x348 /tmp/cc8wpemq.debug.temp.o
 .debug_abbrev  0x000000000000297b      0x299 /tmp/cciPqcL3.debug.temp.o
 .debug_abbrev  0x0000000000002c14      0x254 /tmp/ccABx3l5.debug.temp.o
 .debug_abbrev  0x0000000000002e68      0x25b /tmp/ccfTX7xa.debug.temp.o
 .debug_abbrev  0x00000000000030c3      0x2e8 /tmp/ccmf8N0C.debug.temp.o
 .debug_abbrev  0x00000000000033ab      0x284 /tmp/cccdJJRQ.debug.temp.o
 .debug_abbrev  0x000000000000362f      0x341 /tmp/ccEeE0Cc.debug.temp.o
 .debug_abbrev  0x0000000000003970      0x37c /tmp/cc7YSywe.debug.temp.o
 .debug_abbrev  0x0000000000003cec      0x2d9 /tmp/cc2Rkd5G.debug.temp.o
 .debug_abbrev  0x0000000000003fc5      0x276 /tmp/cctTRCCM.debug.temp.o
 .debug_abbrev  0x000000000000423b      0x261 /tmp/ccpoiVT9.debug.temp.o
 .debug_abbrev  0x000000000000449c      0x281 /tmp/ccRlbZKQ.debug.temp.o
 .debug_abbrev  0x000000000000471d      0x2de /tmp/ccUKMm48.debug.temp.o
 .debug_abbrev  0x00000000000049fb      0x267 /tmp/ccmSFPm5.debug.temp.o
 .debug_abbrev  0x0000000000004c62      0x314 /tmp/ccP3dHs9.debug.temp.o
 .debug_abbrev  0x0000000000004f76      0x252 /tmp/ccNhCymH.debug.temp.o
 .debug_abbrev  0x00000000000051c8      0x2ad /tmp/ccOGFuAO.debug.temp.o
 .debug_abbrev  0x0000000000005475      0x29c /tmp/ccvQhgl9.debug.temp.o
 .debug_abbrev  0x0000000000005711      0x1e0 /tmp/ccdCj7oS.debug.temp.o
 .debug_abbrev  0x00000000000058f1      0x2ae /tmp/ccYfge0G.debug.temp.o
 .debug_abbrev  0x0000000000005b9f      0x28f /tmp/cc2dsoig.debug.temp.o
 .debug_abbrev  0x0000000000005e2e      0x284 /tmp/cc6EFJ9w.debug.temp.o
 .debug_abbrev  0x00000000000060b2      0x20b /tmp/cc9xXqzN.debug.temp.o
 .debug_abbrev  0x00000000000062bd      0x22d /tmp/ccyUrWOY.debug.temp.o
 .debug_abbrev  0x00000000000064ea      0x270 /tmp/ccHQtq54.debug.temp.o
 .debug_abbrev  0x000000000000675a      0x273 /tmp/cct1pfSs.debug.temp.o
 .debug_abbrev  0x00000000000069cd      0x259 /tmp/ccCQ3JJw.debug.temp.o
 .debug_abbrev  0x0000000000006c26      0x2f5 /tmp/ccrwHzgC.debug.temp.o
 .debug_abbrev  0x0000000000006f1b      0x2e9 /tmp/ccL4YxI7.debug.temp.o
 .debug_abbrev  0x0000000000007204      0x2fb /tmp/ccfjiJsN.debug.temp.o
 .debug_abbrev  0x00000000000074ff      0x2e0 /tmp/ccr8KcSG.debug.temp.o
 .debug_abbrev  0x00000000000077df      0x389 /tmp/ccNlVjed.debug.temp.o
 .debug_abbrev  0x0000000000007b68      0x255 /tmp/ccd3grah.debug.temp.o
 .debug_abbrev  0x0000000000007dbd      0x2e3 /tmp/ccLne9KO.debug.temp.o
 .debug_abbrev  0x00000000000080a0      0x2cc /tmp/ccXIHc6l.debug.temp.o
 .debug_abbrev  0x000000000000836c      0x2ba /tmp/cc9TrJq8.debug.temp.o
 .debug_abbrev  0x0000000000008626      0x33f /tmp/ccITLkUO.debug.temp.o
 .debug_abbrev  0x0000000000008965      0x2ee /tmp/cc37xHvo.debug.temp.o
 .debug_abbrev  0x0000000000008c53      0x34a /tmp/ccAKm2Gi.debug.temp.o
 .debug_abbrev  0x0000000000008f9d      0x34a /tmp/ccemGzTm.debug.temp.o

.debug_aranges  0x0000000000000000      0x578
 .debug_aranges
                0x0000000000000000       0x20 ./build/obj/crt0_v7m.o
 .debug_aranges
                0x0000000000000020       0x20 ./build/obj/vectors.o
 .debug_aranges
                0x0000000000000040       0x20 ./build/obj/chcoreasm_v7m.o
 .debug_aranges
                0x0000000000000060      0x518 /tmp/ch.elf.c3xRNb.ltrans0.ltrans.o

.debug_str      0x0000000000000000     0x6095
 .debug_str     0x0000000000000000       0xb2 ./build/obj/crt0_v7m.o
 .debug_str     0x00000000000000b2       0x45 ./build/obj/vectors.o
                                         0xb1 (size before relaxing)
 .debug_str     0x00000000000000f7       0x49 ./build/obj/chcoreasm_v7m.o
                                         0xb5 (size before relaxing)
 .debug_str     0x0000000000000140      0x1b8 /tmp/ch.elf.c3xRNb.ltrans0.ltrans.o
                                        0x238 (size before relaxing)
 .debug_str     0x00000000000002f8      0x436 /tmp/ccV1C6OA.debug.temp.o
                                        0x50c (size before relaxing)
 .debug_str     0x000000000000072e     0x105c /tmp/ccAOlLN9.debug.temp.o
                                       0x13d3 (size before relaxing)
 .debug_str     0x000000000000178a       0xfd /tmp/ccZ5Czsk.debug.temp.o
                                       0x149a (size before relaxing)
 .debug_str     0x0000000000001887      0x6c9 /tmp/cccTc83B.debug.temp.o
                                       0x1ad0 (size before relaxing)
 .debug_str     0x0000000000001f50       0xd2 /tmp/cc4hDJoZ.debug.temp.o
                                       0x1948 (size before relaxing)
 .debug_str     0x0000000000002022      0x273 /tmp/ccBnLI2Y.debug.temp.o
                                       0x1631 (size before relaxing)
 .debug_str     0x0000000000002295       0xeb /tmp/ccoJojpZ.debug.temp.o
                                       0x14ed (size before relaxing)
 .debug_str     0x0000000000002380       0xf1 /tmp/cciBgUgw.debug.temp.o
                                       0x14fb (size before relaxing)
 .debug_str     0x0000000000002471       0xb5 /tmp/cc7u7HZi.debug.temp.o
                                       0x1465 (size before relaxing)
 .debug_str     0x0000000000002526       0xfe /tmp/cc1YaPS8.debug.temp.o
                                       0x1510 (size before relaxing)
 .debug_str     0x0000000000002624      0x12e /tmp/ccqXcFGw.debug.temp.o
                                       0x1555 (size before relaxing)
 .debug_str     0x0000000000002752      0x258 /tmp/cc94LFhH.debug.temp.o
                                       0x17a4 (size before relaxing)
 .debug_str     0x00000000000029aa      0x125 /tmp/ccgjRFki.debug.temp.o
                                       0x1578 (size before relaxing)
 .debug_str     0x0000000000002acf      0x190 /tmp/cc8wpemq.debug.temp.o
                                       0x1a27 (size before relaxing)
 .debug_str     0x0000000000002c5f      0x164 /tmp/cciPqcL3.debug.temp.o
                                       0x151b (size before relaxing)
 .debug_str     0x0000000000002dc3      0x437 /tmp/ccABx3l5.debug.temp.o
                                       0x17d4 (size before relaxing)
 .debug_str     0x00000000000031fa      0x1a6 /tmp/ccfTX7xa.debug.temp.o
                                       0x15d3 (size before relaxing)
 .debug_str     0x00000000000033a0      0x17d /tmp/ccmf8N0C.debug.temp.o
                                       0x169a (size before relaxing)
 .debug_str     0x000000000000351d      0x12e /tmp/cccdJJRQ.debug.temp.o
                                       0x151b (size before relaxing)